Archive member included to satisfy reference by file (symbol)

C:/PROGRA~2/ARMGNU~1/142BCE~1.3RE/bin/../lib/gcc/arm-none-eabi/14.3.1/thumb/v6-m/nofp\libgcc.a(_dvmd_tls.o)
                              CMakeFiles/easycontroller_debug.dir/C_/Users/Owner/pico-sdk/src/rp2_common/pico_divider/divider_hardware.S.obj (__aeabi_idiv0)
C:/PROGRA~2/ARMGNU~1/142BCE~1.3RE/bin/../lib/gcc/arm-none-eabi/14.3.1/../../../../arm-none-eabi/lib/thumb/v6-m/nofp\libg.a(libc_a-atoi.o)
                              CMakeFiles/easycontroller_debug.dir/easycontroller_debug.c.obj (atoi)
C:/PROGRA~2/ARMGNU~1/142BCE~1.3RE/bin/../lib/gcc/arm-none-eabi/14.3.1/../../../../arm-none-eabi/lib/thumb/v6-m/nofp\libg.a(libc_a-calloc.o)
                              CMakeFiles/easycontroller_debug.dir/C_/Users/Owner/pico-sdk/src/rp2_common/pico_malloc/malloc.c.obj (calloc)
C:/PROGRA~2/ARMGNU~1/142BCE~1.3RE/bin/../lib/gcc/arm-none-eabi/14.3.1/../../../../arm-none-eabi/lib/thumb/v6-m/nofp\libg.a(libc_a-callocr.o)
                              C:/PROGRA~2/ARMGNU~1/142BCE~1.3RE/bin/../lib/gcc/arm-none-eabi/14.3.1/../../../../arm-none-eabi/lib/thumb/v6-m/nofp\libg.a(libc_a-calloc.o) (_calloc_r)
C:/PROGRA~2/ARMGNU~1/142BCE~1.3RE/bin/../lib/gcc/arm-none-eabi/14.3.1/../../../../arm-none-eabi/lib/thumb/v6-m/nofp\libg.a(libc_a-malloc.o)
                              CMakeFiles/easycontroller_debug.dir/C_/Users/Owner/pico-sdk/src/rp2_common/pico_malloc/malloc.c.obj (malloc)
C:/PROGRA~2/ARMGNU~1/142BCE~1.3RE/bin/../lib/gcc/arm-none-eabi/14.3.1/../../../../arm-none-eabi/lib/thumb/v6-m/nofp\libg.a(libc_a-mallocr.o)
                              C:/PROGRA~2/ARMGNU~1/142BCE~1.3RE/bin/../lib/gcc/arm-none-eabi/14.3.1/../../../../arm-none-eabi/lib/thumb/v6-m/nofp\libg.a(libc_a-callocr.o) (_malloc_r)
C:/PROGRA~2/ARMGNU~1/142BCE~1.3RE/bin/../lib/gcc/arm-none-eabi/14.3.1/../../../../arm-none-eabi/lib/thumb/v6-m/nofp\libg.a(libc_a-mlock.o)
                              C:/PROGRA~2/ARMGNU~1/142BCE~1.3RE/bin/../lib/gcc/arm-none-eabi/14.3.1/../../../../arm-none-eabi/lib/thumb/v6-m/nofp\libg.a(libc_a-mallocr.o) (__malloc_lock)
C:/PROGRA~2/ARMGNU~1/142BCE~1.3RE/bin/../lib/gcc/arm-none-eabi/14.3.1/../../../../arm-none-eabi/lib/thumb/v6-m/nofp\libg.a(libc_a-realloc.o)
                              CMakeFiles/easycontroller_debug.dir/C_/Users/Owner/pico-sdk/src/rp2_common/pico_malloc/malloc.c.obj (realloc)
C:/PROGRA~2/ARMGNU~1/142BCE~1.3RE/bin/../lib/gcc/arm-none-eabi/14.3.1/../../../../arm-none-eabi/lib/thumb/v6-m/nofp\libg.a(libc_a-reallocr.o)
                              C:/PROGRA~2/ARMGNU~1/142BCE~1.3RE/bin/../lib/gcc/arm-none-eabi/14.3.1/../../../../arm-none-eabi/lib/thumb/v6-m/nofp\libg.a(libc_a-realloc.o) (_realloc_r)
C:/PROGRA~2/ARMGNU~1/142BCE~1.3RE/bin/../lib/gcc/arm-none-eabi/14.3.1/../../../../arm-none-eabi/lib/thumb/v6-m/nofp\libg.a(libc_a-strtol.o)
                              C:/PROGRA~2/ARMGNU~1/142BCE~1.3RE/bin/../lib/gcc/arm-none-eabi/14.3.1/../../../../arm-none-eabi/lib/thumb/v6-m/nofp\libg.a(libc_a-atoi.o) (_strtol_r)
C:/PROGRA~2/ARMGNU~1/142BCE~1.3RE/bin/../lib/gcc/arm-none-eabi/14.3.1/../../../../arm-none-eabi/lib/thumb/v6-m/nofp\libg.a(libc_a-ctype_.o)
                              CMakeFiles/easycontroller_debug.dir/C_/Users/Owner/pico-sdk/lib/tinyusb/src/tusb.c.obj (_ctype_)
C:/PROGRA~2/ARMGNU~1/142BCE~1.3RE/bin/../lib/gcc/arm-none-eabi/14.3.1/../../../../arm-none-eabi/lib/thumb/v6-m/nofp\libg.a(libc_a-memcmp.o)
                              CMakeFiles/easycontroller_debug.dir/C_/Users/Owner/pico-sdk/src/rp2_common/pico_atomic/atomic.c.obj (memcmp)
C:/PROGRA~2/ARMGNU~1/142BCE~1.3RE/bin/../lib/gcc/arm-none-eabi/14.3.1/../../../../arm-none-eabi/lib/thumb/v6-m/nofp\libg.a(libc_a-memmove.o)
                              C:/PROGRA~2/ARMGNU~1/142BCE~1.3RE/bin/../lib/gcc/arm-none-eabi/14.3.1/../../../../arm-none-eabi/lib/thumb/v6-m/nofp\libg.a(libc_a-reallocr.o) (memmove)
C:/PROGRA~2/ARMGNU~1/142BCE~1.3RE/bin/../lib/gcc/arm-none-eabi/14.3.1/../../../../arm-none-eabi/lib/thumb/v6-m/nofp\libg.a(libc_a-lcltime_r.o)
                              CMakeFiles/easycontroller_debug.dir/C_/Users/Owner/pico-sdk/src/common/pico_util/datetime.c.obj (localtime_r)
C:/PROGRA~2/ARMGNU~1/142BCE~1.3RE/bin/../lib/gcc/arm-none-eabi/14.3.1/../../../../arm-none-eabi/lib/thumb/v6-m/nofp\libg.a(libc_a-mktime.o)
                              CMakeFiles/easycontroller_debug.dir/C_/Users/Owner/pico-sdk/src/common/pico_util/datetime.c.obj (mktime)
C:/PROGRA~2/ARMGNU~1/142BCE~1.3RE/bin/../lib/gcc/arm-none-eabi/14.3.1/../../../../arm-none-eabi/lib/thumb/v6-m/nofp\libg.a(libc_a-month_lengths.o)
                              C:/PROGRA~2/ARMGNU~1/142BCE~1.3RE/bin/../lib/gcc/arm-none-eabi/14.3.1/../../../../arm-none-eabi/lib/thumb/v6-m/nofp\libg.a(libc_a-lcltime_r.o) (__month_lengths)
C:/PROGRA~2/ARMGNU~1/142BCE~1.3RE/bin/../lib/gcc/arm-none-eabi/14.3.1/../../../../arm-none-eabi/lib/thumb/v6-m/nofp\libg.a(libc_a-tzcalc_limits.o)
[...]
Memory Configuration

Name             Origin             Length             Attributes
FLASH            0x10000000         0x00200000         xr
RAM              0x20000000         0x00040000         xrw
SCRATCH_X        0x20040000         0x00001000         xrw
SCRATCH_Y        0x20041000         0x00001000         xrw
*default*        0x00000000         0xffffffff

Linker script and memory map

LOAD C:/PROGRA~2/ARMGNU~1/142BCE~1.3RE/bin/../lib/gcc/arm-none-eabi/14.3.1/thumb/v6-m/nofp/crti.o
LOAD C:/PROGRA~2/ARMGNU~1/142BCE~1.3RE/bin/../lib/gcc/arm-none-eabi/14.3.1/thumb/v6-m/nofp/crtbegin.o
LOAD C:/PROGRA~2/ARMGNU~1/142BCE~1.3RE/bin/../lib/gcc/arm-none-eabi/14.3.1/../../../../arm-none-eabi/lib/thumb/v6-m/nofp/crt0.o

.flash_begin    0x10000000        0x0
                0x10000000                        __flash_binary_start = .

.boot2          0x10000000      0x100
                0x10000000                        __boot2_start__ = .
 *(.boot2)
 .boot2         0x10000000      0x100 pico-sdk/src/rp2040/boot_stage2/CMakeFiles/bs2_default_library.dir/./bs2_default_padded_checksummed.S.obj
                0x10000100                        __boot2_end__ = .
                0x00000001                        ASSERT (((__boot2_end__ - __boot2_start__) == 0x100), ERROR: Pico second stage bootloader must be 256 bytes in size)

.text           0x10000100     0x7b24
                0x10000100                        __logical_binary_start = .
 *(.vectors)
 .vectors       0x10000100       0xd4 CMakeFiles/easycontroller_debug.dir/C_/Users/Owner/pico-sdk/src/rp2_common/pico_crt0/crt0.S.obj
                0x10000100                __VECTOR_TABLE
                0x10000100                __vectors
                0x100001c0                isr_irq13
                0x100001c0                isr_irq27
                0x100001c0                isr_irq31
                0x100001c0                isr_irq12
                0x100001c0                isr_irq5
                0x100001c0                isr_irq11
                0x100001c0                isr_irq3
                0x100001c0                isr_irq23
                0x100001c0                __unhandled_user_irq
                0x100001c0                isr_irq26
                0x100001c0                isr_irq28
                0x100001c0                isr_irq19
                0x100001c0                isr_irq0
                0x100001c0                isr_irq6
                0x100001c0                isr_irq29
                0x100001c0                isr_irq16
                0x100001c0                isr_irq22
                0x100001c0                isr_irq18
                0x100001c0                isr_irq17
                0x100001c0                isr_irq14
                0x100001c0                __vectors_end
                0x100001c0                __default_isrs_start
                0x100001c0                isr_irq2
                0x100001c0                isr_irq10
                0x100001c0                isr_irq8
                0x100001c0                isr_irq24
                0x100001c0                isr_irq1
                0x100001c0                isr_irq7
                0x100001c0                isr_irq21
                0x100001c0                isr_irq20
                0x100001c0                isr_irq15
                0x100001c0                isr_irq25
                0x100001c0                isr_irq4
                0x100001c0                isr_irq30
                0x100001c0                isr_irq9
                0x100001c6                unhandled_user_irq_num_in_r0
                0x100001c8                isr_invalid
                0x100001ca                isr_nmi
                0x100001cc                isr_hardfault
                0x100001ce                isr_svcall
                0x100001d0                isr_pendsv
                0x100001d2                isr_systick
                0x100001d4                __default_isrs_end
 *(.binary_info_header)
 .binary_info_header
                0x100001d4       0x14 CMakeFiles/easycontroller_debug.dir/C_/Users/Owner/pico-sdk/src/rp2_common/pico_crt0/crt0.S.obj
                0x100001e8                        __binary_info_header_end = .
 *(.embedded_block)
                0x100001e8                        __embedded_block_end = .
 *(.reset)
 .reset         0x100001e8       0x9c CMakeFiles/easycontroller_debug.dir/C_/Users/Owner/pico-sdk/src/rp2_common/pico_crt0/crt0.S.obj
                0x100001e8                _entry_point
 *(.init)
 .init          0x10000284        0x4 C:/PROGRA~2/ARMGNU~1/142BCE~1.3RE/bin/../lib/gcc/arm-none-eabi/14.3.1/thumb/v6-m/nofp/crti.o
                0x10000284                _init
 *(EXCLUDE_FILE(*libm.a: *libc.a:*lib_a-mem*.o *libgcc.a:) .text*)
 .text.register_tm_clones
                0x10000288       0x28 C:/PROGRA~2/ARMGNU~1/142BCE~1.3RE/bin/../lib/gcc/arm-none-eabi/14.3.1/thumb/v6-m/nofp/crtbegin.o
 .text.frame_dummy
                0x100002b0       0x24 C:/PROGRA~2/ARMGNU~1/142BCE~1.3RE/bin/../lib/gcc/arm-none-eabi/14.3.1/thumb/v6-m/nofp/crtbegin.o
 .text.uart_putc
                0x100002d4       0x60 CMakeFiles/easycontroller_debug.dir/easycontroller_debug.c.obj
 .text.uart_puts
                0x10000334       0x4a CMakeFiles/easycontroller_debug.dir/easycontroller_debug.c.obj
 *fill*         0x1000037e        0x2 
 .text.pwm_get_default_config
                0x10000380       0x18 CMakeFiles/easycontroller_debug.dir/easycontroller_debug.c.obj
 .text.on_pwm_wrap
                0x10000398       0x4c CMakeFiles/easycontroller_debug.dir/easycontroller_debug.c.obj
                0x10000398                on_pwm_wrap
 .text.adc_gpio_init
                0x100003e4       0x1e CMakeFiles/easycontroller_debug.dir/easycontroller_debug.c.obj
 *fill*         0x10000402        0x2 
 .text.writePhases
                0x10000404       0x34 CMakeFiles/easycontroller_debug.dir/easycontroller_debug.c.obj
                0x10000404                writePhases
 .text.writePWM
                0x10000438       0xbc CMakeFiles/easycontroller_debug.dir/easycontroller_debug.c.obj
                0x10000438                writePWM
 .text.init_hardware
                0x100004f4      0x1fc CMakeFiles/easycontroller_debug.dir/easycontroller_debug.c.obj
                0x100004f4                init_hardware
 .text.get_halls
                0x100006f0       0x60 CMakeFiles/easycontroller_debug.dir/easycontroller_debug.c.obj
                0x100006f0                get_halls
 .text.on_adc_fifo
                0x10000750      0x368 CMakeFiles/easycontroller_debug.dir/easycontroller_debug.c.obj
                0x10000750                on_adc_fifo
 .text.check_serial_input_for_Phase_Current
                0x10000ab8       0x64 CMakeFiles/easycontroller_debug.dir/easycontroller_debug.c.obj
                0x10000ab8                check_serial_input_for_Phase_Current
 .text.main     0x10000b1c      0x244 CMakeFiles/easycontroller_debug.dir/easycontroller_debug.c.obj
                0x10000b1c                main
 .text.gpio_set_function
                0x10000d60       0x34 CMakeFiles/easycontroller_debug.dir/C_/Users/Owner/pico-sdk/src/rp2_common/hardware_gpio/gpio.c.obj
                0x10000d60                gpio_set_function
 .text.gpio_set_pulls
                0x10000d94       0x38 CMakeFiles/easycontroller_debug.dir/C_/Users/Owner/pico-sdk/src/rp2_common/hardware_gpio/gpio.c.obj
                0x10000d94                gpio_set_pulls
 .text.gpio_set_input_enabled
                0x10000dcc       0x28 CMakeFiles/easycontroller_debug.dir/C_/Users/Owner/pico-sdk/src/rp2_common/hardware_gpio/gpio.c.obj
                0x10000dcc                gpio_set_input_enabled
 .text.gpio_init
                0x10000df4       0x16 CMakeFiles/easycontroller_debug.dir/C_/Users/Owner/pico-sdk/src/rp2_common/hardware_gpio/gpio.c.obj
                0x10000df4                gpio_init
 *fill*         0x10000e0a        0x2 
 .text.rp2040_chip_version
                0x10000e0c       0x54 CMakeFiles/easycontroller_debug.dir/C_/Users/Owner/pico-sdk/src/rp2040/pico_platform/platform.c.obj
                0x10000e0c                rp2040_chip_version
 .text.panic    0x10000e60       0x30 CMakeFiles/easycontroller_debug.dir/C_/Users/Owner/pico-sdk/src/rp2_common/pico_platform_panic/panic.c.obj
                0x10000e60                panic
 .text.hw_claim_lock
                0x10000e90       0x18 CMakeFiles/easycontroller_debug.dir/C_/Users/Owner/pico-sdk/src/common/hardware_claim/claim.c.obj
                0x10000e90                hw_claim_lock
 .text.hw_claim_unlock
                0x10000ea8       0x14 CMakeFiles/easycontroller_debug.dir/C_/Users/Owner/pico-sdk/src/common/hardware_claim/claim.c.obj
                0x10000ea8                hw_claim_unlock
 .text.hw_claim_or_assert
                0x10000ebc       0x32 CMakeFiles/easycontroller_debug.dir/C_/Users/Owner/pico-sdk/src/common/hardware_claim/claim.c.obj
                0x10000ebc                hw_claim_or_assert
 .text.hw_claim_unused_from_range
                0x10000eee       0x50 CMakeFiles/easycontroller_debug.dir/C_/Users/Owner/pico-sdk/src/common/hardware_claim/claim.c.obj
                0x10000eee                hw_claim_unused_from_range
 *fill*         0x10000f3e        0x2 
 .text.next_striped_spin_lock_num
                0x10000f40       0x1c CMakeFiles/easycontroller_debug.dir/C_/Users/Owner/pico-sdk/src/rp2_common/hardware_sync/sync.c.obj
                0x10000f40                next_striped_spin_lock_num
 .text.spin_lock_claim_unused
                0x10000f5c       0x24 CMakeFiles/easycontroller_debug.dir/C_/Users/Owner/pico-sdk/src/rp2_common/hardware_sync/sync.c.obj
                0x10000f5c                spin_lock_claim_unused
 .text.spin_locks_reset
                0x10000f80       0x20 CMakeFiles/easycontroller_debug.dir/C_/Users/Owner/pico-sdk/src/rp2_common/hardware_sync_spin_lock/sync_spin_lock.c.obj
                0x10000f80                spin_locks_reset
 .text.set_raw_irq_handler_and_unlock
                0x10000fa0       0x28 CMakeFiles/easycontroller_debug.dir/C_/Users/Owner/pico-sdk/src/rp2_common/hardware_irq/irq.c.obj
 .text.nvic_ipr0
                0x10000fc8        0x8 CMakeFiles/easycontroller_debug.dir/C_/Users/Owner/pico-sdk/src/rp2_common/hardware_irq/irq.c.obj
 .text.runtime_init_per_core_irq_priorities
                0x10000fd0       0x1c CMakeFiles/easycontroller_debug.dir/C_/Users/Owner/pico-sdk/src/rp2_common/hardware_irq/irq.c.obj
                0x10000fd0                runtime_init_per_core_irq_priorities
 .text.resolve_j_16
                0x10000fec       0x30 CMakeFiles/easycontroller_debug.dir/C_/Users/Owner/pico-sdk/src/rp2_common/hardware_irq/irq.c.obj
 .text.make_j_16
                0x1000101c       0x48 CMakeFiles/easycontroller_debug.dir/C_/Users/Owner/pico-sdk/src/rp2_common/hardware_irq/irq.c.obj
 .text.irq_is_enabled
                0x10001064       0x18 CMakeFiles/easycontroller_debug.dir/C_/Users/Owner/pico-sdk/src/rp2_common/hardware_irq/irq.c.obj
                0x10001064                irq_is_enabled
 .text.irq_set_mask_n_enabled
                0x1000107c       0x1c CMakeFiles/easycontroller_debug.dir/C_/Users/Owner/pico-sdk/src/rp2_common/hardware_irq/irq.c.obj
                0x1000107c                irq_set_mask_n_enabled
 .text.irq_set_enabled
                0x10001098       0x14 CMakeFiles/easycontroller_debug.dir/C_/Users/Owner/pico-sdk/src/rp2_common/hardware_irq/irq.c.obj
                0x10001098                irq_set_enabled
 .text.irq_set_pending
                0x100010ac       0x10 CMakeFiles/easycontroller_debug.dir/C_/Users/Owner/pico-sdk/src/rp2_common/hardware_irq/irq.c.obj
                0x100010ac                irq_set_pending
 .text.irq_get_vtable_handler
                0x100010bc       0x10 CMakeFiles/easycontroller_debug.dir/C_/Users/Owner/pico-sdk/src/rp2_common/hardware_irq/irq.c.obj
                0x100010bc                irq_get_vtable_handler
 .text.irq_has_shared_handler
                0x100010cc       0x1c CMakeFiles/easycontroller_debug.dir/C_/Users/Owner/pico-sdk/src/rp2_common/hardware_irq/irq.c.obj
                0x100010cc                irq_has_shared_handler
 .text.irq_set_exclusive_handler
                0x100010e8       0x54 CMakeFiles/easycontroller_debug.dir/C_/Users/Owner/pico-sdk/src/rp2_common/hardware_irq/irq.c.obj
                0x100010e8                irq_set_exclusive_handler
 .text.irq_add_shared_handler
                0x1000113c      0x218 CMakeFiles/easycontroller_debug.dir/C_/Users/Owner/pico-sdk/src/rp2_common/hardware_irq/irq.c.obj
                0x1000113c                irq_add_shared_handler
 .text.irq_set_priority
                0x10001354       0x26 CMakeFiles/easycontroller_debug.dir/C_/Users/Owner/pico-sdk/src/rp2_common/hardware_irq/irq.c.obj
                0x10001354                irq_set_priority
 *fill*         0x1000137a        0x2 
 .text.irq_add_tail_to_free_list
                0x1000137c       0xf4 CMakeFiles/easycontroller_debug.dir/C_/Users/Owner/pico-sdk/src/rp2_common/hardware_irq/irq.c.obj
                0x1000137c                irq_add_tail_to_free_list
 .text.user_irq_claim_unused
                0x10001470       0x2c CMakeFiles/easycontroller_debug.dir/C_/Users/Owner/pico-sdk/src/rp2_common/hardware_irq/irq.c.obj
                0x10001470                user_irq_claim_unused
 .text.lock_init
                0x1000149c       0x10 CMakeFiles/easycontroller_debug.dir/C_/Users/Owner/pico-sdk/src/common/pico_sync/lock_core.c.obj
                0x1000149c                lock_init
 .text.mutex_init
                0x100014ac       0x1a CMakeFiles/easycontroller_debug.dir/C_/Users/Owner/pico-sdk/src/common/pico_sync/mutex.c.obj
                0x100014ac                mutex_init
 .text.recursive_mutex_init
                0x100014c6       0x1e CMakeFiles/easycontroller_debug.dir/C_/Users/Owner/pico-sdk/src/common/pico_sync/mutex.c.obj
                0x100014c6                recursive_mutex_init
 .text.runtime_init_mutex
                0x100014e4       0x4c CMakeFiles/easycontroller_debug.dir/C_/Users/Owner/pico-sdk/src/common/pico_sync/mutex.c.obj
                0x100014e4                runtime_init_mutex
 .text.critical_section_init_with_lock_num
                0x10001530       0x14 CMakeFiles/easycontroller_debug.dir/C_/Users/Owner/pico-sdk/src/common/pico_sync/critical_section.c.obj
                0x10001530                critical_section_init_with_lock_num
 .text.critical_section_init
                0x10001544       0x14 CMakeFiles/easycontroller_debug.dir/C_/Users/Owner/pico-sdk/src/common/pico_sync/critical_section.c.obj
                0x10001544                critical_section_init
 .text.ta_set_timeout
                0x10001558       0x24 CMakeFiles/easycontroller_debug.dir/C_/Users/Owner/pico-sdk/src/common/pico_time/time.c.obj
 .text.make_alarm_id
                0x1000157c        0x6 CMakeFiles/easycontroller_debug.dir/C_/Users/Owner/pico-sdk/src/common/pico_time/time.c.obj
 *fill*         0x10001582        0x2 
 .text.sleep_until_callback
                0x10001584       0x30 CMakeFiles/easycontroller_debug.dir/C_/Users/Owner/pico-sdk/src/common/pico_time/time.c.obj
 .text.alarm_pool_irq_handler
                0x100015b4      0x2f0 CMakeFiles/easycontroller_debug.dir/C_/Users/Owner/pico-sdk/src/common/pico_time/time.c.obj
 .text.ta_enable_irq_handler
                0x100018a4       0x2c CMakeFiles/easycontroller_debug.dir/C_/Users/Owner/pico-sdk/src/common/pico_time/time.c.obj
 .text.alarm_pool_post_alloc_init
                0x100018d0       0x78 CMakeFiles/easycontroller_debug.dir/C_/Users/Owner/pico-sdk/src/common/pico_time/time.c.obj
 .text.alarm_pool_get_default
                0x10001948       0x2c CMakeFiles/easycontroller_debug.dir/C_/Users/Owner/pico-sdk/src/common/pico_time/time.c.obj
                0x10001948                alarm_pool_get_default
 .text.alarm_pool_add_alarm_at_force_in_context
                0x10001974       0xa4 CMakeFiles/easycontroller_debug.dir/C_/Users/Owner/pico-sdk/src/common/pico_time/time.c.obj
                0x10001974                alarm_pool_add_alarm_at_force_in_context
 .text.alarm_pool_add_alarm_at
                0x10001a18       0x3c CMakeFiles/easycontroller_debug.dir/C_/Users/Owner/pico-sdk/src/common/pico_time/time.c.obj
                0x10001a18                alarm_pool_add_alarm_at
 .text.add_alarm_at
                0x10001a54       0x2e CMakeFiles/easycontroller_debug.dir/C_/Users/Owner/pico-sdk/src/common/pico_time/time.c.obj
 *fill*         0x10001a82        0x2 
 .text.alarm_pool_cancel_alarm
                0x10001a84       0x78 CMakeFiles/easycontroller_debug.dir/C_/Users/Owner/pico-sdk/src/common/pico_time/time.c.obj
                0x10001a84                alarm_pool_cancel_alarm
 .text.cancel_alarm
                0x10001afc       0x10 CMakeFiles/easycontroller_debug.dir/C_/Users/Owner/pico-sdk/src/common/pico_time/time.c.obj
 .text.alarm_pool_core_num
                0x10001b0c        0x4 CMakeFiles/easycontroller_debug.dir/C_/Users/Owner/pico-sdk/src/common/pico_time/time.c.obj
                0x10001b0c                alarm_pool_core_num
 .text.sleep_until
                0x10001b10       0xb0 CMakeFiles/easycontroller_debug.dir/C_/Users/Owner/pico-sdk/src/common/pico_time/time.c.obj
                0x10001b10                sleep_until
 .text.sleep_us
                0x10001bc0       0x24 CMakeFiles/easycontroller_debug.dir/C_/Users/Owner/pico-sdk/src/common/pico_time/time.c.obj
                0x10001bc0                sleep_us
 .text.sleep_ms
                0x10001be4       0x14 CMakeFiles/easycontroller_debug.dir/C_/Users/Owner/pico-sdk/src/common/pico_time/time.c.obj
                0x10001be4                sleep_ms
 .text.best_effort_wfe_or_timeout
                0x10001bf8      0x11c CMakeFiles/easycontroller_debug.dir/C_/Users/Owner/pico-sdk/src/common/pico_time/time.c.obj
                0x10001bf8                best_effort_wfe_or_timeout
 .text.alarm_pool_get_default_timer
                0x10001d14        0x8 CMakeFiles/easycontroller_debug.dir/C_/Users/Owner/pico-sdk/src/common/pico_time/time.c.obj
                0x10001d14                alarm_pool_get_default_timer
 .text.runtime_init_default_alarm_pool
                0x10001d1c       0x38 CMakeFiles/easycontroller_debug.dir/C_/Users/Owner/pico-sdk/src/common/pico_time/time.c.obj
                0x10001d1c                runtime_init_default_alarm_pool
 .text.timer_hardware_alarm_claim
                0x10001d54       0x14 CMakeFiles/easycontroller_debug.dir/C_/Users/Owner/pico-sdk/src/rp2_common/hardware_timer/timer.c.obj
                0x10001d54                timer_hardware_alarm_claim
 .text.timer_time_us_64
                0x10001d68       0x10 CMakeFiles/easycontroller_debug.dir/C_/Users/Owner/pico-sdk/src/rp2_common/hardware_timer/timer.c.obj
                0x10001d68                timer_time_us_64
 .text.timer_busy_wait_until
                0x10001d78       0x1a CMakeFiles/easycontroller_debug.dir/C_/Users/Owner/pico-sdk/src/rp2_common/hardware_timer/timer.c.obj
                0x10001d78                timer_busy_wait_until
 .text.timer_busy_wait_us
                0x10001d92       0x38 CMakeFiles/easycontroller_debug.dir/C_/Users/Owner/pico-sdk/src/rp2_common/hardware_timer/timer.c.obj
                0x10001d92                timer_busy_wait_us
 *fill*         0x10001dca        0x2 
 .text.time_us_64
                0x10001dcc       0x10 CMakeFiles/easycontroller_debug.dir/C_/Users/Owner/pico-sdk/src/rp2_common/hardware_timer/timer.c.obj
                0x10001dcc                time_us_64
 .text.busy_wait_us
                0x10001ddc       0x14 CMakeFiles/easycontroller_debug.dir/C_/Users/Owner/pico-sdk/src/rp2_common/hardware_timer/timer.c.obj
                0x10001ddc                busy_wait_us
 .text.busy_wait_until
                0x10001df0       0x14 CMakeFiles/easycontroller_debug.dir/C_/Users/Owner/pico-sdk/src/rp2_common/hardware_timer/timer.c.obj
                0x10001df0                busy_wait_until
 .text.uart_unreset
                0x10001e04       0x2c CMakeFiles/easycontroller_debug.dir/C_/Users/Owner/pico-sdk/src/rp2_common/hardware_uart/uart.c.obj
 .text.uart_disable_before_lcr_write
                0x10001e30       0x48 CMakeFiles/easycontroller_debug.dir/C_/Users/Owner/pico-sdk/src/rp2_common/hardware_uart/uart.c.obj
 .text.uart_write_lcr_bits_masked
                0x10001e78       0x20 CMakeFiles/easycontroller_debug.dir/C_/Users/Owner/pico-sdk/src/rp2_common/hardware_uart/uart.c.obj
 .text.uart_set_baudrate
                0x10001e98       0x5c CMakeFiles/easycontroller_debug.dir/C_/Users/Owner/pico-sdk/src/rp2_common/hardware_uart/uart.c.obj
                0x10001e98                uart_set_baudrate
 .text.uart_set_translate_crlf
                0x10001ef4       0x28 CMakeFiles/easycontroller_debug.dir/C_/Users/Owner/pico-sdk/src/rp2_common/hardware_uart/uart.c.obj
                0x10001ef4                uart_set_translate_crlf
 .text.uart_init
                0x10001f1c       0x64 CMakeFiles/easycontroller_debug.dir/C_/Users/Owner/pico-sdk/src/rp2_common/hardware_uart/uart.c.obj
                0x10001f1c                uart_init
 .text.clock_configure_internal
                0x10001f80       0xc4 CMakeFiles/easycontroller_debug.dir/C_/Users/Owner/pico-sdk/src/rp2_common/hardware_clocks/clocks.c.obj
 .text.clock_configure_int_divider
                0x10002044       0x28 CMakeFiles/easycontroller_debug.dir/C_/Users/Owner/pico-sdk/src/rp2_common/hardware_clocks/clocks.c.obj
                0x10002044                clock_configure_int_divider
 .text.clock_configure_undivided
                0x1000206c       0x12 CMakeFiles/easycontroller_debug.dir/C_/Users/Owner/pico-sdk/src/rp2_common/hardware_clocks/clocks.c.obj
                0x1000206c                clock_configure_undivided
 *fill*         0x1000207e        0x2 
 .text.clock_get_hz
                0x10002080        0xc CMakeFiles/easycontroller_debug.dir/C_/Users/Owner/pico-sdk/src/rp2_common/hardware_clocks/clocks.c.obj
                0x10002080                clock_get_hz
 .text.pll_init
                0x1000208c      0x124 CMakeFiles/easycontroller_debug.dir/C_/Users/Owner/pico-sdk/src/rp2_common/hardware_pll/pll.c.obj
                0x1000208c                pll_init
 .text.watchdog_update
                0x100021b0       0x14 CMakeFiles/easycontroller_debug.dir/C_/Users/Owner/pico-sdk/src/rp2_common/hardware_watchdog/watchdog.c.obj
                0x100021b0                watchdog_update
 .text._watchdog_enable
                0x100021c4       0x78 CMakeFiles/easycontroller_debug.dir/C_/Users/Owner/pico-sdk/src/rp2_common/hardware_watchdog/watchdog.c.obj
                0x100021c4                _watchdog_enable
 .text.watchdog_reboot
                0x1000223c       0x48 CMakeFiles/easycontroller_debug.dir/C_/Users/Owner/pico-sdk/src/rp2_common/hardware_watchdog/watchdog.c.obj
                0x1000223c                watchdog_reboot
 .text.tick_start
                0x10002284       0x10 CMakeFiles/easycontroller_debug.dir/C_/Users/Owner/pico-sdk/src/rp2_common/hardware_ticks/ticks.c.obj
                0x10002284                tick_start
 .text.rom_func_lookup
                0x10002294       0x10 CMakeFiles/easycontroller_debug.dir/C_/Users/Owner/pico-sdk/src/rp2_common/pico_bootrom/bootrom.c.obj
                0x10002294                rom_func_lookup
 .text.rom_data_lookup
                0x100022a4       0x10 CMakeFiles/easycontroller_debug.dir/C_/Users/Owner/pico-sdk/src/rp2_common/pico_bootrom/bootrom.c.obj
                0x100022a4                rom_data_lookup
 .text.rom_funcs_lookup
                0x100022b4       0x36 CMakeFiles/easycontroller_debug.dir/C_/Users/Owner/pico-sdk/src/rp2_common/pico_bootrom/bootrom.c.obj
                0x100022b4                rom_funcs_lookup
 *fill*         0x100022ea        0x2 
 .text.rom_reset_usb_boot_extra
                0x100022ec       0x24 CMakeFiles/easycontroller_debug.dir/C_/Users/Owner/pico-sdk/src/rp2_common/pico_bootrom/bootrom.c.obj
                0x100022ec                rom_reset_usb_boot_extra
 .text.xosc_init
                0x10002310       0x2c CMakeFiles/easycontroller_debug.dir/C_/Users/Owner/pico-sdk/src/rp2_common/hardware_xosc/xosc.c.obj
                0x10002310                xosc_init
 .text.runtime_run_initializers_from
                0x1000233c       0x18 CMakeFiles/easycontroller_debug.dir/C_/Users/Owner/pico-sdk/src/rp2_common/pico_runtime/runtime.c.obj
 .text.first_per_core_initializer
                0x10002354        0x2 CMakeFiles/easycontroller_debug.dir/C_/Users/Owner/pico-sdk/src/rp2_common/pico_runtime/runtime.c.obj
 *fill*         0x10002356        0x2 
 .text.runtime_run_initializers
                0x10002358       0x10 CMakeFiles/easycontroller_debug.dir/C_/Users/Owner/pico-sdk/src/rp2_common/pico_runtime/runtime.c.obj
                0x10002358                runtime_run_initializers
 .text.runtime_init_early_resets
                0x10002368       0x2c CMakeFiles/easycontroller_debug.dir/C_/Users/Owner/pico-sdk/src/rp2_common/pico_runtime_init/runtime_init.c.obj
                0x10002368                runtime_init_early_resets
 .text.runtime_init_usb_power_down
                0x10002394       0x1c CMakeFiles/easycontroller_debug.dir/C_/Users/Owner/pico-sdk/src/rp2_common/pico_runtime_init/runtime_init.c.obj
                0x10002394                runtime_init_usb_power_down
 .text.runtime_init_post_clock_resets
                0x100023b0       0x20 CMakeFiles/easycontroller_debug.dir/C_/Users/Owner/pico-sdk/src/rp2_common/pico_runtime_init/runtime_init.c.obj
                0x100023b0                runtime_init_post_clock_resets
 .text.runtime_init_rp2040_gpio_ie_disable
                0x100023d0       0x14 CMakeFiles/easycontroller_debug.dir/C_/Users/Owner/pico-sdk/src/rp2_common/pico_runtime_init/runtime_init.c.obj
                0x100023d0                runtime_init_rp2040_gpio_ie_disable
 .text.runtime_init_spin_locks_reset
                0x100023e4        0x8 CMakeFiles/easycontroller_debug.dir/C_/Users/Owner/pico-sdk/src/rp2_common/pico_runtime_init/runtime_init.c.obj
                0x100023e4                runtime_init_spin_locks_reset
 .text.runtime_init_install_ram_vector_table
                0x100023ec       0x48 CMakeFiles/easycontroller_debug.dir/C_/Users/Owner/pico-sdk/src/rp2_common/pico_runtime_init/runtime_init.c.obj
                0x100023ec                runtime_init_install_ram_vector_table
 .text.start_all_ticks
                0x10002434       0x28 CMakeFiles/easycontroller_debug.dir/C_/Users/Owner/pico-sdk/src/rp2_common/pico_runtime_init/runtime_init_clocks.c.obj
 .text.runtime_init_clocks
                0x1000245c       0xcc CMakeFiles/easycontroller_debug.dir/C_/Users/Owner/pico-sdk/src/rp2_common/pico_runtime_init/runtime_init_clocks.c.obj
                0x1000245c                runtime_init_clocks
 .text          0x10002528       0x10 CMakeFiles/easycontroller_debug.dir/C_/Users/Owner/pico-sdk/src/rp2_common/pico_bit_ops/bit_ops_aeabi.S.obj
 .text.__wrap___aeabi_idiv
                0x10002538       0x50 CMakeFiles/easycontroller_debug.dir/C_/Users/Owner/pico-sdk/src/rp2_common/pico_divider/divider_hardware.S.obj
                0x10002538                __wrap___aeabi_idivmod
                0x10002538                divmod_s32s32
                0x10002538                div_s32s32
                0x10002538                __wrap___aeabi_idiv
                0x10002540                divmod_s32s32_unsafe
                0x1000256c                divmod_s32s32_savestate
 .text.__wrap___aeabi_uidiv
                0x10002588       0x4c CMakeFiles/easycontroller_debug.dir/C_/Users/Owner/pico-sdk/src/rp2_common/pico_divider/divider_hardware.S.obj
                0x10002588                __wrap___aeabi_uidiv
                0x10002588                __wrap___aeabi_uidivmod
                0x10002588                div_u32u32
                0x10002588                divmod_u32u32
                0x10002590                divmod_u32u32_unsafe
                0x100025b8                divmod_u32u32_savestate
 .text.__wrap___aeabi_ldiv
                0x100025d4      0x424 CMakeFiles/easycontroller_debug.dir/C_/Users/Owner/pico-sdk/src/rp2_common/pico_divider/divider_hardware.S.obj
                0x100025d4                div_s64s64
                0x100025d4                divmod_s64s64
                0x100025d4                __wrap___aeabi_ldivmod
                0x10002604                divmod_u64u64
                0x10002604                div_u64u64
                0x10002604                __wrap___aeabi_uldivmod
                0x10002614                divmod_u64u64_savestate
                0x10002634                divmod_s64s64_unsafe
                0x100026bc                divmod_u64u64_unsafe
 .text.__wrap___aeabi_darithmetic
                0x100029f8       0x80 CMakeFiles/easycontroller_debug.dir/C_/Users/Owner/pico-sdk/src/rp2_common/pico_double/double_aeabi_rp2040.S.obj
                0x100029f8                __wrap___aeabi_drsub
                0x100029fe                __wrap___aeabi_dsub
                0x10002a10                __wrap___aeabi_dadd
                0x10002a22                __wrap___aeabi_ddiv
                0x10002a5e                __wrap___aeabi_dmul
 .text.__wrap___aeabi_cdcmple
                0x10002a78       0x6c CMakeFiles/easycontroller_debug.dir/C_/Users/Owner/pico-sdk/src/rp2_common/pico_double/double_aeabi_rp2040.S.obj
                0x10002a78                __wrap___aeabi_cdrcmple
                0x10002a88                __wrap___aeabi_cdcmpeq
                0x10002a88                __wrap___aeabi_cdcmple
 .text.__wrap___aeabi_dcmplt
                0x10002ae4        0xc CMakeFiles/easycontroller_debug.dir/C_/Users/Owner/pico-sdk/src/rp2_common/pico_double/double_aeabi_rp2040.S.obj
                0x10002ae4                __wrap___aeabi_dcmplt
 .text.__wrap___aeabi_dcmple
                0x10002af0       0x10 CMakeFiles/easycontroller_debug.dir/C_/Users/Owner/pico-sdk/src/rp2_common/pico_double/double_aeabi_rp2040.S.obj
                0x10002af0                __wrap___aeabi_dcmple
 .text.__wrap___aeabi_dcmpge
                0x10002b00       0x10 CMakeFiles/easycontroller_debug.dir/C_/Users/Owner/pico-sdk/src/rp2_common/pico_double/double_aeabi_rp2040.S.obj
                0x10002b00                __wrap___aeabi_dcmpge
 .text.__wrap___aeabi_dcmpgt
                0x10002b10        0xa CMakeFiles/easycontroller_debug.dir/C_/Users/Owner/pico-sdk/src/rp2_common/pico_double/double_aeabi_rp2040.S.obj
                0x10002b10                __wrap___aeabi_dcmpgt
 .text.__wrap___aeabi_dcmpun
                0x10002b1a       0x18 CMakeFiles/easycontroller_debug.dir/C_/Users/Owner/pico-sdk/src/rp2_common/pico_double/double_aeabi_rp2040.S.obj
                0x10002b1a                __wrap___aeabi_dcmpun
 *fill*         0x10002b32        0x2 
 .text.__wrap___aeabi_i2d
                0x10002b34       0x38 CMakeFiles/easycontroller_debug.dir/C_/Users/Owner/pico-sdk/src/rp2_common/pico_double/double_aeabi_rp2040.S.obj
                0x10002b34                uint2double
                0x10002b34                __wrap___aeabi_ui2d
                0x10002b3c                int2double
                0x10002b3c                __wrap___aeabi_i2d
 .text.__wrap___aeabi_d2iz
                0x10002b6c       0x48 CMakeFiles/easycontroller_debug.dir/C_/Users/Owner/pico-sdk/src/rp2_common/pico_double/double_aeabi_rp2040.S.obj
                0x10002b6c                double2int_z
                0x10002b6c                __wrap___aeabi_d2iz
 .text.__wrap___aeabi_d2uiz
                0x10002bb4       0x18 CMakeFiles/easycontroller_debug.dir/C_/Users/Owner/pico-sdk/src/rp2_common/pico_double/double_aeabi_rp2040.S.obj
                0x10002bb4                double2uint
                0x10002bb4                __wrap___aeabi_d2uiz
                0x10002bb4                double2uint_z
 .text.__aeabi_double_init
                0x10002bcc       0xcc CMakeFiles/easycontroller_debug.dir/C_/Users/Owner/pico-sdk/src/rp2_common/pico_double/double_init_rom_rp2040.c.obj
                0x10002bcc                __aeabi_double_init
 .text.double_table_shim_on_use_helper
                0x10002c98       0x34 CMakeFiles/easycontroller_debug.dir/C_/Users/Owner/pico-sdk/src/rp2_common/pico_double/double_v1_rom_shim_rp2040.S.obj
                0x10002c98                double_table_shim_on_use_helper
 .text.__wrap___aeabi_dsub
                0x10002ccc       0x10 CMakeFiles/easycontroller_debug.dir/C_/Users/Owner/pico-sdk/src/rp2_common/pico_double/double_v1_rom_shim_rp2040.S.obj
                0x10002ccc                drsub_shim
                0x10002cd2                dsub_shim
 .text.dadd_shim
                0x10002cdc      0x15c CMakeFiles/easycontroller_debug.dir/C_/Users/Owner/pico-sdk/src/rp2_common/pico_double/double_v1_rom_shim_rp2040.S.obj
                0x10002cdc                dadd_shim
 .text.dmul_shim
                0x10002e38      0x15c CMakeFiles/easycontroller_debug.dir/C_/Users/Owner/pico-sdk/src/rp2_common/pico_double/double_v1_rom_shim_rp2040.S.obj
                0x10002e38                dmul_shim
 .text.ddiv_shim
                0x10002f94      0x1b0 CMakeFiles/easycontroller_debug.dir/C_/Users/Owner/pico-sdk/src/rp2_common/pico_double/double_v1_rom_shim_rp2040.S.obj
                0x10002f94                ddiv_shim
 .text.double2uint_shim
                0x10003144        0xe CMakeFiles/easycontroller_debug.dir/C_/Users/Owner/pico-sdk/src/rp2_common/pico_double/double_v1_rom_shim_rp2040.S.obj
                0x10003144                double2uint_shim
                0x10003146                double2ufix_shim
 *fill*         0x10003152        0x2 
 .text.double2uint64_shim
                0x10003154       0x70 CMakeFiles/easycontroller_debug.dir/C_/Users/Owner/pico-sdk/src/rp2_common/pico_double/double_v1_rom_shim_rp2040.S.obj
                0x10003154                double2uint64_shim
                0x10003156                double2ufix64_shim
                0x10003176                d2fix_a
 .text.dunpacks
                0x100031c4       0x3c CMakeFiles/easycontroller_debug.dir/C_/Users/Owner/pico-sdk/src/rp2_common/pico_double/double_v1_rom_shim_rp2040.S.obj
                0x100031c4                dunpacks
 .text.__aeabi_lmul
                0x10003200       0x32 CMakeFiles/easycontroller_debug.dir/C_/Users/Owner/pico-sdk/src/rp2_common/pico_int64_ops/pico_int64_ops_aeabi.S.obj
                0x10003200                __wrap___aeabi_lmul
 *fill*         0x10003232        0x2 
 .text.__wrap___aeabi_farithmetic
                0x10003234       0x58 CMakeFiles/easycontroller_debug.dir/C_/Users/Owner/pico-sdk/src/rp2_common/pico_float/float_aeabi_rp2040.S.obj
                0x10003234                __wrap___aeabi_frsub
                0x1000323a                __wrap___aeabi_fsub
                0x10003244                __wrap___aeabi_fadd
                0x1000324e                __wrap___aeabi_fdiv
                0x1000327a                __wrap___aeabi_fmul
 .text.__wrap___aeabi_cfcmple
                0x1000328c       0x50 CMakeFiles/easycontroller_debug.dir/C_/Users/Owner/pico-sdk/src/rp2_common/pico_float/float_aeabi_rp2040.S.obj
                0x1000328c                __wrap___aeabi_cfrcmple
                0x10003298                __wrap___aeabi_cfcmple
                0x10003298                __wrap___aeabi_cfcmpeq
 .text.__wrap___aeabi_fcmplt
                0x100032dc        0xc CMakeFiles/easycontroller_debug.dir/C_/Users/Owner/pico-sdk/src/rp2_common/pico_float/float_aeabi_rp2040.S.obj
                0x100032dc                __wrap___aeabi_fcmplt
 .text.__wrap___aeabi_fcmpgt
                0x100032e8        0xa CMakeFiles/easycontroller_debug.dir/C_/Users/Owner/pico-sdk/src/rp2_common/pico_float/float_aeabi_rp2040.S.obj
                0x100032e8                __wrap___aeabi_fcmpgt
 .text.__wrap___aeabi_ui2f
                0x100032f2        0xa CMakeFiles/easycontroller_debug.dir/C_/Users/Owner/pico-sdk/src/rp2_common/pico_float/float_aeabi_rp2040.S.obj
                0x100032f2                __wrap___aeabi_ui2f
                0x100032f2                uint2float
 .text.__wrap___aeabi_i2f
                0x100032fc       0x44 CMakeFiles/easycontroller_debug.dir/C_/Users/Owner/pico-sdk/src/rp2_common/pico_float/float_aeabi_rp2040.S.obj
                0x100032fc                __wrap___aeabi_i2f
                0x100032fc                int2float
 .text.__wrap___aeabi_f2iz
                0x10003340       0x4e CMakeFiles/easycontroller_debug.dir/C_/Users/Owner/pico-sdk/src/rp2_common/pico_float/float_aeabi_rp2040.S.obj
                0x10003340                float2int_z
                0x10003340                __wrap___aeabi_f2iz
 *fill*         0x1000338e        0x2 
 .text.float2int
                0x10003390       0x14 CMakeFiles/easycontroller_debug.dir/C_/Users/Owner/pico-sdk/src/rp2_common/pico_float/float_aeabi_rp2040.S.obj
                0x10003390                float2int
 .text.__wrap___aeabi_f2uiz
                0x100033a4       0x10 CMakeFiles/easycontroller_debug.dir/C_/Users/Owner/pico-sdk/src/rp2_common/pico_float/float_aeabi_rp2040.S.obj
                0x100033a4                float2uint_z
                0x100033a4                __wrap___aeabi_f2uiz
                0x100033a4                float2uint
 .text.__wrap___aeabi_l2f
                0x100033b4       0x20 CMakeFiles/easycontroller_debug.dir/C_/Users/Owner/pico-sdk/src/rp2_common/pico_float/float_aeabi_rp2040.S.obj
                0x100033b8                __wrap___aeabi_l2f
                0x100033b8                int642float
 .text.__wrap___aeabi_f2d
                0x100033d4       0x14 CMakeFiles/easycontroller_debug.dir/C_/Users/Owner/pico-sdk/src/rp2_common/pico_float/float_aeabi_rp2040.S.obj
                0x100033d4                __wrap___aeabi_f2d
 .text.__aeabi_float_init
                0x100033e8       0xfc CMakeFiles/easycontroller_debug.dir/C_/Users/Owner/pico-sdk/src/rp2_common/pico_float/float_init_rom_rp2040.c.obj
                0x100033e8                __aeabi_float_init
 .text.float_table_shim_on_use_helper
                0x100034e4       0x34 CMakeFiles/easycontroller_debug.dir/C_/Users/Owner/pico-sdk/src/rp2_common/pico_float/float_v1_rom_shim_rp2040.S.obj
                0x100034e4                float_table_shim_on_use_helper
 .text.642float_shims
                0x10003518       0x44 CMakeFiles/easycontroller_debug.dir/C_/Users/Owner/pico-sdk/src/rp2_common/pico_float/float_v1_rom_shim_rp2040.S.obj
                0x10003518                uint642float_shim
                0x1000351a                ufix642float_shim
                0x1000352a                int642float_shim
                0x1000352c                fix642float_shim
 .text.float232_shims
                0x1000355c       0x18 CMakeFiles/easycontroller_debug.dir/C_/Users/Owner/pico-sdk/src/rp2_common/pico_float/float_v1_rom_shim_rp2040.S.obj
                0x1000355c                float2int_shim
                0x1000355e                float2fix_shim
 .text.float2double_shim
                0x10003574       0x30 CMakeFiles/easycontroller_debug.dir/C_/Users/Owner/pico-sdk/src/rp2_common/pico_float/float_v1_rom_shim_rp2040.S.obj
                0x10003574                float2double_shim
 .text          0x100035a4       0x10 CMakeFiles/easycontroller_debug.dir/C_/Users/Owner/pico-sdk/src/rp2_common/pico_mem_ops/mem_ops_aeabi.S.obj
                0x100035a4                __aeabi_mem_init
 .text.memset   0x100035b4        0xc CMakeFiles/easycontroller_debug.dir/C_/Users/Owner/pico-sdk/src/rp2_common/pico_mem_ops/mem_ops_aeabi.S.obj
                0x100035b4                __wrap_memset
 .text.memcpy   0x100035c0        0xc CMakeFiles/easycontroller_debug.dir/C_/Users/Owner/pico-sdk/src/rp2_common/pico_mem_ops/mem_ops_aeabi.S.obj
                0x100035c0                __wrap_memcpy
                0x100035c0                __wrap___aeabi_memcpy
 .text._out_buffer
                0x100035cc        0x8 CMakeFiles/easycontroller_debug.dir/C_/Users/Owner/pico-sdk/src/rp2_common/pico_printf/printf.c.obj
 .text._out_null
                0x100035d4        0x2 CMakeFiles/easycontroller_debug.dir/C_/Users/Owner/pico-sdk/src/rp2_common/pico_printf/printf.c.obj
 .text._out_fct
                0x100035d6        0xe CMakeFiles/easycontroller_debug.dir/C_/Users/Owner/pico-sdk/src/rp2_common/pico_printf/printf.c.obj
 .text._atoi    0x100035e4       0x24 CMakeFiles/easycontroller_debug.dir/C_/Users/Owner/pico-sdk/src/rp2_common/pico_printf/printf.c.obj
 .text._out_rev
                0x10003608       0xb0 CMakeFiles/easycontroller_debug.dir/C_/Users/Owner/pico-sdk/src/rp2_common/pico_printf/printf.c.obj
 .text._ntoa_format
                0x100036b8      0x10e CMakeFiles/easycontroller_debug.dir/C_/Users/Owner/pico-sdk/src/rp2_common/pico_printf/printf.c.obj
 .text._ntoa_long
                0x100037c6       0xbc CMakeFiles/easycontroller_debug.dir/C_/Users/Owner/pico-sdk/src/rp2_common/pico_printf/printf.c.obj
 .text._ntoa_long_long
                0x10003882      0x10e CMakeFiles/easycontroller_debug.dir/C_/Users/Owner/pico-sdk/src/rp2_common/pico_printf/printf.c.obj
 .text._etoa    0x10003990      0x424 CMakeFiles/easycontroller_debug.dir/C_/Users/Owner/pico-sdk/src/rp2_common/pico_printf/printf.c.obj
 .text._ftoa    0x10003db4      0x348 CMakeFiles/easycontroller_debug.dir/C_/Users/Owner/pico-sdk/src/rp2_common/pico_printf/printf.c.obj
 .text._vsnprintf
                0x100040fc      0x6a4 CMakeFiles/easycontroller_debug.dir/C_/Users/Owner/pico-sdk/src/rp2_common/pico_printf/printf.c.obj
 .text.__wrap_snprintf
                0x100047a0       0x28 CMakeFiles/easycontroller_debug.dir/C_/Users/Owner/pico-sdk/src/rp2_common/pico_printf/printf.c.obj
                0x100047a0                __wrap_snprintf
 .text.vfctprintf
                0x100047c8       0x24 CMakeFiles/easycontroller_debug.dir/C_/Users/Owner/pico-sdk/src/rp2_common/pico_printf/printf.c.obj
                0x100047c8                vfctprintf
 .text._exit    0x100047ec        0x4 CMakeFiles/easycontroller_debug.dir/C_/Users/Owner/pico-sdk/src/rp2_common/pico_clib_interface/newlib_interface.c.obj
                0x100047ec                _exit
 .text.exit     0x100047f0        0x6 CMakeFiles/easycontroller_debug.dir/C_/Users/Owner/pico-sdk/src/rp2_common/pico_clib_interface/newlib_interface.c.obj
                0x100047f0                exit
 *fill*         0x100047f6        0x2 
 .text.__assert_func
                0x100047f8       0x38 CMakeFiles/easycontroller_debug.dir/C_/Users/Owner/pico-sdk/src/rp2_common/pico_clib_interface/newlib_interface.c.obj
                0x100047f8                __assert_func
 .text.runtime_init
                0x10004830       0x28 CMakeFiles/easycontroller_debug.dir/C_/Users/Owner/pico-sdk/src/rp2_common/pico_clib_interface/newlib_interface.c.obj
                0x10004830                runtime_init
 .text.stdio_out_chars_no_crlf
                0x10004858        0xe CMakeFiles/easycontroller_debug.dir/C_/Users/Owner/pico-sdk/src/rp2_common/pico_stdio/stdio.c.obj
 *fill*         0x10004866        0x2 
 .text.stdio_out_chars_crlf
                0x10004868       0x80 CMakeFiles/easycontroller_debug.dir/C_/Users/Owner/pico-sdk/src/rp2_common/pico_stdio/stdio.c.obj
 .text.stdio_stack_buffer_flush
                0x100048e8       0x44 CMakeFiles/easycontroller_debug.dir/C_/Users/Owner/pico-sdk/src/rp2_common/pico_stdio/stdio.c.obj
 .text.stdio_buffered_printer
                0x1000492c       0x20 CMakeFiles/easycontroller_debug.dir/C_/Users/Owner/pico-sdk/src/rp2_common/pico_stdio/stdio.c.obj
 .text.stdout_serialize_begin
                0x1000494c       0x30 CMakeFiles/easycontroller_debug.dir/C_/Users/Owner/pico-sdk/src/rp2_common/pico_stdio/stdio.c.obj
                0x1000494c                stdout_serialize_begin
 .text.stdout_serialize_end
                0x1000497c       0x10 CMakeFiles/easycontroller_debug.dir/C_/Users/Owner/pico-sdk/src/rp2_common/pico_stdio/stdio.c.obj
                0x1000497c                stdout_serialize_end
 .text.stdio_put_string
                0x1000498c       0x94 CMakeFiles/easycontroller_debug.dir/C_/Users/Owner/pico-sdk/src/rp2_common/pico_stdio/stdio.c.obj
                0x1000498c                stdio_put_string
 .text.stdio_get_until
                0x10004a20       0x74 CMakeFiles/easycontroller_debug.dir/C_/Users/Owner/pico-sdk/src/rp2_common/pico_stdio/stdio.c.obj
                0x10004a20                stdio_get_until
 .text.stdio_set_driver_enabled
                0x10004a94       0x30 CMakeFiles/easycontroller_debug.dir/C_/Users/Owner/pico-sdk/src/rp2_common/pico_stdio/stdio.c.obj
                0x10004a94                stdio_set_driver_enabled
 .text.stdio_flush
                0x10004ac4       0x20 CMakeFiles/easycontroller_debug.dir/C_/Users/Owner/pico-sdk/src/rp2_common/pico_stdio/stdio.c.obj
                0x10004ac4                stdio_flush
 .text.stdio_init_all
                0x10004ae4        0x8 CMakeFiles/easycontroller_debug.dir/C_/Users/Owner/pico-sdk/src/rp2_common/pico_stdio/stdio.c.obj
                0x10004ae4                stdio_init_all
 .text.stdio_getchar_timeout_us
                0x10004aec       0x54 CMakeFiles/easycontroller_debug.dir/C_/Users/Owner/pico-sdk/src/rp2_common/pico_stdio/stdio.c.obj
                0x10004aec                stdio_getchar_timeout_us
 .text.__wrap_puts
                0x10004b40       0x1e CMakeFiles/easycontroller_debug.dir/C_/Users/Owner/pico-sdk/src/rp2_common/pico_stdio/stdio.c.obj
                0x10004b40                stdio_puts
                0x10004b40                __wrap_puts
 *fill*         0x10004b5e        0x2 
 .text.__wrap_vprintf
                0x10004b60       0x40 CMakeFiles/easycontroller_debug.dir/C_/Users/Owner/pico-sdk/src/rp2_common/pico_stdio/stdio.c.obj
                0x10004b60                stdio_vprintf
                0x10004b60                __wrap_vprintf
 .text.__wrap_printf
                0x10004ba0       0x18 CMakeFiles/easycontroller_debug.dir/C_/Users/Owner/pico-sdk/src/rp2_common/pico_stdio/stdio.c.obj
                0x10004ba0                __wrap_printf
                0x10004ba0                stdio_printf
 .text.resetd_init
                0x10004bb8        0x2 CMakeFiles/easycontroller_debug.dir/C_/Users/Owner/pico-sdk/src/rp2_common/pico_stdio_usb/reset_interface.c.obj
 *fill*         0x10004bba        0x2 
 .text.resetd_reset
                0x10004bbc        0xc CMakeFiles/easycontroller_debug.dir/C_/Users/Owner/pico-sdk/src/rp2_common/pico_stdio_usb/reset_interface.c.obj
 .text.resetd_open
                0x10004bc8       0x34 CMakeFiles/easycontroller_debug.dir/C_/Users/Owner/pico-sdk/src/rp2_common/pico_stdio_usb/reset_interface.c.obj
 .text.resetd_xfer_cb
                0x10004bfc        0x4 CMakeFiles/easycontroller_debug.dir/C_/Users/Owner/pico-sdk/src/rp2_common/pico_stdio_usb/reset_interface.c.obj
 .text.resetd_control_xfer_cb
                0x10004c00       0x60 CMakeFiles/easycontroller_debug.dir/C_/Users/Owner/pico-sdk/src/rp2_common/pico_stdio_usb/reset_interface.c.obj
 .text.tud_descriptor_bos_cb
                0x10004c60        0x8 CMakeFiles/easycontroller_debug.dir/C_/Users/Owner/pico-sdk/src/rp2_common/pico_stdio_usb/reset_interface.c.obj
                0x10004c60                tud_descriptor_bos_cb
 .text.tud_vendor_control_xfer_cb
                0x10004c68       0x38 CMakeFiles/easycontroller_debug.dir/C_/Users/Owner/pico-sdk/src/rp2_common/pico_stdio_usb/reset_interface.c.obj
                0x10004c68                tud_vendor_control_xfer_cb
 .text.usbd_app_driver_get_cb
                0x10004ca0        0xc CMakeFiles/easycontroller_debug.dir/C_/Users/Owner/pico-sdk/src/rp2_common/pico_stdio_usb/reset_interface.c.obj
                0x10004ca0                usbd_app_driver_get_cb
 .text.tud_cdc_line_coding_cb
                0x10004cac       0x2c CMakeFiles/easycontroller_debug.dir/C_/Users/Owner/pico-sdk/src/rp2_common/pico_stdio_usb/reset_interface.c.obj
                0x10004cac                tud_cdc_line_coding_cb
 .text.stdio_usb_set_chars_available_callback
                0x10004cd8       0x14 CMakeFiles/easycontroller_debug.dir/C_/Users/Owner/pico-sdk/src/rp2_common/pico_stdio_usb/stdio_usb.c.obj
                0x10004cd8                stdio_usb_set_chars_available_callback
 .text.stdio_usb_out_flush
                0x10004cec       0x4c CMakeFiles/easycontroller_debug.dir/C_/Users/Owner/pico-sdk/src/rp2_common/pico_stdio_usb/stdio_usb.c.obj
 .text.usb_irq  0x10004d38       0x10 CMakeFiles/easycontroller_debug.dir/C_/Users/Owner/pico-sdk/src/rp2_common/pico_stdio_usb/stdio_usb.c.obj
 .text.timer_task
                0x10004d48       0x6c CMakeFiles/easycontroller_debug.dir/C_/Users/Owner/pico-sdk/src/rp2_common/pico_stdio_usb/stdio_usb.c.obj
 .text.alarm_pool_add_alarm_in_us
                0x10004db4       0x40 CMakeFiles/easycontroller_debug.dir/C_/Users/Owner/pico-sdk/src/rp2_common/pico_stdio_usb/stdio_usb.c.obj
 .text.add_alarm_in_us
                0x10004df4       0x2e CMakeFiles/easycontroller_debug.dir/C_/Users/Owner/pico-sdk/src/rp2_common/pico_stdio_usb/stdio_usb.c.obj
 *fill*         0x10004e22        0x2 
 .text.low_priority_worker_irq
                0x10004e24       0xa8 CMakeFiles/easycontroller_debug.dir/C_/Users/Owner/pico-sdk/src/rp2_common/pico_stdio_usb/stdio_usb.c.obj
 .text.stdio_usb_init
                0x10004ecc       0xe0 CMakeFiles/easycontroller_debug.dir/C_/Users/Owner/pico-sdk/src/rp2_common/pico_stdio_usb/stdio_usb.c.obj
                0x10004ecc                stdio_usb_init
 .text.stdio_usb_connected
                0x10004fac        0xa CMakeFiles/easycontroller_debug.dir/C_/Users/Owner/pico-sdk/src/rp2_common/pico_stdio_usb/stdio_usb.c.obj
                0x10004fac                stdio_usb_connected
 *fill*         0x10004fb6        0x2 
 .text.stdio_usb_in_chars
                0x10004fb8       0x98 CMakeFiles/easycontroller_debug.dir/C_/Users/Owner/pico-sdk/src/rp2_common/pico_stdio_usb/stdio_usb.c.obj
                0x10004fb8                stdio_usb_in_chars
 .text.stdio_usb_out_chars
                0x10005050       0xe8 CMakeFiles/easycontroller_debug.dir/C_/Users/Owner/pico-sdk/src/rp2_common/pico_stdio_usb/stdio_usb.c.obj
 .text.tud_descriptor_device_cb
                0x10005138        0x8 CMakeFiles/easycontroller_debug.dir/C_/Users/Owner/pico-sdk/src/rp2_common/pico_stdio_usb/stdio_usb_descriptors.c.obj
                0x10005138                tud_descriptor_device_cb
 .text.tud_descriptor_configuration_cb
                0x10005140        0x8 CMakeFiles/easycontroller_debug.dir/C_/Users/Owner/pico-sdk/src/rp2_common/pico_stdio_usb/stdio_usb_descriptors.c.obj
                0x10005140                tud_descriptor_configuration_cb
 .text.tud_descriptor_string_cb
                0x10005148       0x6c CMakeFiles/easycontroller_debug.dir/C_/Users/Owner/pico-sdk/src/rp2_common/pico_stdio_usb/stdio_usb_descriptors.c.obj
                0x10005148                tud_descriptor_string_cb
 .text._retrieve_unique_id_on_boot
                0x100051b4       0x10 CMakeFiles/easycontroller_debug.dir/C_/Users/Owner/pico-sdk/src/rp2_common/pico_unique_id/unique_id.c.obj
 .text.pico_get_unique_board_id_string
                0x100051c4       0x58 CMakeFiles/easycontroller_debug.dir/C_/Users/Owner/pico-sdk/src/rp2_common/pico_unique_id/unique_id.c.obj
                0x100051c4                pico_get_unique_board_id_string
 .text.flash_get_unique_id
                0x1000521c       0x40 CMakeFiles/easycontroller_debug.dir/C_/Users/Owner/pico-sdk/src/rp2_common/hardware_flash/flash.c.obj
                0x1000521c                flash_get_unique_id
 .text.hw_endpoint_init
                0x1000525c       0xc0 CMakeFiles/easycontroller_debug.dir/C_/Users/Owner/pico-sdk/lib/tinyusb/src/portable/raspberrypi/rp2040/dcd_rp2040.c.obj
 .text.hw_endpoint_alloc
                0x1000531c       0x48 CMakeFiles/easycontroller_debug.dir/C_/Users/Owner/pico-sdk/lib/tinyusb/src/portable/raspberrypi/rp2040/dcd_rp2040.c.obj
 .text.hw_endpoint_open
                0x10005364       0x50 CMakeFiles/easycontroller_debug.dir/C_/Users/Owner/pico-sdk/lib/tinyusb/src/portable/raspberrypi/rp2040/dcd_rp2040.c.obj
 .text.hw_endpoint_xfer
                0x100053b4       0x20 CMakeFiles/easycontroller_debug.dir/C_/Users/Owner/pico-sdk/lib/tinyusb/src/portable/raspberrypi/rp2040/dcd_rp2040.c.obj
 .text.dcd_int_enable
                0x100053d4       0x2c CMakeFiles/easycontroller_debug.dir/C_/Users/Owner/pico-sdk/lib/tinyusb/src/portable/raspberrypi/rp2040/dcd_rp2040.c.obj
                0x100053d4                dcd_int_enable
 .text.dcd_set_address
                0x10005400       0x2c CMakeFiles/easycontroller_debug.dir/C_/Users/Owner/pico-sdk/lib/tinyusb/src/portable/raspberrypi/rp2040/dcd_rp2040.c.obj
                0x10005400                dcd_set_address
 .text.dcd_connect
                0x1000542c       0x10 CMakeFiles/easycontroller_debug.dir/C_/Users/Owner/pico-sdk/lib/tinyusb/src/portable/raspberrypi/rp2040/dcd_rp2040.c.obj
                0x1000542c                dcd_connect
 .text.dcd_init
                0x1000543c       0x80 CMakeFiles/easycontroller_debug.dir/C_/Users/Owner/pico-sdk/lib/tinyusb/src/portable/raspberrypi/rp2040/dcd_rp2040.c.obj
                0x1000543c                dcd_init
 .text.dcd_sof_enable
                0x100054bc       0x1c CMakeFiles/easycontroller_debug.dir/C_/Users/Owner/pico-sdk/lib/tinyusb/src/portable/raspberrypi/rp2040/dcd_rp2040.c.obj
                0x100054bc                dcd_sof_enable
 .text.dcd_edpt0_status_complete
                0x100054d8       0x1c CMakeFiles/easycontroller_debug.dir/C_/Users/Owner/pico-sdk/lib/tinyusb/src/portable/raspberrypi/rp2040/dcd_rp2040.c.obj
                0x100054d8                dcd_edpt0_status_complete
 .text.dcd_edpt_open
                0x100054f4       0x26 CMakeFiles/easycontroller_debug.dir/C_/Users/Owner/pico-sdk/lib/tinyusb/src/portable/raspberrypi/rp2040/dcd_rp2040.c.obj
                0x100054f4                dcd_edpt_open
 .text.dcd_edpt_close_all
                0x1000551a        0x8 CMakeFiles/easycontroller_debug.dir/C_/Users/Owner/pico-sdk/lib/tinyusb/src/portable/raspberrypi/rp2040/dcd_rp2040.c.obj
                0x1000551a                dcd_edpt_close_all
 *fill*         0x10005522        0x2 
 .text.dcd_edpt_xfer
                0x10005524       0x30 CMakeFiles/easycontroller_debug.dir/C_/Users/Owner/pico-sdk/lib/tinyusb/src/portable/raspberrypi/rp2040/dcd_rp2040.c.obj
                0x10005524                dcd_edpt_xfer
 .text.dcd_edpt_stall
                0x10005554       0x3c CMakeFiles/easycontroller_debug.dir/C_/Users/Owner/pico-sdk/lib/tinyusb/src/portable/raspberrypi/rp2040/dcd_rp2040.c.obj
                0x10005554                dcd_edpt_stall
 .text.dcd_edpt_clear_stall
                0x10005590       0x30 CMakeFiles/easycontroller_debug.dir/C_/Users/Owner/pico-sdk/lib/tinyusb/src/portable/raspberrypi/rp2040/dcd_rp2040.c.obj
                0x10005590                dcd_edpt_clear_stall
 .text.unaligned_memcpy
                0x100055c0       0x14 CMakeFiles/easycontroller_debug.dir/C_/Users/Owner/pico-sdk/lib/tinyusb/src/portable/raspberrypi/rp2040/rp2040_usb.c.obj
 .text.rp2040_usb_init
                0x100055d4       0x44 CMakeFiles/easycontroller_debug.dir/C_/Users/Owner/pico-sdk/lib/tinyusb/src/portable/raspberrypi/rp2040/rp2040_usb.c.obj
                0x100055d4                rp2040_usb_init
 .text.hw_endpoint_xfer_start
                0x10005618       0x60 CMakeFiles/easycontroller_debug.dir/C_/Users/Owner/pico-sdk/lib/tinyusb/src/portable/raspberrypi/rp2040/rp2040_usb.c.obj
                0x10005618                hw_endpoint_xfer_start
 .text.configuration_reset
                0x10005678       0x84 CMakeFiles/easycontroller_debug.dir/C_/Users/Owner/pico-sdk/lib/tinyusb/src/device/usbd.c.obj
 .text.usbd_reset
                0x100056fc        0xc CMakeFiles/easycontroller_debug.dir/C_/Users/Owner/pico-sdk/lib/tinyusb/src/device/usbd.c.obj
 .text.invoke_class_control
                0x10005708       0x1a CMakeFiles/easycontroller_debug.dir/C_/Users/Owner/pico-sdk/lib/tinyusb/src/device/usbd.c.obj
 *fill*         0x10005722        0x2 
 .text.process_set_config
                0x10005724      0x1b0 CMakeFiles/easycontroller_debug.dir/C_/Users/Owner/pico-sdk/lib/tinyusb/src/device/usbd.c.obj
 .text.tud_event_hook_cb
                0x100058d4        0x2 CMakeFiles/easycontroller_debug.dir/C_/Users/Owner/pico-sdk/lib/tinyusb/src/device/usbd.c.obj
                0x100058d4                tud_event_hook_cb
 .text.tud_sof_cb
                0x100058d6        0x2 CMakeFiles/easycontroller_debug.dir/C_/Users/Owner/pico-sdk/lib/tinyusb/src/device/usbd.c.obj
                0x100058d6                tud_sof_cb
 .text.tud_descriptor_device_qualifier_cb
                0x100058d8        0x4 CMakeFiles/easycontroller_debug.dir/C_/Users/Owner/pico-sdk/lib/tinyusb/src/device/usbd.c.obj
                0x100058d8                tud_descriptor_device_qualifier_cb
 .text.tud_descriptor_other_speed_configuration_cb
                0x100058dc        0x4 CMakeFiles/easycontroller_debug.dir/C_/Users/Owner/pico-sdk/lib/tinyusb/src/device/usbd.c.obj
                0x100058dc                tud_descriptor_other_speed_configuration_cb
 .text.process_get_descriptor
                0x100058e0       0xe0 CMakeFiles/easycontroller_debug.dir/C_/Users/Owner/pico-sdk/lib/tinyusb/src/device/usbd.c.obj
 .text.tud_mount_cb
                0x100059c0        0x2 CMakeFiles/easycontroller_debug.dir/C_/Users/Owner/pico-sdk/lib/tinyusb/src/device/usbd.c.obj
                0x100059c0                tud_mount_cb
 .text.tud_umount_cb
                0x100059c2        0x2 CMakeFiles/easycontroller_debug.dir/C_/Users/Owner/pico-sdk/lib/tinyusb/src/device/usbd.c.obj
                0x100059c2                tud_umount_cb
 .text.tud_suspend_cb
                0x100059c4        0x2 CMakeFiles/easycontroller_debug.dir/C_/Users/Owner/pico-sdk/lib/tinyusb/src/device/usbd.c.obj
                0x100059c4                tud_suspend_cb
 .text.tud_resume_cb
                0x100059c6        0x2 CMakeFiles/easycontroller_debug.dir/C_/Users/Owner/pico-sdk/lib/tinyusb/src/device/usbd.c.obj
                0x100059c6                tud_resume_cb
 .text.tud_mounted
                0x100059c8       0x10 CMakeFiles/easycontroller_debug.dir/C_/Users/Owner/pico-sdk/lib/tinyusb/src/device/usbd.c.obj
                0x100059c8                tud_mounted
 .text.tud_suspended
                0x100059d8       0x10 CMakeFiles/easycontroller_debug.dir/C_/Users/Owner/pico-sdk/lib/tinyusb/src/device/usbd.c.obj
                0x100059d8                tud_suspended
 .text.tud_inited
                0x100059e8       0x14 CMakeFiles/easycontroller_debug.dir/C_/Users/Owner/pico-sdk/lib/tinyusb/src/device/usbd.c.obj
                0x100059e8                tud_inited
 .text.tud_rhport_init
                0x100059fc      0x100 CMakeFiles/easycontroller_debug.dir/C_/Users/Owner/pico-sdk/lib/tinyusb/src/device/usbd.c.obj
                0x100059fc                tud_rhport_init
 .text.usbd_edpt_open
                0x10005afc       0x60 CMakeFiles/easycontroller_debug.dir/C_/Users/Owner/pico-sdk/lib/tinyusb/src/device/usbd.c.obj
                0x10005afc                usbd_edpt_open
 .text.usbd_open_edpt_pair
                0x10005b5c       0x88 CMakeFiles/easycontroller_debug.dir/C_/Users/Owner/pico-sdk/lib/tinyusb/src/device/usbd.c.obj
                0x10005b5c                usbd_open_edpt_pair
 .text.usbd_edpt_claim
                0x10005be4       0x28 CMakeFiles/easycontroller_debug.dir/C_/Users/Owner/pico-sdk/lib/tinyusb/src/device/usbd.c.obj
                0x10005be4                usbd_edpt_claim
 .text.usbd_edpt_release
                0x10005c0c       0x28 CMakeFiles/easycontroller_debug.dir/C_/Users/Owner/pico-sdk/lib/tinyusb/src/device/usbd.c.obj
                0x10005c0c                usbd_edpt_release
 .text.usbd_edpt_xfer
                0x10005c34       0x88 CMakeFiles/easycontroller_debug.dir/C_/Users/Owner/pico-sdk/lib/tinyusb/src/device/usbd.c.obj
                0x10005c34                usbd_edpt_xfer
 .text.usbd_edpt_stall
                0x10005cbc       0x34 CMakeFiles/easycontroller_debug.dir/C_/Users/Owner/pico-sdk/lib/tinyusb/src/device/usbd.c.obj
                0x10005cbc                usbd_edpt_stall
 .text.usbd_edpt_clear_stall
                0x10005cf0       0x34 CMakeFiles/easycontroller_debug.dir/C_/Users/Owner/pico-sdk/lib/tinyusb/src/device/usbd.c.obj
                0x10005cf0                usbd_edpt_clear_stall
 .text.usbd_edpt_stalled
                0x10005d24       0x1c CMakeFiles/easycontroller_debug.dir/C_/Users/Owner/pico-sdk/lib/tinyusb/src/device/usbd.c.obj
                0x10005d24                usbd_edpt_stalled
 .text.process_control_request
                0x10005d40      0x384 CMakeFiles/easycontroller_debug.dir/C_/Users/Owner/pico-sdk/lib/tinyusb/src/device/usbd.c.obj
 .text.tud_task_ext
                0x100060c4      0x1d0 CMakeFiles/easycontroller_debug.dir/C_/Users/Owner/pico-sdk/lib/tinyusb/src/device/usbd.c.obj
                0x100060c4                tud_task_ext
 .text.status_stage_xact
                0x10006294       0x1a CMakeFiles/easycontroller_debug.dir/C_/Users/Owner/pico-sdk/lib/tinyusb/src/device/usbd_control.c.obj
 *fill*         0x100062ae        0x2 
 .text.data_stage_xact
                0x100062b0       0x60 CMakeFiles/easycontroller_debug.dir/C_/Users/Owner/pico-sdk/lib/tinyusb/src/device/usbd_control.c.obj
 .text.tud_control_status
                0x10006310       0x28 CMakeFiles/easycontroller_debug.dir/C_/Users/Owner/pico-sdk/lib/tinyusb/src/device/usbd_control.c.obj
                0x10006310                tud_control_status
 .text.tud_control_xfer
                0x10006338       0x98 CMakeFiles/easycontroller_debug.dir/C_/Users/Owner/pico-sdk/lib/tinyusb/src/device/usbd_control.c.obj
                0x10006338                tud_control_xfer
 .text.usbd_control_reset
                0x100063d0       0x14 CMakeFiles/easycontroller_debug.dir/C_/Users/Owner/pico-sdk/lib/tinyusb/src/device/usbd_control.c.obj
                0x100063d0                usbd_control_reset
 .text.usbd_control_set_complete_callback
                0x100063e4        0xc CMakeFiles/easycontroller_debug.dir/C_/Users/Owner/pico-sdk/lib/tinyusb/src/device/usbd_control.c.obj
                0x100063e4                usbd_control_set_complete_callback
 .text.usbd_control_set_request
                0x100063f0       0x1c CMakeFiles/easycontroller_debug.dir/C_/Users/Owner/pico-sdk/lib/tinyusb/src/device/usbd_control.c.obj
                0x100063f0                usbd_control_set_request
 .text.usbd_control_xfer_cb
                0x1000640c       0xe0 CMakeFiles/easycontroller_debug.dir/C_/Users/Owner/pico-sdk/lib/tinyusb/src/device/usbd_control.c.obj
                0x1000640c                usbd_control_xfer_cb
 .text._prep_out_transaction
                0x100064ec       0x94 CMakeFiles/easycontroller_debug.dir/C_/Users/Owner/pico-sdk/lib/tinyusb/src/class/cdc/cdc_device.c.obj
 .text.tud_cdc_n_connected
                0x10006580       0x38 CMakeFiles/easycontroller_debug.dir/C_/Users/Owner/pico-sdk/lib/tinyusb/src/class/cdc/cdc_device.c.obj
                0x10006580                tud_cdc_n_connected
 .text.tud_cdc_n_available
                0x100065b8       0x18 CMakeFiles/easycontroller_debug.dir/C_/Users/Owner/pico-sdk/lib/tinyusb/src/class/cdc/cdc_device.c.obj
                0x100065b8                tud_cdc_n_available
 .text.tud_cdc_n_read
                0x100065d0       0x38 CMakeFiles/easycontroller_debug.dir/C_/Users/Owner/pico-sdk/lib/tinyusb/src/class/cdc/cdc_device.c.obj
                0x100065d0                tud_cdc_n_read
 .text.tud_cdc_n_write_flush
                0x10006608       0xb0 CMakeFiles/easycontroller_debug.dir/C_/Users/Owner/pico-sdk/lib/tinyusb/src/class/cdc/cdc_device.c.obj
                0x10006608                tud_cdc_n_write_flush
 .text.tud_cdc_n_write
                0x100066b8       0x48 CMakeFiles/easycontroller_debug.dir/C_/Users/Owner/pico-sdk/lib/tinyusb/src/class/cdc/cdc_device.c.obj
                0x100066b8                tud_cdc_n_write
 .text.tud_cdc_n_write_available
                0x10006700       0x18 CMakeFiles/easycontroller_debug.dir/C_/Users/Owner/pico-sdk/lib/tinyusb/src/class/cdc/cdc_device.c.obj
                0x10006700                tud_cdc_n_write_available
 .text.cdcd_init
                0x10006718       0xac CMakeFiles/easycontroller_debug.dir/C_/Users/Owner/pico-sdk/lib/tinyusb/src/class/cdc/cdc_device.c.obj
                0x10006718                cdcd_init
 .text.cdcd_deinit
                0x100067c4       0x48 CMakeFiles/easycontroller_debug.dir/C_/Users/Owner/pico-sdk/lib/tinyusb/src/class/cdc/cdc_device.c.obj
                0x100067c4                cdcd_deinit
 .text.cdcd_reset
                0x1000680c       0x70 CMakeFiles/easycontroller_debug.dir/C_/Users/Owner/pico-sdk/lib/tinyusb/src/class/cdc/cdc_device.c.obj
                0x1000680c                cdcd_reset
 .text.cdcd_open
                0x1000687c       0xec CMakeFiles/easycontroller_debug.dir/C_/Users/Owner/pico-sdk/lib/tinyusb/src/class/cdc/cdc_device.c.obj
                0x1000687c                cdcd_open
 .text.cdcd_control_xfer_cb
                0x10006968      0x13c CMakeFiles/easycontroller_debug.dir/C_/Users/Owner/pico-sdk/lib/tinyusb/src/class/cdc/cdc_device.c.obj
                0x10006968                cdcd_control_xfer_cb
 .text.cdcd_xfer_cb
                0x10006aa4      0x148 CMakeFiles/easycontroller_debug.dir/C_/Users/Owner/pico-sdk/lib/tinyusb/src/class/cdc/cdc_device.c.obj
                0x10006aa4                cdcd_xfer_cb
 .text.tud_vendor_n_mounted
                0x10006bec       0x3c CMakeFiles/easycontroller_debug.dir/C_/Users/Owner/pico-sdk/lib/tinyusb/src/class/vendor/vendor_device.c.obj
                0x10006bec                tud_vendor_n_mounted
 .text.tud_vendor_n_write_flush
                0x10006c28       0x20 CMakeFiles/easycontroller_debug.dir/C_/Users/Owner/pico-sdk/lib/tinyusb/src/class/vendor/vendor_device.c.obj
                0x10006c28                tud_vendor_n_write_flush
 .text.vendord_init
                0x10006c48       0x9c CMakeFiles/easycontroller_debug.dir/C_/Users/Owner/pico-sdk/lib/tinyusb/src/class/vendor/vendor_device.c.obj
                0x10006c48                vendord_init
 .text.vendord_deinit
                0x10006ce4       0x34 CMakeFiles/easycontroller_debug.dir/C_/Users/Owner/pico-sdk/lib/tinyusb/src/class/vendor/vendor_device.c.obj
                0x10006ce4                vendord_deinit
 .text.vendord_reset
                0x10006d18       0x50 CMakeFiles/easycontroller_debug.dir/C_/Users/Owner/pico-sdk/lib/tinyusb/src/class/vendor/vendor_device.c.obj
                0x10006d18                vendord_reset
 .text.vendord_open
                0x10006d68      0x14c CMakeFiles/easycontroller_debug.dir/C_/Users/Owner/pico-sdk/lib/tinyusb/src/class/vendor/vendor_device.c.obj
                0x10006d68                vendord_open
 .text.vendord_xfer_cb
                0x10006eb4       0xd8 CMakeFiles/easycontroller_debug.dir/C_/Users/Owner/pico-sdk/lib/tinyusb/src/class/vendor/vendor_device.c.obj
                0x10006eb4                vendord_xfer_cb
 .text.tusb_rhport_init
                0x10006f8c       0x78 CMakeFiles/easycontroller_debug.dir/C_/Users/Owner/pico-sdk/lib/tinyusb/src/tusb.c.obj
                0x10006f8c                tusb_rhport_init
 .text.tu_edpt_claim
                0x10007004       0x50 CMakeFiles/easycontroller_debug.dir/C_/Users/Owner/pico-sdk/lib/tinyusb/src/tusb.c.obj
                0x10007004                tu_edpt_claim
 .text.tu_edpt_release
                0x10007054       0x38 CMakeFiles/easycontroller_debug.dir/C_/Users/Owner/pico-sdk/lib/tinyusb/src/tusb.c.obj
                0x10007054                tu_edpt_release
 .text.tu_edpt_validate
                0x1000708c       0xac CMakeFiles/easycontroller_debug.dir/C_/Users/Owner/pico-sdk/lib/tinyusb/src/tusb.c.obj
                0x1000708c                tu_edpt_validate
 .text.tu_edpt_bind_driver
                0x10007138       0x26 CMakeFiles/easycontroller_debug.dir/C_/Users/Owner/pico-sdk/lib/tinyusb/src/tusb.c.obj
                0x10007138                tu_edpt_bind_driver
 .text.tu_edpt_stream_init
                0x1000715e       0x62 CMakeFiles/easycontroller_debug.dir/C_/Users/Owner/pico-sdk/lib/tinyusb/src/tusb.c.obj
                0x1000715e                tu_edpt_stream_init
 .text.tu_edpt_stream_deinit
                0x100071c0        0x4 CMakeFiles/easycontroller_debug.dir/C_/Users/Owner/pico-sdk/lib/tinyusb/src/tusb.c.obj
                0x100071c0                tu_edpt_stream_deinit
 .text.tu_edpt_stream_write_zlp_if_needed
                0x100071c4       0x80 CMakeFiles/easycontroller_debug.dir/C_/Users/Owner/pico-sdk/lib/tinyusb/src/tusb.c.obj
                0x100071c4                tu_edpt_stream_write_zlp_if_needed
 .text.tu_edpt_stream_write_xfer
                0x10007244       0x84 CMakeFiles/easycontroller_debug.dir/C_/Users/Owner/pico-sdk/lib/tinyusb/src/tusb.c.obj
                0x10007244                tu_edpt_stream_write_xfer
 .text.tu_edpt_stream_read_xfer
                0x100072c8       0xf4 CMakeFiles/easycontroller_debug.dir/C_/Users/Owner/pico-sdk/lib/tinyusb/src/tusb.c.obj
                0x100072c8                tu_edpt_stream_read_xfer
 .text.advance_index
                0x100073bc       0x1a CMakeFiles/easycontroller_debug.dir/C_/Users/Owner/pico-sdk/lib/tinyusb/src/common/tusb_fifo.c.obj
 .text._tu_fifo_peek
                0x100073d6       0x56 CMakeFiles/easycontroller_debug.dir/C_/Users/Owner/pico-sdk/lib/tinyusb/src/common/tusb_fifo.c.obj
 .text._ff_pull_n
                0x1000742c       0x68 CMakeFiles/easycontroller_debug.dir/C_/Users/Owner/pico-sdk/lib/tinyusb/src/common/tusb_fifo.c.obj
 .text._tu_fifo_peek_n
                0x10007494       0x6a CMakeFiles/easycontroller_debug.dir/C_/Users/Owner/pico-sdk/lib/tinyusb/src/common/tusb_fifo.c.obj
 .text._tu_fifo_read_n
                0x100074fe       0x4e CMakeFiles/easycontroller_debug.dir/C_/Users/Owner/pico-sdk/lib/tinyusb/src/common/tusb_fifo.c.obj
 .text._ff_push_n
                0x1000754c       0x68 CMakeFiles/easycontroller_debug.dir/C_/Users/Owner/pico-sdk/lib/tinyusb/src/common/tusb_fifo.c.obj
 .text._tu_fifo_write_n
                0x100075b4       0xf0 CMakeFiles/easycontroller_debug.dir/C_/Users/Owner/pico-sdk/lib/tinyusb/src/common/tusb_fifo.c.obj
 .text.tu_fifo_config
                0x100076a4       0x7c CMakeFiles/easycontroller_debug.dir/C_/Users/Owner/pico-sdk/lib/tinyusb/src/common/tusb_fifo.c.obj
                0x100076a4                tu_fifo_config
 .text.tu_fifo_count
                0x10007720       0x2c CMakeFiles/easycontroller_debug.dir/C_/Users/Owner/pico-sdk/lib/tinyusb/src/common/tusb_fifo.c.obj
                0x10007720                tu_fifo_count
 .text.tu_fifo_empty
                0x1000774c        0xe CMakeFiles/easycontroller_debug.dir/C_/Users/Owner/pico-sdk/lib/tinyusb/src/common/tusb_fifo.c.obj
                0x1000774c                tu_fifo_empty
 .text.tu_fifo_full
                0x1000775a       0x2a CMakeFiles/easycontroller_debug.dir/C_/Users/Owner/pico-sdk/lib/tinyusb/src/common/tusb_fifo.c.obj
                0x1000775a                tu_fifo_full
 .text.tu_fifo_remaining
                0x10007784       0x2e CMakeFiles/easycontroller_debug.dir/C_/Users/Owner/pico-sdk/lib/tinyusb/src/common/tusb_fifo.c.obj
                0x10007784                tu_fifo_remaining
 .text.tu_fifo_read
                0x100077b2       0x42 CMakeFiles/easycontroller_debug.dir/C_/Users/Owner/pico-sdk/lib/tinyusb/src/common/tusb_fifo.c.obj
                0x100077b2                tu_fifo_read
 .text.tu_fifo_read_n
                0x100077f4        0xa CMakeFiles/easycontroller_debug.dir/C_/Users/Owner/pico-sdk/lib/tinyusb/src/common/tusb_fifo.c.obj
                0x100077f4                tu_fifo_read_n
 .text.tu_fifo_write
                0x100077fe       0x64 CMakeFiles/easycontroller_debug.dir/C_/Users/Owner/pico-sdk/lib/tinyusb/src/common/tusb_fifo.c.obj
                0x100077fe                tu_fifo_write
 .text.tu_fifo_write_n
                0x10007862        0xa CMakeFiles/easycontroller_debug.dir/C_/Users/Owner/pico-sdk/lib/tinyusb/src/common/tusb_fifo.c.obj
                0x10007862                tu_fifo_write_n
 .text.tu_fifo_clear
                0x1000786c       0x3e CMakeFiles/easycontroller_debug.dir/C_/Users/Owner/pico-sdk/lib/tinyusb/src/common/tusb_fifo.c.obj
                0x1000786c                tu_fifo_clear
 .text.tu_fifo_set_overwritable
                0x100078aa       0x46 CMakeFiles/easycontroller_debug.dir/C_/Users/Owner/pico-sdk/lib/tinyusb/src/common/tusb_fifo.c.obj
                0x100078aa                tu_fifo_set_overwritable
 .text.adc_init
                0x100078f0       0x34 CMakeFiles/easycontroller_debug.dir/C_/Users/Owner/pico-sdk/src/rp2_common/hardware_adc/adc.c.obj
                0x100078f0                adc_init
 .text.atoi     0x10007924        0xc C:/PROGRA~2/ARMGNU~1/142BCE~1.3RE/bin/../lib/gcc/arm-none-eabi/14.3.1/../../../../arm-none-eabi/lib/thumb/v6-m/nofp\libg.a(libc_a-atoi.o)
                0x10007924                atoi
 .text._strtol_l.isra.0
                0x10007930      0x158 C:/PROGRA~2/ARMGNU~1/142BCE~1.3RE/bin/../lib/gcc/arm-none-eabi/14.3.1/../../../../arm-none-eabi/lib/thumb/v6-m/nofp\libg.a(libc_a-strtol.o)
 .text.strtol   0x10007a88       0x18 C:/PROGRA~2/ARMGNU~1/142BCE~1.3RE/bin/../lib/gcc/arm-none-eabi/14.3.1/../../../../arm-none-eabi/lib/thumb/v6-m/nofp\libg.a(libc_a-strtol.o)
                0x10007a88                strtol
 .text.__errno  0x10007aa0        0xc C:/PROGRA~2/ARMGNU~1/142BCE~1.3RE/bin/../lib/gcc/arm-none-eabi/14.3.1/../../../../arm-none-eabi/lib/thumb/v6-m/nofp\libg.a(libc_a-errno.o)
                0x10007aa0                __errno
 .text.strlen   0x10007aac       0x5c C:/PROGRA~2/ARMGNU~1/142BCE~1.3RE/bin/../lib/gcc/arm-none-eabi/14.3.1/../../../../arm-none-eabi/lib/thumb/v6-m/nofp\libg.a(libc_a-strlen-stub.o)
                0x10007aac                strlen
 *(.fini)
 .fini          0x10007b08        0x4 C:/PROGRA~2/ARMGNU~1/142BCE~1.3RE/bin/../lib/gcc/arm-none-eabi/14.3.1/thumb/v6-m/nofp/crti.o
                0x10007b08                _fini
 *fill*         0x10007b0c        0x4 
 .fini.__stub   0x10007b10       0xd0 linker stubs
 *crtbegin.o(.ctors)
 *crtbegin?.o(.ctors)
 *(EXCLUDE_FILE(*crtend.o *crtend?.o) .ctors)
 *(SORT_BY_NAME(.ctors.*))
 *(.ctors)
 *crtbegin.o(.dtors)
 *crtbegin?.o(.dtors)
 *(EXCLUDE_FILE(*crtend.o *crtend?.o) .dtors)
 *(SORT_BY_NAME(.dtors.*))
 *(.dtors)
                0x10007be0                        . = ALIGN (0x4)
                0x10007be0                        PROVIDE (__preinit_array_start = .)
 *(SORT_BY_NAME(.preinit_array.*))
 .preinit_array.00100
                0x10007be0        0x4 CMakeFiles/easycontroller_debug.dir/C_/Users/Owner/pico-sdk/src/rp2_common/pico_runtime_init/runtime_init.c.obj
                0x10007be0                __pre_init_runtime_init_early_resets
 .preinit_array.00101
                0x10007be4        0x4 CMakeFiles/easycontroller_debug.dir/C_/Users/Owner/pico-sdk/src/rp2_common/pico_runtime_init/runtime_init.c.obj
                0x10007be4                __pre_init_runtime_init_usb_power_down
 .preinit_array.00275
                0x10007be8        0x4 CMakeFiles/easycontroller_debug.dir/C_/Users/Owner/pico-sdk/src/rp2_common/pico_bit_ops/bit_ops_aeabi.S.obj
 .preinit_array.00300
                0x10007bec        0x4 CMakeFiles/easycontroller_debug.dir/C_/Users/Owner/pico-sdk/src/rp2_common/pico_mem_ops/mem_ops_aeabi.S.obj
 .preinit_array.00350
                0x10007bf0        0x4 CMakeFiles/easycontroller_debug.dir/C_/Users/Owner/pico-sdk/src/rp2_common/pico_double/double_aeabi_rp2040.S.obj
 .preinit_array.00350
                0x10007bf4        0x4 CMakeFiles/easycontroller_debug.dir/C_/Users/Owner/pico-sdk/src/rp2_common/pico_float/float_aeabi_rp2040.S.obj
 .preinit_array.00500
                0x10007bf8        0x4 CMakeFiles/easycontroller_debug.dir/C_/Users/Owner/pico-sdk/src/rp2_common/pico_runtime_init/runtime_init.c.obj
                0x10007bf8                __pre_init_runtime_init_clocks
 .preinit_array.00600
                0x10007bfc        0x4 CMakeFiles/easycontroller_debug.dir/C_/Users/Owner/pico-sdk/src/rp2_common/pico_runtime_init/runtime_init.c.obj
                0x10007bfc                __pre_init_runtime_init_post_clock_resets
 .preinit_array.00700
                0x10007c00        0x4 CMakeFiles/easycontroller_debug.dir/C_/Users/Owner/pico-sdk/src/rp2_common/pico_runtime_init/runtime_init.c.obj
                0x10007c00                __pre_init_runtime_init_rp2040_gpio_ie_disable
 .preinit_array.01000
                0x10007c04        0x4 CMakeFiles/easycontroller_debug.dir/C_/Users/Owner/pico-sdk/src/rp2_common/pico_runtime_init/runtime_init.c.obj
                0x10007c04                __pre_init_runtime_init_spin_locks_reset
 .preinit_array.01100
                0x10007c08        0x4 CMakeFiles/easycontroller_debug.dir/C_/Users/Owner/pico-sdk/src/common/pico_sync/mutex.c.obj
                0x10007c08                __pre_init_runtime_init_mutex
 .preinit_array.10080
                0x10007c0c        0x4 CMakeFiles/easycontroller_debug.dir/C_/Users/Owner/pico-sdk/src/rp2_common/pico_runtime_init/runtime_init.c.obj
                0x10007c0c                __pre_init_runtime_init_install_ram_vector_table
 .preinit_array.11000
                0x10007c10        0x4 CMakeFiles/easycontroller_debug.dir/C_/Users/Owner/pico-sdk/src/common/pico_time/time.c.obj
                0x10007c10                __pre_init_runtime_init_default_alarm_pool
 .preinit_array.YYYYY
                0x10007c14        0x4 CMakeFiles/easycontroller_debug.dir/C_/Users/Owner/pico-sdk/src/rp2_common/pico_runtime/runtime.c.obj
                0x10007c14                __pre_init_first_per_core_initializer
 .preinit_array.ZZZZZ.01200
                0x10007c18        0x4 CMakeFiles/easycontroller_debug.dir/C_/Users/Owner/pico-sdk/src/rp2_common/hardware_irq/irq.c.obj
                0x10007c18                __pre_init_runtime_init_per_core_irq_priorities
 *(.preinit_array)
                0x10007c1c                        PROVIDE (__preinit_array_end = .)
                0x10007c1c                        . = ALIGN (0x4)
                0x10007c1c                        PROVIDE (__init_array_start = .)
 *(SORT_BY_NAME(.init_array.*))
 .init_array.01000
                0x10007c1c        0x4 CMakeFiles/easycontroller_debug.dir/C_/Users/Owner/pico-sdk/src/rp2_common/pico_unique_id/unique_id.c.obj
 *(.init_array)
 .init_array    0x10007c20        0x4 C:/PROGRA~2/ARMGNU~1/142BCE~1.3RE/bin/../lib/gcc/arm-none-eabi/14.3.1/thumb/v6-m/nofp/crtbegin.o
                0x10007c24                        PROVIDE (__init_array_end = .)
                0x10007c24                        . = ALIGN (0x4)
                [!provide]                        PROVIDE (__fini_array_start = .)
 *(SORT_BY_NAME(.fini_array.*))
 *(.fini_array)
                [!provide]                        PROVIDE (__fini_array_end = .)
 *(.eh_frame*)
 .eh_frame      0x10007c24        0x0 C:/PROGRA~2/ARMGNU~1/142BCE~1.3RE/bin/../lib/gcc/arm-none-eabi/14.3.1/thumb/v6-m/nofp/crtbegin.o
                0x10007c24                        . = ALIGN (0x4)

.glue_7         0x10007c24        0x0
 .glue_7        0x10007c24        0x0 linker stubs

.glue_7t        0x10007c24        0x0
 .glue_7t       0x10007c24        0x0 linker stubs

.vfp11_veneer   0x10007c24        0x0
 .vfp11_veneer  0x10007c24        0x0 linker stubs

.v4_bx          0x10007c24        0x0
 .v4_bx         0x10007c24        0x0 linker stubs

.iplt           0x10007c24        0x0
 .iplt          0x10007c24        0x0 C:/PROGRA~2/ARMGNU~1/142BCE~1.3RE/bin/../lib/gcc/arm-none-eabi/14.3.1/thumb/v6-m/nofp/crtbegin.o

.rodata         0x10007c28     0x1680
 *(EXCLUDE_FILE(*libm.a: *libc.a:*lib_a-mem*.o *libgcc.a:) .rodata*)
 .rodata.writePWM
                0x10007c28       0x18 CMakeFiles/easycontroller_debug.dir/easycontroller_debug.c.obj
 .rodata.main.str1.4
                0x10007c40      0xd3b CMakeFiles/easycontroller_debug.dir/easycontroller_debug.c.obj
                                0x14d (size before relaxing)
 .rodata.rp2040_chip_version.str1.4
                0x1000897b       0x71 CMakeFiles/easycontroller_debug.dir/C_/Users/Owner/pico-sdk/src/rp2040/pico_platform/platform.c.obj
 *fill*         0x1000897b        0x1 
 .rodata.__func__.0
                0x1000897c       0x14 CMakeFiles/easycontroller_debug.dir/C_/Users/Owner/pico-sdk/src/rp2040/pico_platform/platform.c.obj
 .rodata.panic.str1.4
                0x10008990       0x12 CMakeFiles/easycontroller_debug.dir/C_/Users/Owner/pico-sdk/src/rp2_common/pico_platform_panic/panic.c.obj
 .rodata.spin_lock_claim_unused.str1.4
                0x10008990       0x1b CMakeFiles/easycontroller_debug.dir/C_/Users/Owner/pico-sdk/src/rp2_common/hardware_sync/sync.c.obj
 .rodata.resolve_j_16.str1.4
                0x10008990       0x52 CMakeFiles/easycontroller_debug.dir/C_/Users/Owner/pico-sdk/src/rp2_common/hardware_irq/irq.c.obj
 .rodata.make_j_16.str1.4
                0x10008990       0x30 CMakeFiles/easycontroller_debug.dir/C_/Users/Owner/pico-sdk/src/rp2_common/hardware_irq/irq.c.obj
 .rodata.irq_set_exclusive_handler.str1.4
                0x10008990       0x36 CMakeFiles/easycontroller_debug.dir/C_/Users/Owner/pico-sdk/src/rp2_common/hardware_irq/irq.c.obj
 .rodata.irq_add_shared_handler.str1.4
                0x10008990       0xd2 CMakeFiles/easycontroller_debug.dir/C_/Users/Owner/pico-sdk/src/rp2_common/hardware_irq/irq.c.obj
 .rodata.irq_add_tail_to_free_list.str1.4
                0x10008990       0x3a CMakeFiles/easycontroller_debug.dir/C_/Users/Owner/pico-sdk/src/rp2_common/hardware_irq/irq.c.obj
 .rodata.user_irq_claim_unused.str1.4
                0x10008990       0x1b CMakeFiles/easycontroller_debug.dir/C_/Users/Owner/pico-sdk/src/rp2_common/hardware_irq/irq.c.obj
 .rodata.__func__.0
                0x10008990       0x1a CMakeFiles/easycontroller_debug.dir/C_/Users/Owner/pico-sdk/src/rp2_common/hardware_irq/irq.c.obj
 *fill*         0x100089aa        0x2 
 .rodata.__func__.3
                0x100089ac        0xa CMakeFiles/easycontroller_debug.dir/C_/Users/Owner/pico-sdk/src/rp2_common/hardware_irq/irq.c.obj
 *fill*         0x100089b6        0x2 
 .rodata.__func__.4
                0x100089b8        0xd CMakeFiles/easycontroller_debug.dir/C_/Users/Owner/pico-sdk/src/rp2_common/hardware_irq/irq.c.obj
 *fill*         0x100089c5        0x3 
 .rodata.__func__.5
                0x100089c8       0x17 CMakeFiles/easycontroller_debug.dir/C_/Users/Owner/pico-sdk/src/rp2_common/hardware_irq/irq.c.obj
 *fill*         0x100089df        0x1 
 .rodata.__func__.6
                0x100089e0       0x1a CMakeFiles/easycontroller_debug.dir/C_/Users/Owner/pico-sdk/src/rp2_common/hardware_irq/irq.c.obj
 .rodata.runtime_init_mutex.str1.4
                0x100089fa       0x55 CMakeFiles/easycontroller_debug.dir/C_/Users/Owner/pico-sdk/src/common/pico_sync/mutex.c.obj
 .rodata.str1.4
                0x100089fa       0x51 CMakeFiles/easycontroller_debug.dir/C_/Users/Owner/pico-sdk/src/common/pico_sync/mutex.c.obj
 *fill*         0x100089fa        0x2 
 .rodata.__func__.1
                0x100089fc        0xb CMakeFiles/easycontroller_debug.dir/C_/Users/Owner/pico-sdk/src/common/pico_sync/mutex.c.obj
 *fill*         0x10008a07        0x1 
 .rodata.__func__.3
                0x10008a08       0x18 CMakeFiles/easycontroller_debug.dir/C_/Users/Owner/pico-sdk/src/common/pico_sync/mutex.c.obj
 .rodata.__func__.6
                0x10008a20       0x13 CMakeFiles/easycontroller_debug.dir/C_/Users/Owner/pico-sdk/src/common/pico_sync/mutex.c.obj
 .rodata.alarm_pool_irq_handler.str1.4
                0x10008a33       0x60 CMakeFiles/easycontroller_debug.dir/C_/Users/Owner/pico-sdk/src/common/pico_time/time.c.obj
 .rodata.alarm_pool_get_default.str1.4
                0x10008a33       0x21 CMakeFiles/easycontroller_debug.dir/C_/Users/Owner/pico-sdk/src/common/pico_time/time.c.obj
 .rodata.sleep_until.str1.4
                0x10008a33       0x4d CMakeFiles/easycontroller_debug.dir/C_/Users/Owner/pico-sdk/src/common/pico_time/time.c.obj
 *fill*         0x10008a33        0x1 
 .rodata.__func__.1
                0x10008a34       0x17 CMakeFiles/easycontroller_debug.dir/C_/Users/Owner/pico-sdk/src/common/pico_time/time.c.obj
 *fill*         0x10008a4b        0x1 
 .rodata.__func__.2
                0x10008a4c       0x17 CMakeFiles/easycontroller_debug.dir/C_/Users/Owner/pico-sdk/src/common/pico_time/time.c.obj
 .rodata.timer_hardware_alarm_claim.str1.4
                0x10008a63       0x22 CMakeFiles/easycontroller_debug.dir/C_/Users/Owner/pico-sdk/src/rp2_common/hardware_timer/timer.c.obj
 .rodata.pll_init.str1.4
                0x10008a63      0x110 CMakeFiles/easycontroller_debug.dir/C_/Users/Owner/pico-sdk/src/rp2_common/hardware_pll/pll.c.obj
 *fill*         0x10008a63        0x1 
 .rodata.__func__.0
                0x10008a64        0x9 CMakeFiles/easycontroller_debug.dir/C_/Users/Owner/pico-sdk/src/rp2_common/hardware_pll/pll.c.obj
 .rodata.__aeabi_double_init.str1.4
                0x10008a6d       0x90 CMakeFiles/easycontroller_debug.dir/C_/Users/Owner/pico-sdk/src/rp2_common/pico_double/double_init_rom_rp2040.c.obj
 *fill*         0x10008a6d        0x3 
 .rodata.__func__.0
                0x10008a70       0x14 CMakeFiles/easycontroller_debug.dir/C_/Users/Owner/pico-sdk/src/rp2_common/pico_double/double_init_rom_rp2040.c.obj
 .rodata.__aeabi_float_init.str1.4
                0x10008a84       0x82 CMakeFiles/easycontroller_debug.dir/C_/Users/Owner/pico-sdk/src/rp2_common/pico_float/float_init_rom_rp2040.c.obj
 .rodata.__func__.0
                0x10008a84       0x13 CMakeFiles/easycontroller_debug.dir/C_/Users/Owner/pico-sdk/src/rp2_common/pico_float/float_init_rom_rp2040.c.obj
 .rodata.str1.4
                0x10008a97       0x4c CMakeFiles/easycontroller_debug.dir/C_/Users/Owner/pico-sdk/src/rp2_common/pico_standard_binary_info/standard_binary_info.c.obj
 *fill*         0x10008a97        0x1 
 .rodata.__bi_84
                0x10008a98        0xc CMakeFiles/easycontroller_debug.dir/C_/Users/Owner/pico-sdk/src/rp2_common/pico_standard_binary_info/standard_binary_info.c.obj
 .rodata.__bi_78
                0x10008aa4        0xc CMakeFiles/easycontroller_debug.dir/C_/Users/Owner/pico-sdk/src/rp2_common/pico_standard_binary_info/standard_binary_info.c.obj
 .rodata.__bi_54
                0x10008ab0        0xc CMakeFiles/easycontroller_debug.dir/C_/Users/Owner/pico-sdk/src/rp2_common/pico_standard_binary_info/standard_binary_info.c.obj
 .rodata.__bi_48
                0x10008abc        0xc CMakeFiles/easycontroller_debug.dir/C_/Users/Owner/pico-sdk/src/rp2_common/pico_standard_binary_info/standard_binary_info.c.obj
 .rodata.__bi_42
                0x10008ac8        0xc CMakeFiles/easycontroller_debug.dir/C_/Users/Owner/pico-sdk/src/rp2_common/pico_standard_binary_info/standard_binary_info.c.obj
 .rodata.__bi_34
                0x10008ad4        0xc CMakeFiles/easycontroller_debug.dir/C_/Users/Owner/pico-sdk/src/rp2_common/pico_standard_binary_info/standard_binary_info.c.obj
 .rodata.__bi_26
                0x10008ae0        0xc CMakeFiles/easycontroller_debug.dir/C_/Users/Owner/pico-sdk/src/rp2_common/pico_standard_binary_info/standard_binary_info.c.obj
 .rodata._ftoa.str1.4
                0x10008aec       0x15 CMakeFiles/easycontroller_debug.dir/C_/Users/Owner/pico-sdk/src/rp2_common/pico_printf/printf.c.obj
 .rodata._vsnprintf
                0x10008aec      0x19c CMakeFiles/easycontroller_debug.dir/C_/Users/Owner/pico-sdk/src/rp2_common/pico_printf/printf.c.obj
 .rodata.pow10.0
                0x10008c88       0x50 CMakeFiles/easycontroller_debug.dir/C_/Users/Owner/pico-sdk/src/rp2_common/pico_printf/printf.c.obj
 .rodata.__assert_func.str1.4
                0x10008cd8       0x43 CMakeFiles/easycontroller_debug.dir/C_/Users/Owner/pico-sdk/src/rp2_common/pico_clib_interface/newlib_interface.c.obj
 .rodata.stdio_getchar_timeout_us.str1.4
                0x10008cd8       0x3e CMakeFiles/easycontroller_debug.dir/C_/Users/Owner/pico-sdk/src/rp2_common/pico_stdio/stdio.c.obj
 .rodata.__func__.1
                0x10008cd8       0x19 CMakeFiles/easycontroller_debug.dir/C_/Users/Owner/pico-sdk/src/rp2_common/pico_stdio/stdio.c.obj
 *fill*         0x10008cf1        0x3 
 .rodata.crlf_str.0
                0x10008cf4        0x2 CMakeFiles/easycontroller_debug.dir/C_/Users/Owner/pico-sdk/src/rp2_common/pico_stdio/stdio.c.obj
 *fill*         0x10008cf6        0x2 
 .rodata._resetd_driver
                0x10008cf8       0x20 CMakeFiles/easycontroller_debug.dir/C_/Users/Owner/pico-sdk/src/rp2_common/pico_stdio_usb/reset_interface.c.obj
 .rodata.desc_ms_os_20
                0x10008d18       0xa6 CMakeFiles/easycontroller_debug.dir/C_/Users/Owner/pico-sdk/src/rp2_common/pico_stdio_usb/reset_interface.c.obj
 *fill*         0x10008dbe        0x2 
 .rodata.desc_bos
                0x10008dc0       0x21 CMakeFiles/easycontroller_debug.dir/C_/Users/Owner/pico-sdk/src/rp2_common/pico_stdio_usb/reset_interface.c.obj
                0x10008dc0                desc_bos
 .rodata.stdio_usb_init.str1.4
                0x10008de1       0x4a CMakeFiles/easycontroller_debug.dir/C_/Users/Owner/pico-sdk/src/rp2_common/pico_stdio_usb/stdio_usb.c.obj
 .rodata.str1.4
                0x10008de1       0x13 CMakeFiles/easycontroller_debug.dir/C_/Users/Owner/pico-sdk/src/rp2_common/pico_stdio_usb/stdio_usb.c.obj
 *fill*         0x10008de1        0x3 
 .rodata.__bi_202.1
                0x10008de4        0xc CMakeFiles/easycontroller_debug.dir/C_/Users/Owner/pico-sdk/src/rp2_common/pico_stdio_usb/stdio_usb.c.obj
 .rodata.__func__.2
                0x10008df0        0xf CMakeFiles/easycontroller_debug.dir/C_/Users/Owner/pico-sdk/src/rp2_common/pico_stdio_usb/stdio_usb.c.obj
 .rodata.str1.4
                0x10008dff       0x2a CMakeFiles/easycontroller_debug.dir/C_/Users/Owner/pico-sdk/src/rp2_common/pico_stdio_usb/stdio_usb_descriptors.c.obj
 *fill*         0x10008dff        0x1 
 .rodata.usbd_desc_str
                0x10008e00       0x18 CMakeFiles/easycontroller_debug.dir/C_/Users/Owner/pico-sdk/src/rp2_common/pico_stdio_usb/stdio_usb_descriptors.c.obj
 .rodata.usbd_desc_cfg
                0x10008e18       0x54 CMakeFiles/easycontroller_debug.dir/C_/Users/Owner/pico-sdk/src/rp2_common/pico_stdio_usb/stdio_usb_descriptors.c.obj
 .rodata.usbd_desc_device
                0x10008e6c       0x12 CMakeFiles/easycontroller_debug.dir/C_/Users/Owner/pico-sdk/src/rp2_common/pico_stdio_usb/stdio_usb_descriptors.c.obj
 .rodata.pico_get_unique_board_id_string.str1.4
                0x10008e7e       0x4a CMakeFiles/easycontroller_debug.dir/C_/Users/Owner/pico-sdk/src/rp2_common/pico_unique_id/unique_id.c.obj
 *fill*         0x10008e7e        0x2 
 .rodata.__func__.0
                0x10008e80       0x20 CMakeFiles/easycontroller_debug.dir/C_/Users/Owner/pico-sdk/src/rp2_common/pico_unique_id/unique_id.c.obj
 .rodata.str1.4
                0x10008ea0      0x1f9 CMakeFiles/easycontroller_debug.dir/C_/Users/Owner/pico-sdk/src/rp2_common/hardware_flash/flash.c.obj
 .rodata.__func__.0
                0x10008ea0        0xd CMakeFiles/easycontroller_debug.dir/C_/Users/Owner/pico-sdk/src/rp2_common/hardware_flash/flash.c.obj
 .rodata.hw_endpoint_alloc.str1.4
                0x10008ead       0x95 CMakeFiles/easycontroller_debug.dir/C_/Users/Owner/pico-sdk/lib/tinyusb/src/portable/raspberrypi/rp2040/dcd_rp2040.c.obj
 .rodata.str1.4
                0x10008ead       0x14 CMakeFiles/easycontroller_debug.dir/C_/Users/Owner/pico-sdk/lib/tinyusb/src/portable/raspberrypi/rp2040/dcd_rp2040.c.obj
 .rodata.dcd_int_enable.str1.4
                0x10008ead        0xc CMakeFiles/easycontroller_debug.dir/C_/Users/Owner/pico-sdk/lib/tinyusb/src/portable/raspberrypi/rp2040/dcd_rp2040.c.obj
 *fill*         0x10008ead        0x3 
 .rodata.__func__.0
                0x10008eb0        0xe CMakeFiles/easycontroller_debug.dir/C_/Users/Owner/pico-sdk/lib/tinyusb/src/portable/raspberrypi/rp2040/dcd_rp2040.c.obj
 *fill*         0x10008ebe        0x2 
 .rodata.__func__.3
                0x10008ec0       0x10 CMakeFiles/easycontroller_debug.dir/C_/Users/Owner/pico-sdk/lib/tinyusb/src/portable/raspberrypi/rp2040/dcd_rp2040.c.obj
 .rodata.__func__.5
                0x10008ed0        0xf CMakeFiles/easycontroller_debug.dir/C_/Users/Owner/pico-sdk/lib/tinyusb/src/portable/raspberrypi/rp2040/dcd_rp2040.c.obj
 *fill*         0x10008edf        0x1 
 .rodata.__func__.6
                0x10008ee0       0x12 CMakeFiles/easycontroller_debug.dir/C_/Users/Owner/pico-sdk/lib/tinyusb/src/portable/raspberrypi/rp2040/dcd_rp2040.c.obj
 *fill*         0x10008ef2        0x2 
 .rodata.__func__.7
                0x10008ef4        0x9 CMakeFiles/easycontroller_debug.dir/C_/Users/Owner/pico-sdk/lib/tinyusb/src/portable/raspberrypi/rp2040/dcd_rp2040.c.obj
 .rodata.str1.4
                0x10008efd       0xdc CMakeFiles/easycontroller_debug.dir/C_/Users/Owner/pico-sdk/lib/tinyusb/src/portable/raspberrypi/rp2040/rp2040_usb.c.obj
 .rodata.hw_endpoint_xfer_start.str1.4
                0x10008efd       0x38 CMakeFiles/easycontroller_debug.dir/C_/Users/Owner/pico-sdk/lib/tinyusb/src/portable/raspberrypi/rp2040/rp2040_usb.c.obj
 *fill*         0x10008efd        0x3 
 .rodata.__func__.0
                0x10008f00        0xf CMakeFiles/easycontroller_debug.dir/C_/Users/Owner/pico-sdk/lib/tinyusb/src/portable/raspberrypi/rp2040/rp2040_usb.c.obj
 .rodata.configuration_reset.str1.4