Archive member included to satisfy reference by file (symbol)

C:/PROGRA~2/ARMGNU~1/142BCE~1.3RE/bin/../lib/gcc/arm-none-eabi/14.3.1/thumb/v6-m/nofp\libgcc.a(_dvmd_tls.o)
                              CMakeFiles/easycontroller_refactored.dir/C_/Users/Owner/pico-sdk/src/rp2_common/pico_divider/divider_hardware.S.obj (__aeabi_idiv0)
C:/PROGRA~2/ARMGNU~1/142BCE~1.3RE/bin/../lib/gcc/arm-none-eabi/14.3.1/../../../../arm-none-eabi/lib/thumb/v6-m/nofp\libg.a(libc_a-atoi.o)
                              CMakeFiles/easycontroller_refactored.dir/motor_state.c.obj (atoi)
C:/PROGRA~2/ARMGNU~1/142BCE~1.3RE/bin/../lib/gcc/arm-none-eabi/14.3.1/../../../../arm-none-eabi/lib/thumb/v6-m/nofp\libg.a(libc_a-calloc.o)
                              CMakeFiles/easycontroller_refactored.dir/C_/Users/Owner/pico-sdk/src/rp2_common/pico_malloc/malloc.c.obj (calloc)
C:/PROGRA~2/ARMGNU~1/142BCE~1.3RE/bin/../lib/gcc/arm-none-eabi/14.3.1/../../../../arm-none-eabi/lib/thumb/v6-m/nofp\libg.a(libc_a-callocr.o)
                              C:/PROGRA~2/ARMGNU~1/142BCE~1.3RE/bin/../lib/gcc/arm-none-eabi/14.3.1/../../../../arm-none-eabi/lib/thumb/v6-m/nofp\libg.a(libc_a-calloc.o) (_calloc_r)
C:/PROGRA~2/ARMGNU~1/142BCE~1.3RE/bin/../lib/gcc/arm-none-eabi/14.3.1/../../../../arm-none-eabi/lib/thumb/v6-m/nofp\libg.a(libc_a-malloc.o)
                              CMakeFiles/easycontroller_refactored.dir/C_/Users/Owner/pico-sdk/src/rp2_common/pico_malloc/malloc.c.obj (malloc)
C:/PROGRA~2/ARMGNU~1/142BCE~1.3RE/bin/../lib/gcc/arm-none-eabi/14.3.1/../../../../arm-none-eabi/lib/thumb/v6-m/nofp\libg.a(libc_a-mallocr.o)
                              C:/PROGRA~2/ARMGNU~1/142BCE~1.3RE/bin/../lib/gcc/arm-none-eabi/14.3.1/../../../../arm-none-eabi/lib/thumb/v6-m/nofp\libg.a(libc_a-callocr.o) (_malloc_r)
C:/PROGRA~2/ARMGNU~1/142BCE~1.3RE/bin/../lib/gcc/arm-none-eabi/14.3.1/../../../../arm-none-eabi/lib/thumb/v6-m/nofp\libg.a(libc_a-mlock.o)
                              C:/PROGRA~2/ARMGNU~1/142BCE~1.3RE/bin/../lib/gcc/arm-none-eabi/14.3.1/../../../../arm-none-eabi/lib/thumb/v6-m/nofp\libg.a(libc_a-mallocr.o) (__malloc_lock)
C:/PROGRA~2/ARMGNU~1/142BCE~1.3RE/bin/../lib/gcc/arm-none-eabi/14.3.1/../../../../arm-none-eabi/lib/thumb/v6-m/nofp\libg.a(libc_a-realloc.o)
                              CMakeFiles/easycontroller_refactored.dir/C_/Users/Owner/pico-sdk/src/rp2_common/pico_malloc/malloc.c.obj (realloc)
C:/PROGRA~2/ARMGNU~1/142BCE~1.3RE/bin/../lib/gcc/arm-none-eabi/14.3.1/../../../../arm-none-eabi/lib/thumb/v6-m/nofp\libg.a(libc_a-reallocr.o)
                              C:/PROGRA~2/ARMGNU~1/142BCE~1.3RE/bin/../lib/gcc/arm-none-eabi/14.3.1/../../../../arm-none-eabi/lib/thumb/v6-m/nofp\libg.a(libc_a-realloc.o) (_realloc_r)
C:/PROGRA~2/ARMGNU~1/142BCE~1.3RE/bin/../lib/gcc/arm-none-eabi/14.3.1/../../../../arm-none-eabi/lib/thumb/v6-m/nofp\libg.a(libc_a-strtol.o)
                              C:/PROGRA~2/ARMGNU~1/142BCE~1.3RE/bin/../lib/gcc/arm-none-eabi/14.3.1/../../../../arm-none-eabi/lib/thumb/v6-m/nofp\libg.a(libc_a-atoi.o) (_strtol_r)
C:/PROGRA~2/ARMGNU~1/142BCE~1.3RE/bin/../lib/gcc/arm-none-eabi/14.3.1/../../../../arm-none-eabi/lib/thumb/v6-m/nofp\libg.a(libc_a-ctype_.o)
                              CMakeFiles/easycontroller_refactored.dir/C_/Users/Owner/pico-sdk/lib/tinyusb/src/tusb.c.obj (_ctype_)
C:/PROGRA~2/ARMGNU~1/142BCE~1.3RE/bin/../lib/gcc/arm-none-eabi/14.3.1/../../../../arm-none-eabi/lib/thumb/v6-m/nofp\libg.a(libc_a-memcmp.o)
                              CMakeFiles/easycontroller_refactored.dir/C_/Users/Owner/pico-sdk/src/rp2_common/pico_atomic/atomic.c.obj (memcmp)
C:/PROGRA~2/ARMGNU~1/142BCE~1.3RE/bin/../lib/gcc/arm-none-eabi/14.3.1/../../../../arm-none-eabi/lib/thumb/v6-m/nofp\libg.a(libc_a-memmove.o)
                              C:/PROGRA~2/ARMGNU~1/142BCE~1.3RE/bin/../lib/gcc/arm-none-eabi/14.3.1/../../../../arm-none-eabi/lib/thumb/v6-m/nofp\libg.a(libc_a-reallocr.o) (memmove)
C:/PROGRA~2/ARMGNU~1/142BCE~1.3RE/bin/../lib/gcc/arm-none-eabi/14.3.1/../../../../arm-none-eabi/lib/thumb/v6-m/nofp\libg.a(libc_a-lcltime_r.o)
                              CMakeFiles/easycontroller_refactored.dir/C_/Users/Owner/pico-sdk/src/common/pico_util/datetime.c.obj (localtime_r)
C:/PROGRA~2/ARMGNU~1/142BCE~1.3RE/bin/../lib/gcc/arm-none-eabi/14.3.1/../../../../arm-none-eabi/lib/thumb/v6-m/nofp\libg.a(libc_a-mktime.o)
                              CMakeFiles/easycontroller_refactored.dir/C_/Users/Owner/pico-sdk/src/common/pico_util/datetime.c.obj (mktime)
C:/PROGRA~2/ARMGNU~1/142BCE~1.3RE/bin/../lib/gcc/arm-none-eabi/14.3.1/../../../../arm-none-eabi/lib/thumb/v6-m/nofp\libg.a(libc_a-month_lengths.o)
                              C:/PROGRA~2/ARMGNU~1/142BCE~1.3RE/bin/../lib/gcc/arm-none-eabi/14.3.1/../../../../arm-none-eabi/lib/thumb/v6-m/nofp\libg.a(libc_a-lcltime_r.o) (__month_lengths)
C:/PROGRA~2/ARMGNU~1/142BCE~1.3RE/bin/../lib/gcc/arm-none-eabi/14.3.1/../../../../arm-none-eabi/lib/thumb/v6-m/nofp\libg.a(libc_a-tzcalc_limits.o)
[...]
Memory Configuration

Name             Origin             Length             Attributes
FLASH            0x10000000         0x00200000         xr
RAM              0x20000000         0x00040000         xrw
SCRATCH_X        0x20040000         0x00001000         xrw
SCRATCH_Y        0x20041000         0x00001000         xrw
*default*        0x00000000         0xffffffff

Linker script and memory map

LOAD C:/PROGRA~2/ARMGNU~1/142BCE~1.3RE/bin/../lib/gcc/arm-none-eabi/14.3.1/thumb/v6-m/nofp/crti.o
LOAD C:/PROGRA~2/ARMGNU~1/142BCE~1.3RE/bin/../lib/gcc/arm-none-eabi/14.3.1/thumb/v6-m/nofp/crtbegin.o
LOAD C:/PROGRA~2/ARMGNU~1/142BCE~1.3RE/bin/../lib/gcc/arm-none-eabi/14.3.1/../../../../arm-none-eabi/lib/thumb/v6-m/nofp/crt0.o

.flash_begin    0x10000000        0x0
                0x10000000                        __flash_binary_start = .

.boot2          0x10000000      0x100
                0x10000000                        __boot2_start__ = .
 *(.boot2)
 .boot2         0x10000000      0x100 pico-sdk/src/rp2040/boot_stage2/CMakeFiles/bs2_default_library.dir/./bs2_default_padded_checksummed.S.obj
                0x10000100                        __boot2_end__ = .
                0x00000001                        ASSERT (((__boot2_end__ - __boot2_start__) == 0x100), ERROR: Pico second stage bootloader must be 256 bytes in size)

.text           0x10000100     0x7e24
                0x10000100                        __logical_binary_start = .
 *(.vectors)
 .vectors       0x10000100       0xd4 CMakeFiles/easycontroller_refactored.dir/C_/Users/Owner/pico-sdk/src/rp2_common/pico_crt0/crt0.S.obj
                0x10000100                __VECTOR_TABLE
                0x10000100                __vectors
                0x100001c0                isr_irq13
                0x100001c0                isr_irq27
                0x100001c0                isr_irq31
                0x100001c0                isr_irq12
                0x100001c0                isr_irq5
                0x100001c0                isr_irq11
                0x100001c0                isr_irq3
                0x100001c0                isr_irq23
                0x100001c0                __unhandled_user_irq
                0x100001c0                isr_irq26
                0x100001c0                isr_irq28
                0x100001c0                isr_irq19
                0x100001c0                isr_irq0
                0x100001c0                isr_irq6
                0x100001c0                isr_irq29
                0x100001c0                isr_irq16
                0x100001c0                isr_irq22
                0x100001c0                isr_irq18
                0x100001c0                isr_irq17
                0x100001c0                isr_irq14
                0x100001c0                __vectors_end
                0x100001c0                __default_isrs_start
                0x100001c0                isr_irq2
                0x100001c0                isr_irq10
                0x100001c0                isr_irq8
                0x100001c0                isr_irq24
                0x100001c0                isr_irq1
                0x100001c0                isr_irq7
                0x100001c0                isr_irq21
                0x100001c0                isr_irq20
                0x100001c0                isr_irq15
                0x100001c0                isr_irq25
                0x100001c0                isr_irq4
                0x100001c0                isr_irq30
                0x100001c0                isr_irq9
                0x100001c6                unhandled_user_irq_num_in_r0
                0x100001c8                isr_invalid
                0x100001ca                isr_nmi
                0x100001cc                isr_hardfault
                0x100001ce                isr_svcall
                0x100001d0                isr_pendsv
                0x100001d2                isr_systick
                0x100001d4                __default_isrs_end
 *(.binary_info_header)
 .binary_info_header
                0x100001d4       0x14 CMakeFiles/easycontroller_refactored.dir/C_/Users/Owner/pico-sdk/src/rp2_common/pico_crt0/crt0.S.obj
                0x100001e8                        __binary_info_header_end = .
 *(.embedded_block)
                0x100001e8                        __embedded_block_end = .
 *(.reset)
 .reset         0x100001e8       0x9c CMakeFiles/easycontroller_refactored.dir/C_/Users/Owner/pico-sdk/src/rp2_common/pico_crt0/crt0.S.obj
                0x100001e8                _entry_point
 *(.init)
 .init          0x10000284        0x4 C:/PROGRA~2/ARMGNU~1/142BCE~1.3RE/bin/../lib/gcc/arm-none-eabi/14.3.1/thumb/v6-m/nofp/crti.o
                0x10000284                _init
 *(EXCLUDE_FILE(*libm.a: *libc.a:*lib_a-mem*.o *libgcc.a:) .text*)
 .text.register_tm_clones
                0x10000288       0x28 C:/PROGRA~2/ARMGNU~1/142BCE~1.3RE/bin/../lib/gcc/arm-none-eabi/14.3.1/thumb/v6-m/nofp/crtbegin.o
 .text.frame_dummy
                0x100002b0       0x24 C:/PROGRA~2/ARMGNU~1/142BCE~1.3RE/bin/../lib/gcc/arm-none-eabi/14.3.1/thumb/v6-m/nofp/crtbegin.o
 .text.main     0x100002d4      0x1e4 CMakeFiles/easycontroller_refactored.dir/easycontroller_refactored.c.obj
                0x100002d4                main
 .text.uart_putc
                0x100004b8       0x60 CMakeFiles/easycontroller_refactored.dir/UART.c.obj
 .text.uart_puts
                0x10000518       0x4a CMakeFiles/easycontroller_refactored.dir/UART.c.obj
 *fill*         0x10000562        0x2 
 .text.send_telemetry_uart
                0x10000564       0xa0 CMakeFiles/easycontroller_refactored.dir/UART.c.obj
                0x10000564                send_telemetry_uart
 .text.on_pwm_wrap
                0x10000604       0x68 CMakeFiles/easycontroller_refactored.dir/motor_control.c.obj
                0x10000604                on_pwm_wrap
 .text.writePhases
                0x1000066c       0x68 CMakeFiles/easycontroller_refactored.dir/motor_control.c.obj
                0x1000066c                writePhases
 .text.writePWM
                0x100006d4       0xbc CMakeFiles/easycontroller_refactored.dir/motor_control.c.obj
                0x100006d4                writePWM
 .text.get_halls
                0x10000790       0x98 CMakeFiles/easycontroller_refactored.dir/motor_control.c.obj
                0x10000790                get_halls
 .text.on_adc_fifo
                0x10000828      0x3b8 CMakeFiles/easycontroller_refactored.dir/motor_control.c.obj
                0x10000828                on_adc_fifo
 .text.identify_halls
                0x10000be0       0xe4 CMakeFiles/easycontroller_refactored.dir/motor_control.c.obj
                0x10000be0                identify_halls
 .text.pwm_init
                0x10000cc4       0x34 CMakeFiles/easycontroller_refactored.dir/motor_hw.c.obj
 .text.pwm_get_default_config
                0x10000cf8       0x18 CMakeFiles/easycontroller_refactored.dir/motor_hw.c.obj
 .text.adc_gpio_init
                0x10000d10       0x1e CMakeFiles/easycontroller_refactored.dir/motor_hw.c.obj
 *fill*         0x10000d2e        0x2 
 .text.init_hardware
                0x10000d30      0x274 CMakeFiles/easycontroller_refactored.dir/motor_hw.c.obj
                0x10000d30                init_hardware
 .text.wait_for_serial_command
                0x10000fa4       0x18 CMakeFiles/easycontroller_refactored.dir/motor_state.c.obj
                0x10000fa4                wait_for_serial_command
 .text.check_serial_input_for_Phase_Current
                0x10000fbc       0x64 CMakeFiles/easycontroller_refactored.dir/motor_state.c.obj
                0x10000fbc                check_serial_input_for_Phase_Current
 .text.gpio_set_function
                0x10001020       0x34 CMakeFiles/easycontroller_refactored.dir/C_/Users/Owner/pico-sdk/src/rp2_common/hardware_gpio/gpio.c.obj
                0x10001020                gpio_set_function
 .text.gpio_set_pulls
                0x10001054       0x38 CMakeFiles/easycontroller_refactored.dir/C_/Users/Owner/pico-sdk/src/rp2_common/hardware_gpio/gpio.c.obj
                0x10001054                gpio_set_pulls
 .text.gpio_set_input_enabled
                0x1000108c       0x28 CMakeFiles/easycontroller_refactored.dir/C_/Users/Owner/pico-sdk/src/rp2_common/hardware_gpio/gpio.c.obj
                0x1000108c                gpio_set_input_enabled
 .text.gpio_init
                0x100010b4       0x16 CMakeFiles/easycontroller_refactored.dir/C_/Users/Owner/pico-sdk/src/rp2_common/hardware_gpio/gpio.c.obj
                0x100010b4                gpio_init
 *fill*         0x100010ca        0x2 
 .text.rp2040_chip_version
                0x100010cc       0x54 CMakeFiles/easycontroller_refactored.dir/C_/Users/Owner/pico-sdk/src/rp2040/pico_platform/platform.c.obj
                0x100010cc                rp2040_chip_version
 .text.panic    0x10001120       0x30 CMakeFiles/easycontroller_refactored.dir/C_/Users/Owner/pico-sdk/src/rp2_common/pico_platform_panic/panic.c.obj
                0x10001120                panic
 .text.hw_claim_lock
                0x10001150       0x18 CMakeFiles/easycontroller_refactored.dir/C_/Users/Owner/pico-sdk/src/common/hardware_claim/claim.c.obj
                0x10001150                hw_claim_lock
 .text.hw_claim_unlock
                0x10001168       0x14 CMakeFiles/easycontroller_refactored.dir/C_/Users/Owner/pico-sdk/src/common/hardware_claim/claim.c.obj
                0x10001168                hw_claim_unlock
 .text.hw_claim_or_assert
                0x1000117c       0x32 CMakeFiles/easycontroller_refactored.dir/C_/Users/Owner/pico-sdk/src/common/hardware_claim/claim.c.obj
                0x1000117c                hw_claim_or_assert
 .text.hw_claim_unused_from_range
                0x100011ae       0x50 CMakeFiles/easycontroller_refactored.dir/C_/Users/Owner/pico-sdk/src/common/hardware_claim/claim.c.obj
                0x100011ae                hw_claim_unused_from_range
 *fill*         0x100011fe        0x2 
 .text.next_striped_spin_lock_num
                0x10001200       0x1c CMakeFiles/easycontroller_refactored.dir/C_/Users/Owner/pico-sdk/src/rp2_common/hardware_sync/sync.c.obj
                0x10001200                next_striped_spin_lock_num
 .text.spin_lock_claim_unused
                0x1000121c       0x24 CMakeFiles/easycontroller_refactored.dir/C_/Users/Owner/pico-sdk/src/rp2_common/hardware_sync/sync.c.obj
                0x1000121c                spin_lock_claim_unused
 .text.spin_locks_reset
                0x10001240       0x20 CMakeFiles/easycontroller_refactored.dir/C_/Users/Owner/pico-sdk/src/rp2_common/hardware_sync_spin_lock/sync_spin_lock.c.obj
                0x10001240                spin_locks_reset
 .text.set_raw_irq_handler_and_unlock
                0x10001260       0x28 CMakeFiles/easycontroller_refactored.dir/C_/Users/Owner/pico-sdk/src/rp2_common/hardware_irq/irq.c.obj
 .text.nvic_ipr0
                0x10001288        0x8 CMakeFiles/easycontroller_refactored.dir/C_/Users/Owner/pico-sdk/src/rp2_common/hardware_irq/irq.c.obj
 .text.runtime_init_per_core_irq_priorities
                0x10001290       0x1c CMakeFiles/easycontroller_refactored.dir/C_/Users/Owner/pico-sdk/src/rp2_common/hardware_irq/irq.c.obj
                0x10001290                runtime_init_per_core_irq_priorities
 .text.resolve_j_16
                0x100012ac       0x30 CMakeFiles/easycontroller_refactored.dir/C_/Users/Owner/pico-sdk/src/rp2_common/hardware_irq/irq.c.obj
 .text.make_j_16
                0x100012dc       0x48 CMakeFiles/easycontroller_refactored.dir/C_/Users/Owner/pico-sdk/src/rp2_common/hardware_irq/irq.c.obj
 .text.irq_is_enabled
                0x10001324       0x18 CMakeFiles/easycontroller_refactored.dir/C_/Users/Owner/pico-sdk/src/rp2_common/hardware_irq/irq.c.obj
                0x10001324                irq_is_enabled
 .text.irq_set_mask_n_enabled
                0x1000133c       0x1c CMakeFiles/easycontroller_refactored.dir/C_/Users/Owner/pico-sdk/src/rp2_common/hardware_irq/irq.c.obj
                0x1000133c                irq_set_mask_n_enabled
 .text.irq_set_enabled
                0x10001358       0x14 CMakeFiles/easycontroller_refactored.dir/C_/Users/Owner/pico-sdk/src/rp2_common/hardware_irq/irq.c.obj
                0x10001358                irq_set_enabled
 .text.irq_set_pending
                0x1000136c       0x10 CMakeFiles/easycontroller_refactored.dir/C_/Users/Owner/pico-sdk/src/rp2_common/hardware_irq/irq.c.obj
                0x1000136c                irq_set_pending
 .text.irq_get_vtable_handler
                0x1000137c       0x10 CMakeFiles/easycontroller_refactored.dir/C_/Users/Owner/pico-sdk/src/rp2_common/hardware_irq/irq.c.obj
                0x1000137c                irq_get_vtable_handler
 .text.irq_has_shared_handler
                0x1000138c       0x1c CMakeFiles/easycontroller_refactored.dir/C_/Users/Owner/pico-sdk/src/rp2_common/hardware_irq/irq.c.obj
                0x1000138c                irq_has_shared_handler
 .text.irq_set_exclusive_handler
                0x100013a8       0x54 CMakeFiles/easycontroller_refactored.dir/C_/Users/Owner/pico-sdk/src/rp2_common/hardware_irq/irq.c.obj
                0x100013a8                irq_set_exclusive_handler
 .text.irq_add_shared_handler
                0x100013fc      0x218 CMakeFiles/easycontroller_refactored.dir/C_/Users/Owner/pico-sdk/src/rp2_common/hardware_irq/irq.c.obj
                0x100013fc                irq_add_shared_handler
 .text.irq_set_priority
                0x10001614       0x26 CMakeFiles/easycontroller_refactored.dir/C_/Users/Owner/pico-sdk/src/rp2_common/hardware_irq/irq.c.obj
                0x10001614                irq_set_priority
 *fill*         0x1000163a        0x2 
 .text.irq_add_tail_to_free_list
                0x1000163c       0xf4 CMakeFiles/easycontroller_refactored.dir/C_/Users/Owner/pico-sdk/src/rp2_common/hardware_irq/irq.c.obj
                0x1000163c                irq_add_tail_to_free_list
 .text.user_irq_claim_unused
                0x10001730       0x2c CMakeFiles/easycontroller_refactored.dir/C_/Users/Owner/pico-sdk/src/rp2_common/hardware_irq/irq.c.obj
                0x10001730                user_irq_claim_unused
 .text.lock_init
                0x1000175c       0x10 CMakeFiles/easycontroller_refactored.dir/C_/Users/Owner/pico-sdk/src/common/pico_sync/lock_core.c.obj
                0x1000175c                lock_init
 .text.mutex_init
                0x1000176c       0x1a CMakeFiles/easycontroller_refactored.dir/C_/Users/Owner/pico-sdk/src/common/pico_sync/mutex.c.obj
                0x1000176c                mutex_init
 .text.recursive_mutex_init
                0x10001786       0x1e CMakeFiles/easycontroller_refactored.dir/C_/Users/Owner/pico-sdk/src/common/pico_sync/mutex.c.obj
                0x10001786                recursive_mutex_init
 .text.runtime_init_mutex
                0x100017a4       0x4c CMakeFiles/easycontroller_refactored.dir/C_/Users/Owner/pico-sdk/src/common/pico_sync/mutex.c.obj
                0x100017a4                runtime_init_mutex
 .text.critical_section_init_with_lock_num
                0x100017f0       0x14 CMakeFiles/easycontroller_refactored.dir/C_/Users/Owner/pico-sdk/src/common/pico_sync/critical_section.c.obj
                0x100017f0                critical_section_init_with_lock_num
 .text.critical_section_init
                0x10001804       0x14 CMakeFiles/easycontroller_refactored.dir/C_/Users/Owner/pico-sdk/src/common/pico_sync/critical_section.c.obj
                0x10001804                critical_section_init
 .text.ta_set_timeout
                0x10001818       0x24 CMakeFiles/easycontroller_refactored.dir/C_/Users/Owner/pico-sdk/src/common/pico_time/time.c.obj
 .text.make_alarm_id
                0x1000183c        0x6 CMakeFiles/easycontroller_refactored.dir/C_/Users/Owner/pico-sdk/src/common/pico_time/time.c.obj
 *fill*         0x10001842        0x2 
 .text.sleep_until_callback
                0x10001844       0x30 CMakeFiles/easycontroller_refactored.dir/C_/Users/Owner/pico-sdk/src/common/pico_time/time.c.obj
 .text.alarm_pool_irq_handler
                0x10001874      0x2f0 CMakeFiles/easycontroller_refactored.dir/C_/Users/Owner/pico-sdk/src/common/pico_time/time.c.obj
 .text.ta_enable_irq_handler
                0x10001b64       0x2c CMakeFiles/easycontroller_refactored.dir/C_/Users/Owner/pico-sdk/src/common/pico_time/time.c.obj
 .text.alarm_pool_post_alloc_init
                0x10001b90       0x78 CMakeFiles/easycontroller_refactored.dir/C_/Users/Owner/pico-sdk/src/common/pico_time/time.c.obj
 .text.alarm_pool_get_default
                0x10001c08       0x2c CMakeFiles/easycontroller_refactored.dir/C_/Users/Owner/pico-sdk/src/common/pico_time/time.c.obj
                0x10001c08                alarm_pool_get_default
 .text.alarm_pool_add_alarm_at_force_in_context
                0x10001c34       0xa4 CMakeFiles/easycontroller_refactored.dir/C_/Users/Owner/pico-sdk/src/common/pico_time/time.c.obj
                0x10001c34                alarm_pool_add_alarm_at_force_in_context
 .text.alarm_pool_add_alarm_at
                0x10001cd8       0x3c CMakeFiles/easycontroller_refactored.dir/C_/Users/Owner/pico-sdk/src/common/pico_time/time.c.obj
                0x10001cd8                alarm_pool_add_alarm_at
 .text.add_alarm_at
                0x10001d14       0x2e CMakeFiles/easycontroller_refactored.dir/C_/Users/Owner/pico-sdk/src/common/pico_time/time.c.obj
 *fill*         0x10001d42        0x2 
 .text.alarm_pool_cancel_alarm
                0x10001d44       0x78 CMakeFiles/easycontroller_refactored.dir/C_/Users/Owner/pico-sdk/src/common/pico_time/time.c.obj
                0x10001d44                alarm_pool_cancel_alarm
 .text.cancel_alarm
                0x10001dbc       0x10 CMakeFiles/easycontroller_refactored.dir/C_/Users/Owner/pico-sdk/src/common/pico_time/time.c.obj
 .text.alarm_pool_core_num
                0x10001dcc        0x4 CMakeFiles/easycontroller_refactored.dir/C_/Users/Owner/pico-sdk/src/common/pico_time/time.c.obj
                0x10001dcc                alarm_pool_core_num
 .text.sleep_until
                0x10001dd0       0xb0 CMakeFiles/easycontroller_refactored.dir/C_/Users/Owner/pico-sdk/src/common/pico_time/time.c.obj
                0x10001dd0                sleep_until
 .text.sleep_us
                0x10001e80       0x24 CMakeFiles/easycontroller_refactored.dir/C_/Users/Owner/pico-sdk/src/common/pico_time/time.c.obj
                0x10001e80                sleep_us
 .text.sleep_ms
                0x10001ea4       0x14 CMakeFiles/easycontroller_refactored.dir/C_/Users/Owner/pico-sdk/src/common/pico_time/time.c.obj
                0x10001ea4                sleep_ms
 .text.best_effort_wfe_or_timeout
                0x10001eb8      0x11c CMakeFiles/easycontroller_refactored.dir/C_/Users/Owner/pico-sdk/src/common/pico_time/time.c.obj
                0x10001eb8                best_effort_wfe_or_timeout
 .text.alarm_pool_get_default_timer
                0x10001fd4        0x8 CMakeFiles/easycontroller_refactored.dir/C_/Users/Owner/pico-sdk/src/common/pico_time/time.c.obj
                0x10001fd4                alarm_pool_get_default_timer
 .text.runtime_init_default_alarm_pool
                0x10001fdc       0x38 CMakeFiles/easycontroller_refactored.dir/C_/Users/Owner/pico-sdk/src/common/pico_time/time.c.obj
                0x10001fdc                runtime_init_default_alarm_pool
 .text.timer_hardware_alarm_claim
                0x10002014       0x14 CMakeFiles/easycontroller_refactored.dir/C_/Users/Owner/pico-sdk/src/rp2_common/hardware_timer/timer.c.obj
                0x10002014                timer_hardware_alarm_claim
 .text.timer_time_us_64
                0x10002028       0x10 CMakeFiles/easycontroller_refactored.dir/C_/Users/Owner/pico-sdk/src/rp2_common/hardware_timer/timer.c.obj
                0x10002028                timer_time_us_64
 .text.timer_busy_wait_until
                0x10002038       0x1a CMakeFiles/easycontroller_refactored.dir/C_/Users/Owner/pico-sdk/src/rp2_common/hardware_timer/timer.c.obj
                0x10002038                timer_busy_wait_until
 .text.timer_busy_wait_us
                0x10002052       0x38 CMakeFiles/easycontroller_refactored.dir/C_/Users/Owner/pico-sdk/src/rp2_common/hardware_timer/timer.c.obj
                0x10002052                timer_busy_wait_us
 *fill*         0x1000208a        0x2 
 .text.time_us_64
                0x1000208c       0x10 CMakeFiles/easycontroller_refactored.dir/C_/Users/Owner/pico-sdk/src/rp2_common/hardware_timer/timer.c.obj
                0x1000208c                time_us_64
 .text.busy_wait_us
                0x1000209c       0x14 CMakeFiles/easycontroller_refactored.dir/C_/Users/Owner/pico-sdk/src/rp2_common/hardware_timer/timer.c.obj
                0x1000209c                busy_wait_us
 .text.busy_wait_until
                0x100020b0       0x14 CMakeFiles/easycontroller_refactored.dir/C_/Users/Owner/pico-sdk/src/rp2_common/hardware_timer/timer.c.obj
                0x100020b0                busy_wait_until
 .text.uart_unreset
                0x100020c4       0x2c CMakeFiles/easycontroller_refactored.dir/C_/Users/Owner/pico-sdk/src/rp2_common/hardware_uart/uart.c.obj
 .text.uart_disable_before_lcr_write
                0x100020f0       0x48 CMakeFiles/easycontroller_refactored.dir/C_/Users/Owner/pico-sdk/src/rp2_common/hardware_uart/uart.c.obj
 .text.uart_write_lcr_bits_masked
                0x10002138       0x20 CMakeFiles/easycontroller_refactored.dir/C_/Users/Owner/pico-sdk/src/rp2_common/hardware_uart/uart.c.obj
 .text.uart_set_baudrate
                0x10002158       0x5c CMakeFiles/easycontroller_refactored.dir/C_/Users/Owner/pico-sdk/src/rp2_common/hardware_uart/uart.c.obj
                0x10002158                uart_set_baudrate
 .text.uart_set_translate_crlf
                0x100021b4       0x28 CMakeFiles/easycontroller_refactored.dir/C_/Users/Owner/pico-sdk/src/rp2_common/hardware_uart/uart.c.obj
                0x100021b4                uart_set_translate_crlf
 .text.uart_init
                0x100021dc       0x64 CMakeFiles/easycontroller_refactored.dir/C_/Users/Owner/pico-sdk/src/rp2_common/hardware_uart/uart.c.obj
                0x100021dc                uart_init
 .text.clock_configure_internal
                0x10002240       0xc4 CMakeFiles/easycontroller_refactored.dir/C_/Users/Owner/pico-sdk/src/rp2_common/hardware_clocks/clocks.c.obj
 .text.clock_configure_int_divider
                0x10002304       0x28 CMakeFiles/easycontroller_refactored.dir/C_/Users/Owner/pico-sdk/src/rp2_common/hardware_clocks/clocks.c.obj
                0x10002304                clock_configure_int_divider
 .text.clock_configure_undivided
                0x1000232c       0x12 CMakeFiles/easycontroller_refactored.dir/C_/Users/Owner/pico-sdk/src/rp2_common/hardware_clocks/clocks.c.obj
                0x1000232c                clock_configure_undivided
 *fill*         0x1000233e        0x2 
 .text.clock_get_hz
                0x10002340        0xc CMakeFiles/easycontroller_refactored.dir/C_/Users/Owner/pico-sdk/src/rp2_common/hardware_clocks/clocks.c.obj
                0x10002340                clock_get_hz
 .text.pll_init
                0x1000234c      0x124 CMakeFiles/easycontroller_refactored.dir/C_/Users/Owner/pico-sdk/src/rp2_common/hardware_pll/pll.c.obj
                0x1000234c                pll_init
 .text.watchdog_update
                0x10002470       0x14 CMakeFiles/easycontroller_refactored.dir/C_/Users/Owner/pico-sdk/src/rp2_common/hardware_watchdog/watchdog.c.obj
                0x10002470                watchdog_update
 .text._watchdog_enable
                0x10002484       0x78 CMakeFiles/easycontroller_refactored.dir/C_/Users/Owner/pico-sdk/src/rp2_common/hardware_watchdog/watchdog.c.obj
                0x10002484                _watchdog_enable
 .text.watchdog_reboot
                0x100024fc       0x48 CMakeFiles/easycontroller_refactored.dir/C_/Users/Owner/pico-sdk/src/rp2_common/hardware_watchdog/watchdog.c.obj
                0x100024fc                watchdog_reboot
 .text.tick_start
                0x10002544       0x10 CMakeFiles/easycontroller_refactored.dir/C_/Users/Owner/pico-sdk/src/rp2_common/hardware_ticks/ticks.c.obj
                0x10002544                tick_start
 .text.rom_func_lookup
                0x10002554       0x10 CMakeFiles/easycontroller_refactored.dir/C_/Users/Owner/pico-sdk/src/rp2_common/pico_bootrom/bootrom.c.obj
                0x10002554                rom_func_lookup
 .text.rom_data_lookup
                0x10002564       0x10 CMakeFiles/easycontroller_refactored.dir/C_/Users/Owner/pico-sdk/src/rp2_common/pico_bootrom/bootrom.c.obj
                0x10002564                rom_data_lookup
 .text.rom_funcs_lookup
                0x10002574       0x36 CMakeFiles/easycontroller_refactored.dir/C_/Users/Owner/pico-sdk/src/rp2_common/pico_bootrom/bootrom.c.obj
                0x10002574                rom_funcs_lookup
 *fill*         0x100025aa        0x2 
 .text.rom_reset_usb_boot_extra
                0x100025ac       0x24 CMakeFiles/easycontroller_refactored.dir/C_/Users/Owner/pico-sdk/src/rp2_common/pico_bootrom/bootrom.c.obj
                0x100025ac                rom_reset_usb_boot_extra
 .text.xosc_init
                0x100025d0       0x2c CMakeFiles/easycontroller_refactored.dir/C_/Users/Owner/pico-sdk/src/rp2_common/hardware_xosc/xosc.c.obj
                0x100025d0                xosc_init
 .text.runtime_run_initializers_from
                0x100025fc       0x18 CMakeFiles/easycontroller_refactored.dir/C_/Users/Owner/pico-sdk/src/rp2_common/pico_runtime/runtime.c.obj
 .text.first_per_core_initializer
                0x10002614        0x2 CMakeFiles/easycontroller_refactored.dir/C_/Users/Owner/pico-sdk/src/rp2_common/pico_runtime/runtime.c.obj
 *fill*         0x10002616        0x2 
 .text.runtime_run_initializers
                0x10002618       0x10 CMakeFiles/easycontroller_refactored.dir/C_/Users/Owner/pico-sdk/src/rp2_common/pico_runtime/runtime.c.obj
                0x10002618                runtime_run_initializers
 .text.runtime_init_early_resets
                0x10002628       0x2c CMakeFiles/easycontroller_refactored.dir/C_/Users/Owner/pico-sdk/src/rp2_common/pico_runtime_init/runtime_init.c.obj
                0x10002628                runtime_init_early_resets
 .text.runtime_init_usb_power_down
                0x10002654       0x1c CMakeFiles/easycontroller_refactored.dir/C_/Users/Owner/pico-sdk/src/rp2_common/pico_runtime_init/runtime_init.c.obj
                0x10002654                runtime_init_usb_power_down
 .text.runtime_init_post_clock_resets
                0x10002670       0x20 CMakeFiles/easycontroller_refactored.dir/C_/Users/Owner/pico-sdk/src/rp2_common/pico_runtime_init/runtime_init.c.obj
                0x10002670                runtime_init_post_clock_resets
 .text.runtime_init_rp2040_gpio_ie_disable
                0x10002690       0x14 CMakeFiles/easycontroller_refactored.dir/C_/Users/Owner/pico-sdk/src/rp2_common/pico_runtime_init/runtime_init.c.obj
                0x10002690                runtime_init_rp2040_gpio_ie_disable
 .text.runtime_init_spin_locks_reset
                0x100026a4        0x8 CMakeFiles/easycontroller_refactored.dir/C_/Users/Owner/pico-sdk/src/rp2_common/pico_runtime_init/runtime_init.c.obj
                0x100026a4                runtime_init_spin_locks_reset
 .text.runtime_init_install_ram_vector_table
                0x100026ac       0x48 CMakeFiles/easycontroller_refactored.dir/C_/Users/Owner/pico-sdk/src/rp2_common/pico_runtime_init/runtime_init.c.obj
                0x100026ac                runtime_init_install_ram_vector_table
 .text.start_all_ticks
                0x100026f4       0x28 CMakeFiles/easycontroller_refactored.dir/C_/Users/Owner/pico-sdk/src/rp2_common/pico_runtime_init/runtime_init_clocks.c.obj
 .text.runtime_init_clocks
                0x1000271c       0xcc CMakeFiles/easycontroller_refactored.dir/C_/Users/Owner/pico-sdk/src/rp2_common/pico_runtime_init/runtime_init_clocks.c.obj
                0x1000271c                runtime_init_clocks
 .text          0x100027e8       0x10 CMakeFiles/easycontroller_refactored.dir/C_/Users/Owner/pico-sdk/src/rp2_common/pico_bit_ops/bit_ops_aeabi.S.obj
 .text.__wrap___aeabi_idiv
                0x100027f8       0x50 CMakeFiles/easycontroller_refactored.dir/C_/Users/Owner/pico-sdk/src/rp2_common/pico_divider/divider_hardware.S.obj
                0x100027f8                __wrap___aeabi_idivmod
                0x100027f8                divmod_s32s32
                0x100027f8                div_s32s32
                0x100027f8                __wrap___aeabi_idiv
                0x10002800                divmod_s32s32_unsafe
                0x1000282c                divmod_s32s32_savestate
 .text.__wrap___aeabi_uidiv
                0x10002848       0x4c CMakeFiles/easycontroller_refactored.dir/C_/Users/Owner/pico-sdk/src/rp2_common/pico_divider/divider_hardware.S.obj
                0x10002848                __wrap___aeabi_uidiv
                0x10002848                __wrap___aeabi_uidivmod
                0x10002848                div_u32u32
                0x10002848                divmod_u32u32
                0x10002850                divmod_u32u32_unsafe
                0x10002878                divmod_u32u32_savestate
 .text.__wrap___aeabi_ldiv
                0x10002894      0x424 CMakeFiles/easycontroller_refactored.dir/C_/Users/Owner/pico-sdk/src/rp2_common/pico_divider/divider_hardware.S.obj
                0x10002894                div_s64s64
                0x10002894                divmod_s64s64
                0x10002894                __wrap___aeabi_ldivmod
                0x100028c4                divmod_u64u64
                0x100028c4                div_u64u64
                0x100028c4                __wrap___aeabi_uldivmod
                0x100028d4                divmod_u64u64_savestate
                0x100028f4                divmod_s64s64_unsafe
                0x1000297c                divmod_u64u64_unsafe
 .text.__wrap___aeabi_darithmetic
                0x10002cb8       0x80 CMakeFiles/easycontroller_refactored.dir/C_/Users/Owner/pico-sdk/src/rp2_common/pico_double/double_aeabi_rp2040.S.obj
                0x10002cb8                __wrap___aeabi_drsub
                0x10002cbe                __wrap___aeabi_dsub
                0x10002cd0                __wrap___aeabi_dadd
                0x10002ce2                __wrap___aeabi_ddiv
                0x10002d1e                __wrap___aeabi_dmul
 .text.__wrap___aeabi_cdcmple
                0x10002d38       0x6c CMakeFiles/easycontroller_refactored.dir/C_/Users/Owner/pico-sdk/src/rp2_common/pico_double/double_aeabi_rp2040.S.obj
                0x10002d38                __wrap___aeabi_cdrcmple
                0x10002d48                __wrap___aeabi_cdcmpeq
                0x10002d48                __wrap___aeabi_cdcmple
 .text.__wrap___aeabi_dcmplt
                0x10002da4        0xc CMakeFiles/easycontroller_refactored.dir/C_/Users/Owner/pico-sdk/src/rp2_common/pico_double/double_aeabi_rp2040.S.obj
                0x10002da4                __wrap___aeabi_dcmplt
 .text.__wrap___aeabi_dcmple
                0x10002db0       0x10 CMakeFiles/easycontroller_refactored.dir/C_/Users/Owner/pico-sdk/src/rp2_common/pico_double/double_aeabi_rp2040.S.obj
                0x10002db0                __wrap___aeabi_dcmple
 .text.__wrap___aeabi_dcmpge
                0x10002dc0       0x10 CMakeFiles/easycontroller_refactored.dir/C_/Users/Owner/pico-sdk/src/rp2_common/pico_double/double_aeabi_rp2040.S.obj
                0x10002dc0                __wrap___aeabi_dcmpge
 .text.__wrap___aeabi_dcmpgt
                0x10002dd0        0xa CMakeFiles/easycontroller_refactored.dir/C_/Users/Owner/pico-sdk/src/rp2_common/pico_double/double_aeabi_rp2040.S.obj
                0x10002dd0                __wrap___aeabi_dcmpgt
 .text.__wrap___aeabi_dcmpun
                0x10002dda       0x18 CMakeFiles/easycontroller_refactored.dir/C_/Users/Owner/pico-sdk/src/rp2_common/pico_double/double_aeabi_rp2040.S.obj
                0x10002dda                __wrap___aeabi_dcmpun
 *fill*         0x10002df2        0x2 
 .text.__wrap___aeabi_i2d
                0x10002df4       0x38 CMakeFiles/easycontroller_refactored.dir/C_/Users/Owner/pico-sdk/src/rp2_common/pico_double/double_aeabi_rp2040.S.obj
                0x10002df4                uint2double
                0x10002df4                __wrap___aeabi_ui2d
                0x10002dfc                int2double
                0x10002dfc                __wrap___aeabi_i2d
 .text.__wrap___aeabi_d2iz
                0x10002e2c       0x48 CMakeFiles/easycontroller_refactored.dir/C_/Users/Owner/pico-sdk/src/rp2_common/pico_double/double_aeabi_rp2040.S.obj
                0x10002e2c                double2int_z
                0x10002e2c                __wrap___aeabi_d2iz
 .text.__wrap___aeabi_d2uiz
                0x10002e74       0x18 CMakeFiles/easycontroller_refactored.dir/C_/Users/Owner/pico-sdk/src/rp2_common/pico_double/double_aeabi_rp2040.S.obj
                0x10002e74                double2uint
                0x10002e74                __wrap___aeabi_d2uiz
                0x10002e74                double2uint_z
 .text.__aeabi_double_init
                0x10002e8c       0xcc CMakeFiles/easycontroller_refactored.dir/C_/Users/Owner/pico-sdk/src/rp2_common/pico_double/double_init_rom_rp2040.c.obj
                0x10002e8c                __aeabi_double_init
 .text.double_table_shim_on_use_helper
                0x10002f58       0x34 CMakeFiles/easycontroller_refactored.dir/C_/Users/Owner/pico-sdk/src/rp2_common/pico_double/double_v1_rom_shim_rp2040.S.obj
                0x10002f58                double_table_shim_on_use_helper
 .text.__wrap___aeabi_dsub
                0x10002f8c       0x10 CMakeFiles/easycontroller_refactored.dir/C_/Users/Owner/pico-sdk/src/rp2_common/pico_double/double_v1_rom_shim_rp2040.S.obj
                0x10002f8c                drsub_shim
                0x10002f92                dsub_shim
 .text.dadd_shim
                0x10002f9c      0x15c CMakeFiles/easycontroller_refactored.dir/C_/Users/Owner/pico-sdk/src/rp2_common/pico_double/double_v1_rom_shim_rp2040.S.obj
                0x10002f9c                dadd_shim
 .text.dmul_shim
                0x100030f8      0x15c CMakeFiles/easycontroller_refactored.dir/C_/Users/Owner/pico-sdk/src/rp2_common/pico_double/double_v1_rom_shim_rp2040.S.obj
                0x100030f8                dmul_shim
 .text.ddiv_shim
                0x10003254      0x1b0 CMakeFiles/easycontroller_refactored.dir/C_/Users/Owner/pico-sdk/src/rp2_common/pico_double/double_v1_rom_shim_rp2040.S.obj
                0x10003254                ddiv_shim
 .text.double2uint_shim
                0x10003404        0xe CMakeFiles/easycontroller_refactored.dir/C_/Users/Owner/pico-sdk/src/rp2_common/pico_double/double_v1_rom_shim_rp2040.S.obj
                0x10003404                double2uint_shim
                0x10003406                double2ufix_shim
 *fill*         0x10003412        0x2 
 .text.double2uint64_shim
                0x10003414       0x70 CMakeFiles/easycontroller_refactored.dir/C_/Users/Owner/pico-sdk/src/rp2_common/pico_double/double_v1_rom_shim_rp2040.S.obj
                0x10003414                double2uint64_shim
                0x10003416                double2ufix64_shim
                0x10003436                d2fix_a
 .text.dunpacks
                0x10003484       0x3c CMakeFiles/easycontroller_refactored.dir/C_/Users/Owner/pico-sdk/src/rp2_common/pico_double/double_v1_rom_shim_rp2040.S.obj
                0x10003484                dunpacks
 .text.__aeabi_lmul
                0x100034c0       0x32 CMakeFiles/easycontroller_refactored.dir/C_/Users/Owner/pico-sdk/src/rp2_common/pico_int64_ops/pico_int64_ops_aeabi.S.obj
                0x100034c0                __wrap___aeabi_lmul
 *fill*         0x100034f2        0x2 
 .text.__wrap___aeabi_farithmetic
                0x100034f4       0x58 CMakeFiles/easycontroller_refactored.dir/C_/Users/Owner/pico-sdk/src/rp2_common/pico_float/float_aeabi_rp2040.S.obj
                0x100034f4                __wrap___aeabi_frsub
                0x100034fa                __wrap___aeabi_fsub
                0x10003504                __wrap___aeabi_fadd
                0x1000350e                __wrap___aeabi_fdiv
                0x1000353a                __wrap___aeabi_fmul
 .text.__wrap___aeabi_cfcmple
                0x1000354c       0x50 CMakeFiles/easycontroller_refactored.dir/C_/Users/Owner/pico-sdk/src/rp2_common/pico_float/float_aeabi_rp2040.S.obj
                0x1000354c                __wrap___aeabi_cfrcmple
                0x10003558                __wrap___aeabi_cfcmple
                0x10003558                __wrap___aeabi_cfcmpeq
 .text.__wrap___aeabi_fcmplt
                0x1000359c        0xc CMakeFiles/easycontroller_refactored.dir/C_/Users/Owner/pico-sdk/src/rp2_common/pico_float/float_aeabi_rp2040.S.obj
                0x1000359c                __wrap___aeabi_fcmplt
 .text.__wrap___aeabi_fcmpgt
                0x100035a8        0xa CMakeFiles/easycontroller_refactored.dir/C_/Users/Owner/pico-sdk/src/rp2_common/pico_float/float_aeabi_rp2040.S.obj
                0x100035a8                __wrap___aeabi_fcmpgt
 .text.__wrap___aeabi_ui2f
                0x100035b2        0xa CMakeFiles/easycontroller_refactored.dir/C_/Users/Owner/pico-sdk/src/rp2_common/pico_float/float_aeabi_rp2040.S.obj
                0x100035b2                __wrap___aeabi_ui2f
                0x100035b2                uint2float
 .text.__wrap___aeabi_i2f
                0x100035bc       0x44 CMakeFiles/easycontroller_refactored.dir/C_/Users/Owner/pico-sdk/src/rp2_common/pico_float/float_aeabi_rp2040.S.obj
                0x100035bc                __wrap___aeabi_i2f
                0x100035bc                int2float
 .text.__wrap___aeabi_f2iz
                0x10003600       0x4e CMakeFiles/easycontroller_refactored.dir/C_/Users/Owner/pico-sdk/src/rp2_common/pico_float/float_aeabi_rp2040.S.obj
                0x10003600                float2int_z
                0x10003600                __wrap___aeabi_f2iz
 *fill*         0x1000364e        0x2 
 .text.float2int
                0x10003650       0x14 CMakeFiles/easycontroller_refactored.dir/C_/Users/Owner/pico-sdk/src/rp2_common/pico_float/float_aeabi_rp2040.S.obj
                0x10003650                float2int
 .text.__wrap___aeabi_f2uiz
                0x10003664       0x10 CMakeFiles/easycontroller_refactored.dir/C_/Users/Owner/pico-sdk/src/rp2_common/pico_float/float_aeabi_rp2040.S.obj
                0x10003664                float2uint_z
                0x10003664                __wrap___aeabi_f2uiz
                0x10003664                float2uint
 .text.__wrap___aeabi_l2f
                0x10003674       0x20 CMakeFiles/easycontroller_refactored.dir/C_/Users/Owner/pico-sdk/src/rp2_common/pico_float/float_aeabi_rp2040.S.obj
                0x10003678                __wrap___aeabi_l2f
                0x10003678                int642float
 .text.__wrap___aeabi_f2d
                0x10003694       0x14 CMakeFiles/easycontroller_refactored.dir/C_/Users/Owner/pico-sdk/src/rp2_common/pico_float/float_aeabi_rp2040.S.obj
                0x10003694                __wrap___aeabi_f2d
 .text.__aeabi_float_init
                0x100036a8       0xfc CMakeFiles/easycontroller_refactored.dir/C_/Users/Owner/pico-sdk/src/rp2_common/pico_float/float_init_rom_rp2040.c.obj
                0x100036a8                __aeabi_float_init
 .text.float_table_shim_on_use_helper
                0x100037a4       0x34 CMakeFiles/easycontroller_refactored.dir/C_/Users/Owner/pico-sdk/src/rp2_common/pico_float/float_v1_rom_shim_rp2040.S.obj
                0x100037a4                float_table_shim_on_use_helper
 .text.642float_shims
                0x100037d8       0x44 CMakeFiles/easycontroller_refactored.dir/C_/Users/Owner/pico-sdk/src/rp2_common/pico_float/float_v1_rom_shim_rp2040.S.obj
                0x100037d8                uint642float_shim
                0x100037da                ufix642float_shim
                0x100037ea                int642float_shim
                0x100037ec                fix642float_shim
 .text.float232_shims
                0x1000381c       0x18 CMakeFiles/easycontroller_refactored.dir/C_/Users/Owner/pico-sdk/src/rp2_common/pico_float/float_v1_rom_shim_rp2040.S.obj
                0x1000381c                float2int_shim
                0x1000381e                float2fix_shim
 .text.float2double_shim
                0x10003834       0x30 CMakeFiles/easycontroller_refactored.dir/C_/Users/Owner/pico-sdk/src/rp2_common/pico_float/float_v1_rom_shim_rp2040.S.obj
                0x10003834                float2double_shim
 .text          0x10003864       0x10 CMakeFiles/easycontroller_refactored.dir/C_/Users/Owner/pico-sdk/src/rp2_common/pico_mem_ops/mem_ops_aeabi.S.obj
                0x10003864                __aeabi_mem_init
 .text.memset   0x10003874        0xc CMakeFiles/easycontroller_refactored.dir/C_/Users/Owner/pico-sdk/src/rp2_common/pico_mem_ops/mem_ops_aeabi.S.obj
                0x10003874                __wrap_memset
 .text.memcpy   0x10003880        0xc CMakeFiles/easycontroller_refactored.dir/C_/Users/Owner/pico-sdk/src/rp2_common/pico_mem_ops/mem_ops_aeabi.S.obj
                0x10003880                __wrap_memcpy
                0x10003880                __wrap___aeabi_memcpy
 .text._out_buffer
                0x1000388c        0x8 CMakeFiles/easycontroller_refactored.dir/C_/Users/Owner/pico-sdk/src/rp2_common/pico_printf/printf.c.obj
 .text._out_null
                0x10003894        0x2 CMakeFiles/easycontroller_refactored.dir/C_/Users/Owner/pico-sdk/src/rp2_common/pico_printf/printf.c.obj
 .text._out_fct
                0x10003896        0xe CMakeFiles/easycontroller_refactored.dir/C_/Users/Owner/pico-sdk/src/rp2_common/pico_printf/printf.c.obj
 .text._atoi    0x100038a4       0x24 CMakeFiles/easycontroller_refactored.dir/C_/Users/Owner/pico-sdk/src/rp2_common/pico_printf/printf.c.obj
 .text._out_rev
                0x100038c8       0xb0 CMakeFiles/easycontroller_refactored.dir/C_/Users/Owner/pico-sdk/src/rp2_common/pico_printf/printf.c.obj
 .text._ntoa_format
                0x10003978      0x10e CMakeFiles/easycontroller_refactored.dir/C_/Users/Owner/pico-sdk/src/rp2_common/pico_printf/printf.c.obj
 .text._ntoa_long
                0x10003a86       0xbc CMakeFiles/easycontroller_refactored.dir/C_/Users/Owner/pico-sdk/src/rp2_common/pico_printf/printf.c.obj
 .text._ntoa_long_long
                0x10003b42      0x10e CMakeFiles/easycontroller_refactored.dir/C_/Users/Owner/pico-sdk/src/rp2_common/pico_printf/printf.c.obj
 .text._etoa    0x10003c50      0x424 CMakeFiles/easycontroller_refactored.dir/C_/Users/Owner/pico-sdk/src/rp2_common/pico_printf/printf.c.obj
 .text._ftoa    0x10004074      0x348 CMakeFiles/easycontroller_refactored.dir/C_/Users/Owner/pico-sdk/src/rp2_common/pico_printf/printf.c.obj
 .text._vsnprintf
                0x100043bc      0x6a4 CMakeFiles/easycontroller_refactored.dir/C_/Users/Owner/pico-sdk/src/rp2_common/pico_printf/printf.c.obj
 .text.__wrap_snprintf
                0x10004a60       0x28 CMakeFiles/easycontroller_refactored.dir/C_/Users/Owner/pico-sdk/src/rp2_common/pico_printf/printf.c.obj
                0x10004a60                __wrap_snprintf
 .text.vfctprintf
                0x10004a88       0x24 CMakeFiles/easycontroller_refactored.dir/C_/Users/Owner/pico-sdk/src/rp2_common/pico_printf/printf.c.obj
                0x10004a88                vfctprintf
 .text._exit    0x10004aac        0x4 CMakeFiles/easycontroller_refactored.dir/C_/Users/Owner/pico-sdk/src/rp2_common/pico_clib_interface/newlib_interface.c.obj
                0x10004aac                _exit
 .text.exit     0x10004ab0        0x6 CMakeFiles/easycontroller_refactored.dir/C_/Users/Owner/pico-sdk/src/rp2_common/pico_clib_interface/newlib_interface.c.obj
                0x10004ab0                exit
 *fill*         0x10004ab6        0x2 
 .text.__assert_func
                0x10004ab8       0x38 CMakeFiles/easycontroller_refactored.dir/C_/Users/Owner/pico-sdk/src/rp2_common/pico_clib_interface/newlib_interface.c.obj
                0x10004ab8                __assert_func
 .text.runtime_init
                0x10004af0       0x28 CMakeFiles/easycontroller_refactored.dir/C_/Users/Owner/pico-sdk/src/rp2_common/pico_clib_interface/newlib_interface.c.obj
                0x10004af0                runtime_init
 .text.stdio_out_chars_no_crlf
                0x10004b18        0xe CMakeFiles/easycontroller_refactored.dir/C_/Users/Owner/pico-sdk/src/rp2_common/pico_stdio/stdio.c.obj
 *fill*         0x10004b26        0x2 
 .text.stdio_out_chars_crlf
                0x10004b28       0x80 CMakeFiles/easycontroller_refactored.dir/C_/Users/Owner/pico-sdk/src/rp2_common/pico_stdio/stdio.c.obj
 .text.stdio_stack_buffer_flush
                0x10004ba8       0x44 CMakeFiles/easycontroller_refactored.dir/C_/Users/Owner/pico-sdk/src/rp2_common/pico_stdio/stdio.c.obj
 .text.stdio_buffered_printer
                0x10004bec       0x20 CMakeFiles/easycontroller_refactored.dir/C_/Users/Owner/pico-sdk/src/rp2_common/pico_stdio/stdio.c.obj
 .text.stdout_serialize_begin
                0x10004c0c       0x30 CMakeFiles/easycontroller_refactored.dir/C_/Users/Owner/pico-sdk/src/rp2_common/pico_stdio/stdio.c.obj
                0x10004c0c                stdout_serialize_begin
 .text.stdout_serialize_end
                0x10004c3c       0x10 CMakeFiles/easycontroller_refactored.dir/C_/Users/Owner/pico-sdk/src/rp2_common/pico_stdio/stdio.c.obj
                0x10004c3c                stdout_serialize_end
 .text.stdio_put_string
                0x10004c4c       0x94 CMakeFiles/easycontroller_refactored.dir/C_/Users/Owner/pico-sdk/src/rp2_common/pico_stdio/stdio.c.obj
                0x10004c4c                stdio_put_string
 .text.stdio_get_until
                0x10004ce0       0x74 CMakeFiles/easycontroller_refactored.dir/C_/Users/Owner/pico-sdk/src/rp2_common/pico_stdio/stdio.c.obj
                0x10004ce0                stdio_get_until
 .text.stdio_set_driver_enabled
                0x10004d54       0x30 CMakeFiles/easycontroller_refactored.dir/C_/Users/Owner/pico-sdk/src/rp2_common/pico_stdio/stdio.c.obj
                0x10004d54                stdio_set_driver_enabled
 .text.stdio_flush
                0x10004d84       0x20 CMakeFiles/easycontroller_refactored.dir/C_/Users/Owner/pico-sdk/src/rp2_common/pico_stdio/stdio.c.obj
                0x10004d84                stdio_flush
 .text.stdio_init_all
                0x10004da4        0x8 CMakeFiles/easycontroller_refactored.dir/C_/Users/Owner/pico-sdk/src/rp2_common/pico_stdio/stdio.c.obj
                0x10004da4                stdio_init_all
 .text.stdio_getchar_timeout_us
                0x10004dac       0x54 CMakeFiles/easycontroller_refactored.dir/C_/Users/Owner/pico-sdk/src/rp2_common/pico_stdio/stdio.c.obj
                0x10004dac                stdio_getchar_timeout_us
 .text.__wrap_getchar
                0x10004e00       0x40 CMakeFiles/easycontroller_refactored.dir/C_/Users/Owner/pico-sdk/src/rp2_common/pico_stdio/stdio.c.obj
                0x10004e00                stdio_getchar
                0x10004e00                __wrap_getchar
 .text.__wrap_puts
                0x10004e40       0x1e CMakeFiles/easycontroller_refactored.dir/C_/Users/Owner/pico-sdk/src/rp2_common/pico_stdio/stdio.c.obj
                0x10004e40                stdio_puts
                0x10004e40                __wrap_puts
 *fill*         0x10004e5e        0x2 
 .text.__wrap_vprintf
                0x10004e60       0x40 CMakeFiles/easycontroller_refactored.dir/C_/Users/Owner/pico-sdk/src/rp2_common/pico_stdio/stdio.c.obj
                0x10004e60                stdio_vprintf
                0x10004e60                __wrap_vprintf
 .text.__wrap_printf
                0x10004ea0       0x18 CMakeFiles/easycontroller_refactored.dir/C_/Users/Owner/pico-sdk/src/rp2_common/pico_stdio/stdio.c.obj
                0x10004ea0                __wrap_printf
                0x10004ea0                stdio_printf
 .text.resetd_init
                0x10004eb8        0x2 CMakeFiles/easycontroller_refactored.dir/C_/Users/Owner/pico-sdk/src/rp2_common/pico_stdio_usb/reset_interface.c.obj
 *fill*         0x10004eba        0x2 
 .text.resetd_reset
                0x10004ebc        0xc CMakeFiles/easycontroller_refactored.dir/C_/Users/Owner/pico-sdk/src/rp2_common/pico_stdio_usb/reset_interface.c.obj
 .text.resetd_open
                0x10004ec8       0x34 CMakeFiles/easycontroller_refactored.dir/C_/Users/Owner/pico-sdk/src/rp2_common/pico_stdio_usb/reset_interface.c.obj
 .text.resetd_xfer_cb
                0x10004efc        0x4 CMakeFiles/easycontroller_refactored.dir/C_/Users/Owner/pico-sdk/src/rp2_common/pico_stdio_usb/reset_interface.c.obj
 .text.resetd_control_xfer_cb
                0x10004f00       0x60 CMakeFiles/easycontroller_refactored.dir/C_/Users/Owner/pico-sdk/src/rp2_common/pico_stdio_usb/reset_interface.c.obj
 .text.tud_descriptor_bos_cb
                0x10004f60        0x8 CMakeFiles/easycontroller_refactored.dir/C_/Users/Owner/pico-sdk/src/rp2_common/pico_stdio_usb/reset_interface.c.obj
                0x10004f60                tud_descriptor_bos_cb
 .text.tud_vendor_control_xfer_cb
                0x10004f68       0x38 CMakeFiles/easycontroller_refactored.dir/C_/Users/Owner/pico-sdk/src/rp2_common/pico_stdio_usb/reset_interface.c.obj
                0x10004f68                tud_vendor_control_xfer_cb
 .text.usbd_app_driver_get_cb
                0x10004fa0        0xc CMakeFiles/easycontroller_refactored.dir/C_/Users/Owner/pico-sdk/src/rp2_common/pico_stdio_usb/reset_interface.c.obj
                0x10004fa0                usbd_app_driver_get_cb
 .text.tud_cdc_line_coding_cb
                0x10004fac       0x2c CMakeFiles/easycontroller_refactored.dir/C_/Users/Owner/pico-sdk/src/rp2_common/pico_stdio_usb/reset_interface.c.obj
                0x10004fac                tud_cdc_line_coding_cb
 .text.stdio_usb_set_chars_available_callback
                0x10004fd8       0x14 CMakeFiles/easycontroller_refactored.dir/C_/Users/Owner/pico-sdk/src/rp2_common/pico_stdio_usb/stdio_usb.c.obj
                0x10004fd8                stdio_usb_set_chars_available_callback
 .text.stdio_usb_out_flush
                0x10004fec       0x4c CMakeFiles/easycontroller_refactored.dir/C_/Users/Owner/pico-sdk/src/rp2_common/pico_stdio_usb/stdio_usb.c.obj
 .text.usb_irq  0x10005038       0x10 CMakeFiles/easycontroller_refactored.dir/C_/Users/Owner/pico-sdk/src/rp2_common/pico_stdio_usb/stdio_usb.c.obj
 .text.timer_task
                0x10005048       0x6c CMakeFiles/easycontroller_refactored.dir/C_/Users/Owner/pico-sdk/src/rp2_common/pico_stdio_usb/stdio_usb.c.obj
 .text.alarm_pool_add_alarm_in_us
                0x100050b4       0x40 CMakeFiles/easycontroller_refactored.dir/C_/Users/Owner/pico-sdk/src/rp2_common/pico_stdio_usb/stdio_usb.c.obj
 .text.add_alarm_in_us
                0x100050f4       0x2e CMakeFiles/easycontroller_refactored.dir/C_/Users/Owner/pico-sdk/src/rp2_common/pico_stdio_usb/stdio_usb.c.obj
 *fill*         0x10005122        0x2 
 .text.low_priority_worker_irq
                0x10005124       0xa8 CMakeFiles/easycontroller_refactored.dir/C_/Users/Owner/pico-sdk/src/rp2_common/pico_stdio_usb/stdio_usb.c.obj
 .text.stdio_usb_init
                0x100051cc       0xe0 CMakeFiles/easycontroller_refactored.dir/C_/Users/Owner/pico-sdk/src/rp2_common/pico_stdio_usb/stdio_usb.c.obj
                0x100051cc                stdio_usb_init
 .text.stdio_usb_connected
                0x100052ac        0xa CMakeFiles/easycontroller_refactored.dir/C_/Users/Owner/pico-sdk/src/rp2_common/pico_stdio_usb/stdio_usb.c.obj
                0x100052ac                stdio_usb_connected
 *fill*         0x100052b6        0x2 
 .text.stdio_usb_in_chars
                0x100052b8       0x98 CMakeFiles/easycontroller_refactored.dir/C_/Users/Owner/pico-sdk/src/rp2_common/pico_stdio_usb/stdio_usb.c.obj
                0x100052b8                stdio_usb_in_chars
 .text.stdio_usb_out_chars
                0x10005350       0xe8 CMakeFiles/easycontroller_refactored.dir/C_/Users/Owner/pico-sdk/src/rp2_common/pico_stdio_usb/stdio_usb.c.obj
 .text.tud_descriptor_device_cb
                0x10005438        0x8 CMakeFiles/easycontroller_refactored.dir/C_/Users/Owner/pico-sdk/src/rp2_common/pico_stdio_usb/stdio_usb_descriptors.c.obj
                0x10005438                tud_descriptor_device_cb
 .text.tud_descriptor_configuration_cb
                0x10005440        0x8 CMakeFiles/easycontroller_refactored.dir/C_/Users/Owner/pico-sdk/src/rp2_common/pico_stdio_usb/stdio_usb_descriptors.c.obj
                0x10005440                tud_descriptor_configuration_cb
 .text.tud_descriptor_string_cb
                0x10005448       0x6c CMakeFiles/easycontroller_refactored.dir/C_/Users/Owner/pico-sdk/src/rp2_common/pico_stdio_usb/stdio_usb_descriptors.c.obj
                0x10005448                tud_descriptor_string_cb
 .text._retrieve_unique_id_on_boot
                0x100054b4       0x10 CMakeFiles/easycontroller_refactored.dir/C_/Users/Owner/pico-sdk/src/rp2_common/pico_unique_id/unique_id.c.obj
 .text.pico_get_unique_board_id_string
                0x100054c4       0x58 CMakeFiles/easycontroller_refactored.dir/C_/Users/Owner/pico-sdk/src/rp2_common/pico_unique_id/unique_id.c.obj
                0x100054c4                pico_get_unique_board_id_string
 .text.flash_get_unique_id
                0x1000551c       0x40 CMakeFiles/easycontroller_refactored.dir/C_/Users/Owner/pico-sdk/src/rp2_common/hardware_flash/flash.c.obj
                0x1000551c                flash_get_unique_id
 .text.hw_endpoint_init
                0x1000555c       0xc0 CMakeFiles/easycontroller_refactored.dir/C_/Users/Owner/pico-sdk/lib/tinyusb/src/portable/raspberrypi/rp2040/dcd_rp2040.c.obj
 .text.hw_endpoint_alloc
                0x1000561c       0x48 CMakeFiles/easycontroller_refactored.dir/C_/Users/Owner/pico-sdk/lib/tinyusb/src/portable/raspberrypi/rp2040/dcd_rp2040.c.obj
 .text.hw_endpoint_open
                0x10005664       0x50 CMakeFiles/easycontroller_refactored.dir/C_/Users/Owner/pico-sdk/lib/tinyusb/src/portable/raspberrypi/rp2040/dcd_rp2040.c.obj
 .text.hw_endpoint_xfer
                0x100056b4       0x20 CMakeFiles/easycontroller_refactored.dir/C_/Users/Owner/pico-sdk/lib/tinyusb/src/portable/raspberrypi/rp2040/dcd_rp2040.c.obj
 .text.dcd_int_enable
                0x100056d4       0x2c CMakeFiles/easycontroller_refactored.dir/C_/Users/Owner/pico-sdk/lib/tinyusb/src/portable/raspberrypi/rp2040/dcd_rp2040.c.obj
                0x100056d4                dcd_int_enable
 .text.dcd_set_address
                0x10005700       0x2c CMakeFiles/easycontroller_refactored.dir/C_/Users/Owner/pico-sdk/lib/tinyusb/src/portable/raspberrypi/rp2040/dcd_rp2040.c.obj
                0x10005700                dcd_set_address
 .text.dcd_connect
                0x1000572c       0x10 CMakeFiles/easycontroller_refactored.dir/C_/Users/Owner/pico-sdk/lib/tinyusb/src/portable/raspberrypi/rp2040/dcd_rp2040.c.obj
                0x1000572c                dcd_connect
 .text.dcd_init
                0x1000573c       0x80 CMakeFiles/easycontroller_refactored.dir/C_/Users/Owner/pico-sdk/lib/tinyusb/src/portable/raspberrypi/rp2040/dcd_rp2040.c.obj
                0x1000573c                dcd_init
 .text.dcd_sof_enable
                0x100057bc       0x1c CMakeFiles/easycontroller_refactored.dir/C_/Users/Owner/pico-sdk/lib/tinyusb/src/portable/raspberrypi/rp2040/dcd_rp2040.c.obj
                0x100057bc                dcd_sof_enable
 .text.dcd_edpt0_status_complete
                0x100057d8       0x1c CMakeFiles/easycontroller_refactored.dir/C_/Users/Owner/pico-sdk/lib/tinyusb/src/portable/raspberrypi/rp2040/dcd_rp2040.c.obj
                0x100057d8                dcd_edpt0_status_complete
 .text.dcd_edpt_open
                0x100057f4       0x26 CMakeFiles/easycontroller_refactored.dir/C_/Users/Owner/pico-sdk/lib/tinyusb/src/portable/raspberrypi/rp2040/dcd_rp2040.c.obj
                0x100057f4                dcd_edpt_open
 .text.dcd_edpt_close_all
                0x1000581a        0x8 CMakeFiles/easycontroller_refactored.dir/C_/Users/Owner/pico-sdk/lib/tinyusb/src/portable/raspberrypi/rp2040/dcd_rp2040.c.obj
                0x1000581a                dcd_edpt_close_all
 *fill*         0x10005822        0x2 
 .text.dcd_edpt_xfer
                0x10005824       0x30 CMakeFiles/easycontroller_refactored.dir/C_/Users/Owner/pico-sdk/lib/tinyusb/src/portable/raspberrypi/rp2040/dcd_rp2040.c.obj
                0x10005824                dcd_edpt_xfer
 .text.dcd_edpt_stall
                0x10005854       0x3c CMakeFiles/easycontroller_refactored.dir/C_/Users/Owner/pico-sdk/lib/tinyusb/src/portable/raspberrypi/rp2040/dcd_rp2040.c.obj
                0x10005854                dcd_edpt_stall
 .text.dcd_edpt_clear_stall
                0x10005890       0x30 CMakeFiles/easycontroller_refactored.dir/C_/Users/Owner/pico-sdk/lib/tinyusb/src/portable/raspberrypi/rp2040/dcd_rp2040.c.obj
                0x10005890                dcd_edpt_clear_stall
 .text.unaligned_memcpy
                0x100058c0       0x14 CMakeFiles/easycontroller_refactored.dir/C_/Users/Owner/pico-sdk/lib/tinyusb/src/portable/raspberrypi/rp2040/rp2040_usb.c.obj
 .text.rp2040_usb_init
                0x100058d4       0x44 CMakeFiles/easycontroller_refactored.dir/C_/Users/Owner/pico-sdk/lib/tinyusb/src/portable/raspberrypi/rp2040/rp2040_usb.c.obj
                0x100058d4                rp2040_usb_init
 .text.hw_endpoint_xfer_start
                0x10005918       0x60 CMakeFiles/easycontroller_refactored.dir/C_/Users/Owner/pico-sdk/lib/tinyusb/src/portable/raspberrypi/rp2040/rp2040_usb.c.obj
                0x10005918                hw_endpoint_xfer_start
 .text.configuration_reset
                0x10005978       0x84 CMakeFiles/easycontroller_refactored.dir/C_/Users/Owner/pico-sdk/lib/tinyusb/src/device/usbd.c.obj
 .text.usbd_reset
                0x100059fc        0xc CMakeFiles/easycontroller_refactored.dir/C_/Users/Owner/pico-sdk/lib/tinyusb/src/device/usbd.c.obj
 .text.invoke_class_control
                0x10005a08       0x1a CMakeFiles/easycontroller_refactored.dir/C_/Users/Owner/pico-sdk/lib/tinyusb/src/device/usbd.c.obj
 *fill*         0x10005a22        0x2 
 .text.process_set_config
                0x10005a24      0x1b0 CMakeFiles/easycontroller_refactored.dir/C_/Users/Owner/pico-sdk/lib/tinyusb/src/device/usbd.c.obj
 .text.tud_event_hook_cb
                0x10005bd4        0x2 CMakeFiles/easycontroller_refactored.dir/C_/Users/Owner/pico-sdk/lib/tinyusb/src/device/usbd.c.obj
                0x10005bd4                tud_event_hook_cb
 .text.tud_sof_cb
                0x10005bd6        0x2 CMakeFiles/easycontroller_refactored.dir/C_/Users/Owner/pico-sdk/lib/tinyusb/src/device/usbd.c.obj
                0x10005bd6                tud_sof_cb
 .text.tud_descriptor_device_qualifier_cb
                0x10005bd8        0x4 CMakeFiles/easycontroller_refactored.dir/C_/Users/Owner/pico-sdk/lib/tinyusb/src/device/usbd.c.obj
                0x10005bd8                tud_descriptor_device_qualifier_cb
 .text.tud_descriptor_other_speed_configuration_cb
                0x10005bdc        0x4 CMakeFiles/easycontroller_refactored.dir/C_/Users/Owner/pico-sdk/lib/tinyusb/src/device/usbd.c.obj
                0x10005bdc                tud_descriptor_other_speed_configuration_cb
 .text.process_get_descriptor
                0x10005be0       0xe0 CMakeFiles/easycontroller_refactored.dir/C_/Users/Owner/pico-sdk/lib/tinyusb/src/device/usbd.c.obj
 .text.tud_mount_cb
                0x10005cc0        0x2 CMakeFiles/easycontroller_refactored.dir/C_/Users/Owner/pico-sdk/lib/tinyusb/src/device/usbd.c.obj
                0x10005cc0                tud_mount_cb
 .text.tud_umount_cb
                0x10005cc2        0x2 CMakeFiles/easycontroller_refactored.dir/C_/Users/Owner/pico-sdk/lib/tinyusb/src/device/usbd.c.obj
                0x10005cc2                tud_umount_cb
 .text.tud_suspend_cb
                0x10005cc4        0x2 CMakeFiles/easycontroller_refactored.dir/C_/Users/Owner/pico-sdk/lib/tinyusb/src/device/usbd.c.obj
                0x10005cc4                tud_suspend_cb
 .text.tud_resume_cb
                0x10005cc6        0x2 CMakeFiles/easycontroller_refactored.dir/C_/Users/Owner/pico-sdk/lib/tinyusb/src/device/usbd.c.obj
                0x10005cc6                tud_resume_cb
 .text.tud_mounted
                0x10005cc8       0x10 CMakeFiles/easycontroller_refactored.dir/C_/Users/Owner/pico-sdk/lib/tinyusb/src/device/usbd.c.obj
                0x10005cc8                tud_mounted
 .text.tud_suspended
                0x10005cd8       0x10 CMakeFiles/easycontroller_refactored.dir/C_/Users/Owner/pico-sdk/lib/tinyusb/src/device/usbd.c.obj
                0x10005cd8                tud_suspended
 .text.tud_inited
                0x10005ce8       0x14 CMakeFiles/easycontroller_refactored.dir/C_/Users/Owner/pico-sdk/lib/tinyusb/src/device/usbd.c.obj
                0x10005ce8                tud_inited
 .text.tud_rhport_init
                0x10005cfc      0x100 CMakeFiles/easycontroller_refactored.dir/C_/Users/Owner/pico-sdk/lib/tinyusb/src/device/usbd.c.obj
                0x10005cfc                tud_rhport_init
 .text.usbd_edpt_open
                0x10005dfc       0x60 CMakeFiles/easycontroller_refactored.dir/C_/Users/Owner/pico-sdk/lib/tinyusb/src/device/usbd.c.obj
                0x10005dfc                usbd_edpt_open
 .text.usbd_open_edpt_pair
                0x10005e5c       0x88 CMakeFiles/easycontroller_refactored.dir/C_/Users/Owner/pico-sdk/lib/tinyusb/src/device/usbd.c.obj
                0x10005e5c                usbd_open_edpt_pair
 .text.usbd_edpt_claim
                0x10005ee4       0x28 CMakeFiles/easycontroller_refactored.dir/C_/Users/Owner/pico-sdk/lib/tinyusb/src/device/usbd.c.obj
                0x10005ee4                usbd_edpt_claim
 .text.usbd_edpt_release
                0x10005f0c       0x28 CMakeFiles/easycontroller_refactored.dir/C_/Users/Owner/pico-sdk/lib/tinyusb/src/device/usbd.c.obj
                0x10005f0c                usbd_edpt_release
 .text.usbd_edpt_xfer
                0x10005f34       0x88 CMakeFiles/easycontroller_refactored.dir/C_/Users/Owner/pico-sdk/lib/tinyusb/src/device/usbd.c.obj
                0x10005f34                usbd_edpt_xfer
 .text.usbd_edpt_stall
                0x10005fbc       0x34 CMakeFiles/easycontroller_refactored.dir/C_/Users/Owner/pico-sdk/lib/tinyusb/src/device/usbd.c.obj
                0x10005fbc                usbd_edpt_stall
 .text.usbd_edpt_clear_stall
                0x10005ff0       0x34 CMakeFiles/easycontroller_refactored.dir/C_/Users/Owner/pico-sdk/lib/tinyusb/src/device/usbd.c.obj
                0x10005ff0                usbd_edpt_clear_stall
 .text.usbd_edpt_stalled
                0x10006024       0x1c CMakeFiles/easycontroller_refactored.dir/C_/Users/Owner/pico-sdk/lib/tinyusb/src/device/usbd.c.obj
                0x10006024                usbd_edpt_stalled
 .text.process_control_request
                0x10006040      0x384 CMakeFiles/easycontroller_refactored.dir/C_/Users/Owner/pico-sdk/lib/tinyusb/src/device/usbd.c.obj
 .text.tud_task_ext
                0x100063c4      0x1d0 CMakeFiles/easycontroller_refactored.dir/C_/Users/Owner/pico-sdk/lib/tinyusb/src/device/usbd.c.obj
                0x100063c4                tud_task_ext
 .text.status_stage_xact
                0x10006594       0x1a CMakeFiles/easycontroller_refactored.dir/C_/Users/Owner/pico-sdk/lib/tinyusb/src/device/usbd_control.c.obj
 *fill*         0x100065ae        0x2 
 .text.data_stage_xact
                0x100065b0       0x60 CMakeFiles/easycontroller_refactored.dir/C_/Users/Owner/pico-sdk/lib/tinyusb/src/device/usbd_control.c.obj
 .text.tud_control_status
                0x10006610       0x28 CMakeFiles/easycontroller_refactored.dir/C_/Users/Owner/pico-sdk/lib/tinyusb/src/device/usbd_control.c.obj
                0x10006610                tud_control_status
 .text.tud_control_xfer
                0x10006638       0x98 CMakeFiles/easycontroller_refactored.dir/C_/Users/Owner/pico-sdk/lib/tinyusb/src/device/usbd_control.c.obj
                0x10006638                tud_control_xfer
 .text.usbd_control_reset
                0x100066d0       0x14 CMakeFiles/easycontroller_refactored.dir/C_/Users/Owner/pico-sdk/lib/tinyusb/src/device/usbd_control.c.obj
                0x100066d0                usbd_control_reset
 .text.usbd_control_set_complete_callback
                0x100066e4        0xc CMakeFiles/easycontroller_refactored.dir/C_/Users/Owner/pico-sdk/lib/tinyusb/src/device/usbd_control.c.obj
                0x100066e4                usbd_control_set_complete_callback
 .text.usbd_control_set_request
                0x100066f0       0x1c CMakeFiles/easycontroller_refactored.dir/C_/Users/Owner/pico-sdk/lib/tinyusb/src/device/usbd_control.c.obj
                0x100066f0                usbd_control_set_request
 .text.usbd_control_xfer_cb
                0x1000670c       0xe0 CMakeFiles/easycontroller_refactored.dir/C_/Users/Owner/pico-sdk/lib/tinyusb/src/device/usbd_control.c.obj
                0x1000670c                usbd_control_xfer_cb
 .text._prep_out_transaction
                0x100067ec       0x94 CMakeFiles/easycontroller_refactored.dir/C_/Users/Owner/pico-sdk/lib/tinyusb/src/class/cdc/cdc_device.c.obj
 .text.tud_cdc_n_connected
                0x10006880       0x38 CMakeFiles/easycontroller_refactored.dir/C_/Users/Owner/pico-sdk/lib/tinyusb/src/class/cdc/cdc_device.c.obj
                0x10006880                tud_cdc_n_connected
 .text.tud_cdc_n_available
                0x100068b8       0x18 CMakeFiles/easycontroller_refactored.dir/C_/Users/Owner/pico-sdk/lib/tinyusb/src/class/cdc/cdc_device.c.obj
                0x100068b8                tud_cdc_n_available
 .text.tud_cdc_n_read
                0x100068d0       0x38 CMakeFiles/easycontroller_refactored.dir/C_/Users/Owner/pico-sdk/lib/tinyusb/src/class/cdc/cdc_device.c.obj
                0x100068d0                tud_cdc_n_read
 .text.tud_cdc_n_write_flush
                0x10006908       0xb0 CMakeFiles/easycontroller_refactored.dir/C_/Users/Owner/pico-sdk/lib/tinyusb/src/class/cdc/cdc_device.c.obj
                0x10006908                tud_cdc_n_write_flush
 .text.tud_cdc_n_write
                0x100069b8       0x48 CMakeFiles/easycontroller_refactored.dir/C_/Users/Owner/pico-sdk/lib/tinyusb/src/class/cdc/cdc_device.c.obj
                0x100069b8                tud_cdc_n_write
 .text.tud_cdc_n_write_available
                0x10006a00       0x18 CMakeFiles/easycontroller_refactored.dir/C_/Users/Owner/pico-sdk/lib/tinyusb/src/class/cdc/cdc_device.c.obj
                0x10006a00                tud_cdc_n_write_available
 .text.cdcd_init
                0x10006a18       0xac CMakeFiles/easycontroller_refactored.dir/C_/Users/Owner/pico-sdk/lib/tinyusb/src/class/cdc/cdc_device.c.obj
                0x10006a18                cdcd_init
 .text.cdcd_deinit
                0x10006ac4       0x48 CMakeFiles/easycontroller_refactored.dir/C_/Users/Owner/pico-sdk/lib/tinyusb/src/class/cdc/cdc_device.c.obj
                0x10006ac4                cdcd_deinit
 .text.cdcd_reset
                0x10006b0c       0x70 CMakeFiles/easycontroller_refactored.dir/C_/Users/Owner/pico-sdk/lib/tinyusb/src/class/cdc/cdc_device.c.obj
                0x10006b0c                cdcd_reset
 .text.cdcd_open
                0x10006b7c       0xec CMakeFiles/easycontroller_refactored.dir/C_/Users/Owner/pico-sdk/lib/tinyusb/src/class/cdc/cdc_device.c.obj
                0x10006b7c                cdcd_open
 .text.cdcd_control_xfer_cb
                0x10006c68      0x13c CMakeFiles/easycontroller_refactored.dir/C_/Users/Owner/pico-sdk/lib/tinyusb/src/class/cdc/cdc_device.c.obj
                0x10006c68                cdcd_control_xfer_cb
 .text.cdcd_xfer_cb
                0x10006da4      0x148 CMakeFiles/easycontroller_refactored.dir/C_/Users/Owner/pico-sdk/lib/tinyusb/src/class/cdc/cdc_device.c.obj
                0x10006da4                cdcd_xfer_cb
 .text.tud_vendor_n_mounted
                0x10006eec       0x3c CMakeFiles/easycontroller_refactored.dir/C_/Users/Owner/pico-sdk/lib/tinyusb/src/class/vendor/vendor_device.c.obj
                0x10006eec                tud_vendor_n_mounted
 .text.tud_vendor_n_write_flush
                0x10006f28       0x20 CMakeFiles/easycontroller_refactored.dir/C_/Users/Owner/pico-sdk/lib/tinyusb/src/class/vendor/vendor_device.c.obj
                0x10006f28                tud_vendor_n_write_flush
 .text.vendord_init
                0x10006f48       0x9c CMakeFiles/easycontroller_refactored.dir/C_/Users/Owner/pico-sdk/lib/tinyusb/src/class/vendor/vendor_device.c.obj
                0x10006f48                vendord_init
 .text.vendord_deinit
                0x10006fe4       0x34 CMakeFiles/easycontroller_refactored.dir/C_/Users/Owner/pico-sdk/lib/tinyusb/src/class/vendor/vendor_device.c.obj
                0x10006fe4                vendord_deinit
 .text.vendord_reset
                0x10007018       0x50 CMakeFiles/easycontroller_refactored.dir/C_/Users/Owner/pico-sdk/lib/tinyusb/src/class/vendor/vendor_device.c.obj
                0x10007018                vendord_reset
 .text.vendord_open
                0x10007068      0x14c CMakeFiles/easycontroller_refactored.dir/C_/Users/Owner/pico-sdk/lib/tinyusb/src/class/vendor/vendor_device.c.obj
                0x10007068                vendord_open
 .text.vendord_xfer_cb
                0x100071b4       0xd8 CMakeFiles/easycontroller_refactored.dir/C_/Users/Owner/pico-sdk/lib/tinyusb/src/class/vendor/vendor_device.c.obj
                0x100071b4                vendord_xfer_cb
 .text.tusb_rhport_init
                0x1000728c       0x78 CMakeFiles/easycontroller_refactored.dir/C_/Users/Owner/pico-sdk/lib/tinyusb/src/tusb.c.obj
                0x1000728c                tusb_rhport_init
 .text.tu_edpt_claim
                0x10007304       0x50 CMakeFiles/easycontroller_refactored.dir/C_/Users/Owner/pico-sdk/lib/tinyusb/src/tusb.c.obj
                0x10007304                tu_edpt_claim
 .text.tu_edpt_release
                0x10007354       0x38 CMakeFiles/easycontroller_refactored.dir/C_/Users/Owner/pico-sdk/lib/tinyusb/src/tusb.c.obj
                0x10007354                tu_edpt_release
 .text.tu_edpt_validate
                0x1000738c       0xac CMakeFiles/easycontroller_refactored.dir/C_/Users/Owner/pico-sdk/lib/tinyusb/src/tusb.c.obj
                0x1000738c                tu_edpt_validate
 .text.tu_edpt_bind_driver
                0x10007438       0x26 CMakeFiles/easycontroller_refactored.dir/C_/Users/Owner/pico-sdk/lib/tinyusb/src/tusb.c.obj
                0x10007438                tu_edpt_bind_driver
 .text.tu_edpt_stream_init
                0x1000745e       0x62 CMakeFiles/easycontroller_refactored.dir/C_/Users/Owner/pico-sdk/lib/tinyusb/src/tusb.c.obj
                0x1000745e                tu_edpt_stream_init
 .text.tu_edpt_stream_deinit
                0x100074c0        0x4 CMakeFiles/easycontroller_refactored.dir/C_/Users/Owner/pico-sdk/lib/tinyusb/src/tusb.c.obj
                0x100074c0                tu_edpt_stream_deinit
 .text.tu_edpt_stream_write_zlp_if_needed
                0x100074c4       0x80 CMakeFiles/easycontroller_refactored.dir/C_/Users/Owner/pico-sdk/lib/tinyusb/src/tusb.c.obj
                0x100074c4                tu_edpt_stream_write_zlp_if_needed
 .text.tu_edpt_stream_write_xfer
                0x10007544       0x84 CMakeFiles/easycontroller_refactored.dir/C_/Users/Owner/pico-sdk/lib/tinyusb/src/tusb.c.obj
                0x10007544                tu_edpt_stream_write_xfer
 .text.tu_edpt_stream_read_xfer
                0x100075c8       0xf4 CMakeFiles/easycontroller_refactored.dir/C_/Users/Owner/pico-sdk/lib/tinyusb/src/tusb.c.obj
                0x100075c8                tu_edpt_stream_read_xfer
 .text.advance_index
                0x100076bc       0x1a CMakeFiles/easycontroller_refactored.dir/C_/Users/Owner/pico-sdk/lib/tinyusb/src/common/tusb_fifo.c.obj
 .text._tu_fifo_peek
                0x100076d6       0x56 CMakeFiles/easycontroller_refactored.dir/C_/Users/Owner/pico-sdk/lib/tinyusb/src/common/tusb_fifo.c.obj
 .text._ff_pull_n
                0x1000772c       0x68 CMakeFiles/easycontroller_refactored.dir/C_/Users/Owner/pico-sdk/lib/tinyusb/src/common/tusb_fifo.c.obj
 .text._tu_fifo_peek_n
                0x10007794       0x6a CMakeFiles/easycontroller_refactored.dir/C_/Users/Owner/pico-sdk/lib/tinyusb/src/common/tusb_fifo.c.obj
 .text._tu_fifo_read_n
                0x100077fe       0x4e CMakeFiles/easycontroller_refactored.dir/C_/Users/Owner/pico-sdk/lib/tinyusb/src/common/tusb_fifo.c.obj
 .text._ff_push_n
                0x1000784c       0x68 CMakeFiles/easycontroller_refactored.dir/C_/Users/Owner/pico-sdk/lib/tinyusb/src/common/tusb_fifo.c.obj
 .text._tu_fifo_write_n
                0x100078b4       0xf0 CMakeFiles/easycontroller_refactored.dir/C_/Users/Owner/pico-sdk/lib/tinyusb/src/common/tusb_fifo.c.obj
 .text.tu_fifo_config
                0x100079a4       0x7c CMakeFiles/easycontroller_refactored.dir/C_/Users/Owner/pico-sdk/lib/tinyusb/src/common/tusb_fifo.c.obj
                0x100079a4                tu_fifo_config
 .text.tu_fifo_count
                0x10007a20       0x2c CMakeFiles/easycontroller_refactored.dir/C_/Users/Owner/pico-sdk/lib/tinyusb/src/common/tusb_fifo.c.obj
                0x10007a20                tu_fifo_count
 .text.tu_fifo_empty
                0x10007a4c        0xe CMakeFiles/easycontroller_refactored.dir/C_/Users/Owner/pico-sdk/lib/tinyusb/src/common/tusb_fifo.c.obj
                0x10007a4c                tu_fifo_empty
 .text.tu_fifo_full
                0x10007a5a       0x2a CMakeFiles/easycontroller_refactored.dir/C_/Users/Owner/pico-sdk/lib/tinyusb/src/common/tusb_fifo.c.obj
                0x10007a5a                tu_fifo_full
 .text.tu_fifo_remaining
                0x10007a84       0x2e CMakeFiles/easycontroller_refactored.dir/C_/Users/Owner/pico-sdk/lib/tinyusb/src/common/tusb_fifo.c.obj
                0x10007a84                tu_fifo_remaining
 .text.tu_fifo_read
                0x10007ab2       0x42 CMakeFiles/easycontroller_refactored.dir/C_/Users/Owner/pico-sdk/lib/tinyusb/src/common/tusb_fifo.c.obj
                0x10007ab2                tu_fifo_read
 .text.tu_fifo_read_n
                0x10007af4        0xa CMakeFiles/easycontroller_refactored.dir/C_/Users/Owner/pico-sdk/lib/tinyusb/src/common/tusb_fifo.c.obj
                0x10007af4                tu_fifo_read_n
 .text.tu_fifo_write
                0x10007afe       0x64 CMakeFiles/easycontroller_refactored.dir/C_/Users/Owner/pico-sdk/lib/tinyusb/src/common/tusb_fifo.c.obj
                0x10007afe                tu_fifo_write
 .text.tu_fifo_write_n
                0x10007b62        0xa CMakeFiles/easycontroller_refactored.dir/C_/Users/Owner/pico-sdk/lib/tinyusb/src/common/tusb_fifo.c.obj
                0x10007b62                tu_fifo_write_n
 .text.tu_fifo_clear
                0x10007b6c       0x3e CMakeFiles/easycontroller_refactored.dir/C_/Users/Owner/pico-sdk/lib/tinyusb/src/common/tusb_fifo.c.obj
                0x10007b6c                tu_fifo_clear
 .text.tu_fifo_set_overwritable
                0x10007baa       0x46 CMakeFiles/easycontroller_refactored.dir/C_/Users/Owner/pico-sdk/lib/tinyusb/src/common/tusb_fifo.c.obj
                0x10007baa                tu_fifo_set_overwritable
 .text.adc_init
                0x10007bf0       0x34 CMakeFiles/easycontroller_refactored.dir/C_/Users/Owner/pico-sdk/src/rp2_common/hardware_adc/adc.c.obj
                0x10007bf0                adc_init
 .text.atoi     0x10007c24        0xc C:/PROGRA~2/ARMGNU~1/142BCE~1.3RE/bin/../lib/gcc/arm-none-eabi/14.3.1/../../../../arm-none-eabi/lib/thumb/v6-m/nofp\libg.a(libc_a-atoi.o)
                0x10007c24                atoi
 .text._strtol_l.isra.0
                0x10007c30      0x158 C:/PROGRA~2/ARMGNU~1/142BCE~1.3RE/bin/../lib/gcc/arm-none-eabi/14.3.1/../../../../arm-none-eabi/lib/thumb/v6-m/nofp\libg.a(libc_a-strtol.o)
 .text.strtol   0x10007d88       0x18 C:/PROGRA~2/ARMGNU~1/142BCE~1.3RE/bin/../lib/gcc/arm-none-eabi/14.3.1/../../../../arm-none-eabi/lib/thumb/v6-m/nofp\libg.a(libc_a-strtol.o)
                0x10007d88                strtol
 .text.__errno  0x10007da0        0xc C:/PROGRA~2/ARMGNU~1/142BCE~1.3RE/bin/../lib/gcc/arm-none-eabi/14.3.1/../../../../arm-none-eabi/lib/thumb/v6-m/nofp\libg.a(libc_a-errno.o)
                0x10007da0                __errno
 .text.strlen   0x10007dac       0x5c C:/PROGRA~2/ARMGNU~1/142BCE~1.3RE/bin/../lib/gcc/arm-none-eabi/14.3.1/../../../../arm-none-eabi/lib/thumb/v6-m/nofp\libg.a(libc_a-strlen-stub.o)
                0x10007dac                strlen
 *(.fini)
 .fini          0x10007e08        0x4 C:/PROGRA~2/ARMGNU~1/142BCE~1.3RE/bin/../lib/gcc/arm-none-eabi/14.3.1/thumb/v6-m/nofp/crti.o
                0x10007e08                _fini
 *fill*         0x10007e0c        0x4 
 .fini.__stub   0x10007e10       0xd0 linker stubs
 *crtbegin.o(.ctors)
 *crtbegin?.o(.ctors)
 *(EXCLUDE_FILE(*crtend.o *crtend?.o) .ctors)
 *(SORT_BY_NAME(.ctors.*))
 *(.ctors)
 *crtbegin.o(.dtors)
 *crtbegin?.o(.dtors)
 *(EXCLUDE_FILE(*crtend.o *crtend?.o) .dtors)
 *(SORT_BY_NAME(.dtors.*))
 *(.dtors)
                0x10007ee0                        . = ALIGN (0x4)
                0x10007ee0                        PROVIDE (__preinit_array_start = .)
 *(SORT_BY_NAME(.preinit_array.*))
 .preinit_array.00100
                0x10007ee0        0x4 CMakeFiles/easycontroller_refactored.dir/C_/Users/Owner/pico-sdk/src/rp2_common/pico_runtime_init/runtime_init.c.obj
                0x10007ee0                __pre_init_runtime_init_early_resets
 .preinit_array.00101
                0x10007ee4        0x4 CMakeFiles/easycontroller_refactored.dir/C_/Users/Owner/pico-sdk/src/rp2_common/pico_runtime_init/runtime_init.c.obj
                0x10007ee4                __pre_init_runtime_init_usb_power_down
 .preinit_array.00275
                0x10007ee8        0x4 CMakeFiles/easycontroller_refactored.dir/C_/Users/Owner/pico-sdk/src/rp2_common/pico_bit_ops/bit_ops_aeabi.S.obj
 .preinit_array.00300
                0x10007eec        0x4 CMakeFiles/easycontroller_refactored.dir/C_/Users/Owner/pico-sdk/src/rp2_common/pico_mem_ops/mem_ops_aeabi.S.obj
 .preinit_array.00350
                0x10007ef0        0x4 CMakeFiles/easycontroller_refactored.dir/C_/Users/Owner/pico-sdk/src/rp2_common/pico_double/double_aeabi_rp2040.S.obj
 .preinit_array.00350
                0x10007ef4        0x4 CMakeFiles/easycontroller_refactored.dir/C_/Users/Owner/pico-sdk/src/rp2_common/pico_float/float_aeabi_rp2040.S.obj
 .preinit_array.00500
                0x10007ef8        0x4 CMakeFiles/easycontroller_refactored.dir/C_/Users/Owner/pico-sdk/src/rp2_common/pico_runtime_init/runtime_init.c.obj
                0x10007ef8                __pre_init_runtime_init_clocks
 .preinit_array.00600
                0x10007efc        0x4 CMakeFiles/easycontroller_refactored.dir/C_/Users/Owner/pico-sdk/src/rp2_common/pico_runtime_init/runtime_init.c.obj
                0x10007efc                __pre_init_runtime_init_post_clock_resets
 .preinit_array.00700
                0x10007f00        0x4 CMakeFiles/easycontroller_refactored.dir/C_/Users/Owner/pico-sdk/src/rp2_common/pico_runtime_init/runtime_init.c.obj
                0x10007f00                __pre_init_runtime_init_rp2040_gpio_ie_disable
 .preinit_array.01000
                0x10007f04        0x4 CMakeFiles/easycontroller_refactored.dir/C_/Users/Owner/pico-sdk/src/rp2_common/pico_runtime_init/runtime_init.c.obj
                0x10007f04                __pre_init_runtime_init_spin_locks_reset
 .preinit_array.01100
                0x10007f08        0x4 CMakeFiles/easycontroller_refactored.dir/C_/Users/Owner/pico-sdk/src/common/pico_sync/mutex.c.obj
                0x10007f08                __pre_init_runtime_init_mutex
 .preinit_array.10080
                0x10007f0c        0x4 CMakeFiles/easycontroller_refactored.dir/C_/Users/Owner/pico-sdk/src/rp2_common/pico_runtime_init/runtime_init.c.obj
                0x10007f0c                __pre_init_runtime_init_install_ram_vector_table
 .preinit_array.11000
                0x10007f10        0x4 CMakeFiles/easycontroller_refactored.dir/C_/Users/Owner/pico-sdk/src/common/pico_time/time.c.obj
                0x10007f10                __pre_init_runtime_init_default_alarm_pool
 .preinit_array.YYYYY
                0x10007f14        0x4 CMakeFiles/easycontroller_refactored.dir/C_/Users/Owner/pico-sdk/src/rp2_common/pico_runtime/runtime.c.obj
                0x10007f14                __pre_init_first_per_core_initializer
 .preinit_array.ZZZZZ.01200
                0x10007f18        0x4 CMakeFiles/easycontroller_refactored.dir/C_/Users/Owner/pico-sdk/src/rp2_common/hardware_irq/irq.c.obj
                0x10007f18                __pre_init_runtime_init_per_core_irq_priorities
 *(.preinit_array)
                0x10007f1c                        PROVIDE (__preinit_array_end = .)
                0x10007f1c                        . = ALIGN (0x4)
                0x10007f1c                        PROVIDE (__init_array_start = .)
 *(SORT_BY_NAME(.init_array.*))
 .init_array.01000
                0x10007f1c        0x4 CMakeFiles/easycontroller_refactored.dir/C_/Users/Owner/pico-sdk/src/rp2_common/pico_unique_id/unique_id.c.obj
 *(.init_array)
 .init_array    0x10007f20        0x4 C:/PROGRA~2/ARMGNU~1/142BCE~1.3RE/bin/../lib/gcc/arm-none-eabi/14.3.1/thumb/v6-m/nofp/crtbegin.o
                0x10007f24                        PROVIDE (__init_array_end = .)
                0x10007f24                        . = ALIGN (0x4)
                [!provide]                        PROVIDE (__fini_array_start = .)
 *(SORT_BY_NAME(.fini_array.*))
 *(.fini_array)
                [!provide]                        PROVIDE (__fini_array_end = .)
 *(.eh_frame*)
 .eh_frame      0x10007f24        0x0 C:/PROGRA~2/ARMGNU~1/142BCE~1.3RE/bin/../lib/gcc/arm-none-eabi/14.3.1/thumb/v6-m/nofp/crtbegin.o
                0x10007f24                        . = ALIGN (0x4)

.glue_7         0x10007f24        0x0
 .glue_7        0x10007f24        0x0 linker stubs

.glue_7t        0x10007f24        0x0
 .glue_7t       0x10007f24        0x0 linker stubs

.vfp11_veneer   0x10007f24        0x0
 .vfp11_veneer  0x10007f24        0x0 linker stubs

.v4_bx          0x10007f24        0x0
 .v4_bx         0x10007f24        0x0 linker stubs

.iplt           0x10007f24        0x0
 .iplt          0x10007f24        0x0 C:/PROGRA~2/ARMGNU~1/142BCE~1.3RE/bin/../lib/gcc/arm-none-eabi/14.3.1/thumb/v6-m/nofp/crtbegin.o

.rodata         0x10007f28     0x1788
 *(EXCLUDE_FILE(*libm.a: *libc.a:*lib_a-mem*.o *libgcc.a:) .rodata*)
 .rodata.main.str1.4
                0x10007f28      0xdb3 CMakeFiles/easycontroller_refactored.dir/easycontroller_refactored.c.obj
                                 0xe9 (size before relaxing)
 .rodata.send_telemetry_uart.str1.4
                0x10008cdb       0x1b CMakeFiles/easycontroller_refactored.dir/UART.c.obj
 *fill*         0x10008cdb        0x1 
 .rodata.writePWM
                0x10008cdc       0x18 CMakeFiles/easycontroller_refactored.dir/motor_control.c.obj
 .rodata.identify_halls.str1.4
                0x10008cf4       0x8c CMakeFiles/easycontroller_refactored.dir/motor_control.c.obj
 .rodata.ADC_BIAS_OVERSAMPLE
                0x10008cf4        0x4 CMakeFiles/easycontroller_refactored.dir/motor_pins.c.obj
                0x10008cf4                ADC_BIAS_OVERSAMPLE
 .rodata.VOLTAGE_SCALING
                0x10008cf8        0x4 CMakeFiles/easycontroller_refactored.dir/motor_pins.c.obj
                0x10008cf8                VOLTAGE_SCALING
 .rodata.CURRENT_SCALING
                0x10008cfc        0x4 CMakeFiles/easycontroller_refactored.dir/motor_pins.c.obj
                0x10008cfc                CURRENT_SCALING
 .rodata.DUTY_CYCLE_MAX
                0x10008d00        0x4 CMakeFiles/easycontroller_refactored.dir/motor_pins.c.obj
                0x10008d00                DUTY_CYCLE_MAX
 .rodata.HALL_OVERSAMPLE
                0x10008d04        0x4 CMakeFiles/easycontroller_refactored.dir/motor_pins.c.obj
                0x10008d04                HALL_OVERSAMPLE
 .rodata.FLAG_PIN
                0x10008d08        0x4 CMakeFiles/easycontroller_refactored.dir/motor_pins.c.obj
                0x10008d08                FLAG_PIN
 .rodata.F_PWM  0x10008d0c        0x4 CMakeFiles/easycontroller_refactored.dir/motor_pins.c.obj
                0x10008d0c                F_PWM
 .rodata.C_PWM_SLICE
                0x10008d10        0x4 CMakeFiles/easycontroller_refactored.dir/motor_pins.c.obj
                0x10008d10                C_PWM_SLICE
 .rodata.B_PWM_SLICE
                0x10008d14        0x4 CMakeFiles/easycontroller_refactored.dir/motor_pins.c.obj
                0x10008d14                B_PWM_SLICE
 .rodata.A_PWM_SLICE
                0x10008d18        0x4 CMakeFiles/easycontroller_refactored.dir/motor_pins.c.obj
                0x10008d18                A_PWM_SLICE
 .rodata.THROTTLE_PIN
                0x10008d1c        0x4 CMakeFiles/easycontroller_refactored.dir/motor_pins.c.obj
                0x10008d1c                THROTTLE_PIN
 .rodata.VSENSE_PIN
                0x10008d20        0x4 CMakeFiles/easycontroller_refactored.dir/motor_pins.c.obj
                0x10008d20                VSENSE_PIN
 .rodata.ISENSE_PIN
                0x10008d24        0x4 CMakeFiles/easycontroller_refactored.dir/motor_pins.c.obj
                0x10008d24                ISENSE_PIN
 .rodata.HALL_3_PIN
                0x10008d28        0x4 CMakeFiles/easycontroller_refactored.dir/motor_pins.c.obj
                0x10008d28                HALL_3_PIN
 .rodata.HALL_2_PIN
                0x10008d2c        0x4 CMakeFiles/easycontroller_refactored.dir/motor_pins.c.obj
                0x10008d2c                HALL_2_PIN
 .rodata.HALL_1_PIN
                0x10008d30        0x4 CMakeFiles/easycontroller_refactored.dir/motor_pins.c.obj
                0x10008d30                HALL_1_PIN
 .rodata.CL_PIN
                0x10008d34        0x4 CMakeFiles/easycontroller_refactored.dir/motor_pins.c.obj
                0x10008d34                CL_PIN
 .rodata.CH_PIN
                0x10008d38        0x4 CMakeFiles/easycontroller_refactored.dir/motor_pins.c.obj
                0x10008d38                CH_PIN
 .rodata.BL_PIN
                0x10008d3c        0x4 CMakeFiles/easycontroller_refactored.dir/motor_pins.c.obj
                0x10008d3c                BL_PIN
 .rodata.BH_PIN
                0x10008d40        0x4 CMakeFiles/easycontroller_refactored.dir/motor_pins.c.obj
                0x10008d40                BH_PIN
 .rodata.AL_PIN
                0x10008d44        0x4 CMakeFiles/easycontroller_refactored.dir/motor_pins.c.obj
                0x10008d44                AL_PIN
 .rodata.AH_PIN
                0x10008d48        0x4 CMakeFiles/easycontroller_refactored.dir/motor_pins.c.obj
                0x10008d48                AH_PIN
 .rodata.LED_PIN
                0x10008d4c        0x4 CMakeFiles/easycontroller_refactored.dir/motor_pins.c.obj
                0x10008d4c                LED_PIN
 .rodata.wait_for_serial_command.str1.4
                0x10008d50       0x24 CMakeFiles/easycontroller_refactored.dir/motor_state.c.obj
 .rodata.HALL_IDENTIFY_DUTY_CYCLE
                0x10008d50        0x4 CMakeFiles/easycontroller_refactored.dir/motor_user_config.c.obj
                0x10008d50                HALL_IDENTIFY_DUTY_CYCLE
 .rodata.CURRENT_CONTROL_LOOP_GAIN
                0x10008d54        0x4 CMakeFiles/easycontroller_refactored.dir/motor_user_config.c.obj
                0x10008d54                CURRENT_CONTROL_LOOP_GAIN
 .rodata.CURRENT_CONTROL
                0x10008d58        0x1 CMakeFiles/easycontroller_refactored.dir/motor_user_config.c.obj
                0x10008d58                CURRENT_CONTROL
 *fill*         0x10008d59        0x3 
 .rodata.THROTTLE_HIGH
                0x10008d5c        0x4 CMakeFiles/easycontroller_refactored.dir/motor_user_config.c.obj
                0x10008d5c                THROTTLE_HIGH
 .rodata.THROTTLE_LOW
                0x10008d60        0x4 CMakeFiles/easycontroller_refactored.dir/motor_user_config.c.obj
                0x10008d60                THROTTLE_LOW
 .rodata.IDENTIFY_HALLS_REVERSE
                0x10008d64        0x1 CMakeFiles/easycontroller_refactored.dir/motor_user_config.c.obj
                0x10008d64                IDENTIFY_HALLS_REVERSE
 .rodata.IDENTIFY_HALLS_ON_BOOT
                0x10008d65        0x1 CMakeFiles/easycontroller_refactored.dir/motor_user_config.c.obj
                0x10008d65                IDENTIFY_HALLS_ON_BOOT
 .rodata.rp2040_chip_version.str1.4
                0x10008d66       0x71 CMakeFiles/easycontroller_refactored.dir/C_/Users/Owner/pico-sdk/src/rp2040/pico_platform/platform.c.obj
 *fill*         0x10008d66        0x2 
 .rodata.__func__.0
                0x10008d68       0x14 CMakeFiles/easycontroller_refactored.dir/C_/Users/Owner/pico-sdk/src/rp2040/pico_platform/platform.c.obj
 .rodata.panic.str1.4
                0x10008d7c       0x12 CMakeFiles/easycontroller_refactored.dir/C_/Users/Owner/pico-sdk/src/rp2_common/pico_platform_panic/panic.c.obj
 .rodata.spin_lock_claim_unused.str1.4
                0x10008d7c       0x1b CMakeFiles/easycontroller_refactored.dir/C_/Users/Owner/pico-sdk/src/rp2_common/hardware_sync/sync.c.obj
 .rodata.resolve_j_16.str1.4
                0x10008d7c       0x52 CMakeFiles/easycontroller_refactored.dir/C_/Users/Owner/pico-sdk/src/rp2_common/hardware_irq/irq.c.obj
 .rodata.make_j_16.str1.4
                0x10008d7c       0x30 CMakeFiles/easycontroller_refactored.dir/C_/Users/Owner/pico-sdk/src/rp2_common/hardware_irq/irq.c.obj
 .rodata.irq_set_exclusive_handler.str1.4
                0x10008d7c       0x36 CMakeFiles/easycontroller_refactored.dir/C_/Users/Owner/pico-sdk/src/rp2_common/hardware_irq/irq.c.obj
 .rodata.irq_add_shared_handler.str1.4
                0x10008d7c       0xd2 CMakeFiles/easycontroller_refactored.dir/C_/Users/Owner/pico-sdk/src/rp2_common/hardware_irq/irq.c.obj
 .rodata.irq_add_tail_to_free_list.str1.4
                0x10008d7c       0x3a CMakeFiles/easycontroller_refactored.dir/C_/Users/Owner/pico-sdk/src/rp2_common/hardware_irq/irq.c.obj
 .rodata.user_irq_claim_unused.str1.4
                0x10008d7c       0x1b CMakeFiles/easycontroller_refactored.dir/C_/Users/Owner/pico-sdk/src/rp2_common/hardware_irq/irq.c.obj
 .rodata.__func__.0
                0x10008d7c       0x1a CMakeFiles/easycontroller_refactored.dir/C_/Users/Owner/pico-sdk/src/rp2_common/hardware_irq/irq.c.obj
 *fill*         0x10008d96        0x2 
 .rodata.__func__.3
                0x10008d98        0xa CMakeFiles/easycontroller_refactored.dir/C_/Users/Owner/pico-sdk/src/rp2_common/hardware_irq/irq.c.obj
 *fill*         0x10008da2        0x2 
 .rodata.__func__.4
                0x10008da4        0xd CMakeFiles/easycontroller_refactored.dir/C_/Users/Owner/pico-sdk/src/rp2_common/hardware_irq/irq.c.obj
 *fill*         0x10008db1        0x3 
 .rodata.__func__.5
                0x10008db4       0x17 CMakeFiles/easycontroller_refactored.dir/C_/Users/Owner/pico-sdk/src/rp2_common/hardware_irq/irq.c.obj
 *fill*         0x10008dcb        0x1 
 .rodata.__func__.6
                0x10008dcc       0x1a CMakeFiles/easycontroller_refactored.dir/C_/Users/Owner/pico-sdk/src/rp2_common/hardware_irq/irq.c.obj
 .rodata.runtime_init_mutex.str1.4
                0x10008de6       0x55 CMakeFiles/easycontroller_refactored.dir/C_/Users/Owner/pico-sdk/src/common/pico_sync/mutex.c.obj
 .rodata.str1.4
                0x10008de6       0x51 CMakeFiles/easycontroller_refactored.dir/C_/Users/Owner/pico-sdk/src/common/pico_sync/mutex.c.obj
 *fill*         0x10008de6        0x2 
 .rodata.__func__.1
                0x10008de8        0xb CMakeFiles/easycontroller_refactored.dir/C_/Users/Owner/pico-sdk/src/common/pico_sync/mutex.c.obj
 *fill*         0x10008df3        0x1 
 .rodata.__func__.3
                0x10008df4       0x18 CMakeFiles/easycontroller_refactored.dir/C_/Users/Owner/pico-sdk/src/common/pico_sync/mutex.c.obj
 .rodata.__func__.6
                0x10008e0c       0x13 CMakeFiles/easycontroller_refactored.dir/C_/Users/Owner/pico-sdk/src/common/pico_sync/mutex.c.obj
 .rodata.alarm_pool_irq_handler.str1.4
                0x10008e1f       0x60 CMakeFiles/easycontroller_refactored.dir/C_/Users/Owner/pico-sdk/src/common/pico_time/time.c.obj
 .rodata.alarm_pool_get_default.str1.4
                0x10008e1f       0x21 CMakeFiles/easycontroller_refactored.dir/C_/Users/Owner/pico-sdk/src/common/pico_time/time.c.obj
 .rodata.sleep_until.str1.4
                0x10008e1f       0x4d CMakeFiles/easycontroller_refactored.dir/C_/Users/Owner/pico-sdk/src/common/pico_time/time.c.obj
 *fill*         0x10008e1f        0x1 
 .rodata.__func__.1
                0x10008e20       0x17 CMakeFiles/easycontroller_refactored.dir/C_/Users/Owner/pico-sdk/src/common/pico_time/time.c.obj
 *fill*         0x10008e37        0x1 
 .rodata.__func__.2
                0x10008e38       0x17 CMakeFiles/easycontroller_refactored.dir/C_/Users/Owner/pico-sdk/src/common/pico_time/time.c.obj
 *fill*         0x10008e4f        0x1 
 .rodata.at_the_end_of_time
                0x10008e50        0x8 CMakeFiles/easycontroller_refactored.dir/C_/Users/Owner/pico-sdk/src/common/pico_time/time.c.obj
                0x10008e50                at_the_end_of_time
 .rodata.timer_hardware_alarm_claim.str1.4
                0x10008e58       0x22 CMakeFiles/easycontroller_refactored.dir/C_/Users/Owner/pico-sdk/src/rp2_common/hardware_timer/timer.c.obj
 .rodata.pll_init.str1.4
                0x10008e58      0x110 CMakeFiles/easycontroller_refactored.dir/C_/Users/Owner/pico-sdk/src/rp2_common/hardware_pll/pll.c.obj
 .rodata.__func__.0
                0x10008e58        0x9 CMakeFiles/easycontroller_refactored.dir/C_/Users/Owner/pico-sdk/src/rp2_common/hardware_pll/pll.c.obj
 .rodata.__aeabi_double_init.str1.4