Archive member included to satisfy reference by file (symbol)

C:/PROGRA~2/ARMGNU~1/142BCE~1.3RE/bin/../lib/gcc/arm-none-eabi/14.3.1/thumb/v6-m/nofp\libgcc.a(_dvmd_tls.o)
                              CMakeFiles/easycontroller_debug.dir/C_/Users/Owner/pico-sdk/src/rp2_common/pico_divider/divider_hardware.S.obj (__aeabi_idiv0)
C:/PROGRA~2/ARMGNU~1/142BCE~1.3RE/bin/../lib/gcc/arm-none-eabi/14.3.1/../../../../arm-none-eabi/lib/thumb/v6-m/nofp\libg.a(libc_a-atoi.o)
                              CMakeFiles/easycontroller_debug.dir/motor_control.c.obj (atoi)
C:/PROGRA~2/ARMGNU~1/142BCE~1.3RE/bin/../lib/gcc/arm-none-eabi/14.3.1/../../../../arm-none-eabi/lib/thumb/v6-m/nofp\libg.a(libc_a-calloc.o)
                              CMakeFiles/easycontroller_debug.dir/C_/Users/Owner/pico-sdk/src/rp2_common/pico_malloc/malloc.c.obj (calloc)
C:/PROGRA~2/ARMGNU~1/142BCE~1.3RE/bin/../lib/gcc/arm-none-eabi/14.3.1/../../../../arm-none-eabi/lib/thumb/v6-m/nofp\libg.a(libc_a-callocr.o)
                              C:/PROGRA~2/ARMGNU~1/142BCE~1.3RE/bin/../lib/gcc/arm-none-eabi/14.3.1/../../../../arm-none-eabi/lib/thumb/v6-m/nofp\libg.a(libc_a-calloc.o) (_calloc_r)
C:/PROGRA~2/ARMGNU~1/142BCE~1.3RE/bin/../lib/gcc/arm-none-eabi/14.3.1/../../../../arm-none-eabi/lib/thumb/v6-m/nofp\libg.a(libc_a-malloc.o)
                              CMakeFiles/easycontroller_debug.dir/C_/Users/Owner/pico-sdk/src/rp2_common/pico_malloc/malloc.c.obj (malloc)
C:/PROGRA~2/ARMGNU~1/142BCE~1.3RE/bin/../lib/gcc/arm-none-eabi/14.3.1/../../../../arm-none-eabi/lib/thumb/v6-m/nofp\libg.a(libc_a-mallocr.o)
                              C:/PROGRA~2/ARMGNU~1/142BCE~1.3RE/bin/../lib/gcc/arm-none-eabi/14.3.1/../../../../arm-none-eabi/lib/thumb/v6-m/nofp\libg.a(libc_a-callocr.o) (_malloc_r)
C:/PROGRA~2/ARMGNU~1/142BCE~1.3RE/bin/../lib/gcc/arm-none-eabi/14.3.1/../../../../arm-none-eabi/lib/thumb/v6-m/nofp\libg.a(libc_a-mlock.o)
                              C:/PROGRA~2/ARMGNU~1/142BCE~1.3RE/bin/../lib/gcc/arm-none-eabi/14.3.1/../../../../arm-none-eabi/lib/thumb/v6-m/nofp\libg.a(libc_a-mallocr.o) (__malloc_lock)
C:/PROGRA~2/ARMGNU~1/142BCE~1.3RE/bin/../lib/gcc/arm-none-eabi/14.3.1/../../../../arm-none-eabi/lib/thumb/v6-m/nofp\libg.a(libc_a-realloc.o)
                              CMakeFiles/easycontroller_debug.dir/C_/Users/Owner/pico-sdk/src/rp2_common/pico_malloc/malloc.c.obj (realloc)
C:/PROGRA~2/ARMGNU~1/142BCE~1.3RE/bin/../lib/gcc/arm-none-eabi/14.3.1/../../../../arm-none-eabi/lib/thumb/v6-m/nofp\libg.a(libc_a-reallocr.o)
                              C:/PROGRA~2/ARMGNU~1/142BCE~1.3RE/bin/../lib/gcc/arm-none-eabi/14.3.1/../../../../arm-none-eabi/lib/thumb/v6-m/nofp\libg.a(libc_a-realloc.o) (_realloc_r)
C:/PROGRA~2/ARMGNU~1/142BCE~1.3RE/bin/../lib/gcc/arm-none-eabi/14.3.1/../../../../arm-none-eabi/lib/thumb/v6-m/nofp\libg.a(libc_a-strtol.o)
                              C:/PROGRA~2/ARMGNU~1/142BCE~1.3RE/bin/../lib/gcc/arm-none-eabi/14.3.1/../../../../arm-none-eabi/lib/thumb/v6-m/nofp\libg.a(libc_a-atoi.o) (_strtol_r)
C:/PROGRA~2/ARMGNU~1/142BCE~1.3RE/bin/../lib/gcc/arm-none-eabi/14.3.1/../../../../arm-none-eabi/lib/thumb/v6-m/nofp\libg.a(libc_a-ctype_.o)
                              C:/PROGRA~2/ARMGNU~1/142BCE~1.3RE/bin/../lib/gcc/arm-none-eabi/14.3.1/../../../../arm-none-eabi/lib/thumb/v6-m/nofp\libg.a(libc_a-strtol.o) (_ctype_)
C:/PROGRA~2/ARMGNU~1/142BCE~1.3RE/bin/../lib/gcc/arm-none-eabi/14.3.1/../../../../arm-none-eabi/lib/thumb/v6-m/nofp\libg.a(libc_a-memcmp.o)
                              CMakeFiles/easycontroller_debug.dir/C_/Users/Owner/pico-sdk/src/rp2_common/pico_atomic/atomic.c.obj (memcmp)
C:/PROGRA~2/ARMGNU~1/142BCE~1.3RE/bin/../lib/gcc/arm-none-eabi/14.3.1/../../../../arm-none-eabi/lib/thumb/v6-m/nofp\libg.a(libc_a-memmove.o)
                              C:/PROGRA~2/ARMGNU~1/142BCE~1.3RE/bin/../lib/gcc/arm-none-eabi/14.3.1/../../../../arm-none-eabi/lib/thumb/v6-m/nofp\libg.a(libc_a-reallocr.o) (memmove)
C:/PROGRA~2/ARMGNU~1/142BCE~1.3RE/bin/../lib/gcc/arm-none-eabi/14.3.1/../../../../arm-none-eabi/lib/thumb/v6-m/nofp\libg.a(libc_a-lcltime_r.o)
                              CMakeFiles/easycontroller_debug.dir/C_/Users/Owner/pico-sdk/src/common/pico_util/datetime.c.obj (localtime_r)
C:/PROGRA~2/ARMGNU~1/142BCE~1.3RE/bin/../lib/gcc/arm-none-eabi/14.3.1/../../../../arm-none-eabi/lib/thumb/v6-m/nofp\libg.a(libc_a-mktime.o)
                              CMakeFiles/easycontroller_debug.dir/C_/Users/Owner/pico-sdk/src/common/pico_util/datetime.c.obj (mktime)
C:/PROGRA~2/ARMGNU~1/142BCE~1.3RE/bin/../lib/gcc/arm-none-eabi/14.3.1/../../../../arm-none-eabi/lib/thumb/v6-m/nofp\libg.a(libc_a-month_lengths.o)
                              C:/PROGRA~2/ARMGNU~1/142BCE~1.3RE/bin/../lib/gcc/arm-none-eabi/14.3.1/../../../../arm-none-eabi/lib/thumb/v6-m/nofp\libg.a(libc_a-lcltime_r.o) (__month_lengths)
C:/PROGRA~2/ARMGNU~1/142BCE~1.3RE/bin/../lib/gcc/arm-none-eabi/14.3.1/../../../../arm-none-eabi/lib/thumb/v6-m/nofp\libg.a(libc_a-tzcalc_limits.o)
[...]
Memory Configuration

Name             Origin             Length             Attributes
FLASH            0x10000000         0x00200000         xr
RAM              0x20000000         0x00040000         xrw
SCRATCH_X        0x20040000         0x00001000         xrw
SCRATCH_Y        0x20041000         0x00001000         xrw
*default*        0x00000000         0xffffffff

Linker script and memory map

LOAD C:/PROGRA~2/ARMGNU~1/142BCE~1.3RE/bin/../lib/gcc/arm-none-eabi/14.3.1/thumb/v6-m/nofp/crti.o
LOAD C:/PROGRA~2/ARMGNU~1/142BCE~1.3RE/bin/../lib/gcc/arm-none-eabi/14.3.1/thumb/v6-m/nofp/crtbegin.o
LOAD C:/PROGRA~2/ARMGNU~1/142BCE~1.3RE/bin/../lib/gcc/arm-none-eabi/14.3.1/../../../../arm-none-eabi/lib/thumb/v6-m/nofp/crt0.o

.flash_begin    0x10000000        0x0
                0x10000000                        __flash_binary_start = .

.boot2          0x10000000      0x100
                0x10000000                        __boot2_start__ = .
 *(.boot2)
 .boot2         0x10000000      0x100 pico-sdk/src/rp2040/boot_stage2/CMakeFiles/bs2_default_library.dir/./bs2_default_padded_checksummed.S.obj
                0x10000100                        __boot2_end__ = .
                0x00000001                        ASSERT (((__boot2_end__ - __boot2_start__) == 0x100), ERROR: Pico second stage bootloader must be 256 bytes in size)

.text           0x10000100     0x846c
                0x10000100                        __logical_binary_start = .
 *(.vectors)
 .vectors       0x10000100       0xd4 CMakeFiles/easycontroller_debug.dir/C_/Users/Owner/pico-sdk/src/rp2_common/pico_crt0/crt0.S.obj
                0x10000100                __VECTOR_TABLE
                0x10000100                __vectors
                0x100001c0                isr_irq13
                0x100001c0                isr_irq27
                0x100001c0                isr_irq31
                0x100001c0                isr_irq12
                0x100001c0                isr_irq5
                0x100001c0                isr_irq11
                0x100001c0                isr_irq3
                0x100001c0                isr_irq23
                0x100001c0                __unhandled_user_irq
                0x100001c0                isr_irq26
                0x100001c0                isr_irq28
                0x100001c0                isr_irq19
                0x100001c0                isr_irq0
                0x100001c0                isr_irq6
                0x100001c0                isr_irq29
                0x100001c0                isr_irq16
                0x100001c0                isr_irq22
                0x100001c0                isr_irq18
                0x100001c0                isr_irq17
                0x100001c0                isr_irq14
                0x100001c0                __vectors_end
                0x100001c0                __default_isrs_start
                0x100001c0                isr_irq2
                0x100001c0                isr_irq10
                0x100001c0                isr_irq8
                0x100001c0                isr_irq24
                0x100001c0                isr_irq1
                0x100001c0                isr_irq7
                0x100001c0                isr_irq21
                0x100001c0                isr_irq20
                0x100001c0                isr_irq15
                0x100001c0                isr_irq25
                0x100001c0                isr_irq4
                0x100001c0                isr_irq30
                0x100001c0                isr_irq9
                0x100001c6                unhandled_user_irq_num_in_r0
                0x100001c8                isr_invalid
                0x100001ca                isr_nmi
                0x100001cc                isr_hardfault
                0x100001ce                isr_svcall
                0x100001d0                isr_pendsv
                0x100001d2                isr_systick
                0x100001d4                __default_isrs_end
 *(.binary_info_header)
 .binary_info_header
                0x100001d4       0x14 CMakeFiles/easycontroller_debug.dir/C_/Users/Owner/pico-sdk/src/rp2_common/pico_crt0/crt0.S.obj
                0x100001e8                        __binary_info_header_end = .
 *(.embedded_block)
                0x100001e8                        __embedded_block_end = .
 *(.reset)
 .reset         0x100001e8       0x9c CMakeFiles/easycontroller_debug.dir/C_/Users/Owner/pico-sdk/src/rp2_common/pico_crt0/crt0.S.obj
                0x100001e8                _entry_point
 *(.init)
 .init          0x10000284        0x4 C:/PROGRA~2/ARMGNU~1/142BCE~1.3RE/bin/../lib/gcc/arm-none-eabi/14.3.1/thumb/v6-m/nofp/crti.o
                0x10000284                _init
 *(EXCLUDE_FILE(*libm.a: *libc.a:*lib_a-mem*.o *libgcc.a:) .text*)
 .text.register_tm_clones
                0x10000288       0x28 C:/PROGRA~2/ARMGNU~1/142BCE~1.3RE/bin/../lib/gcc/arm-none-eabi/14.3.1/thumb/v6-m/nofp/crtbegin.o
 .text.frame_dummy
                0x100002b0       0x24 C:/PROGRA~2/ARMGNU~1/142BCE~1.3RE/bin/../lib/gcc/arm-none-eabi/14.3.1/thumb/v6-m/nofp/crtbegin.o
 .text.startup.main
                0x100002d4      0x2fc CMakeFiles/easycontroller_debug.dir/easycontroller_refactored.c.obj
                0x100002d4                main
 .text.on_pwm_wrap
                0x100005d0       0x64 CMakeFiles/easycontroller_debug.dir/motor_control.c.obj
                0x100005d0                on_pwm_wrap
 .text.writePhases
                0x10000634       0x68 CMakeFiles/easycontroller_debug.dir/motor_control.c.obj
                0x10000634                writePhases
 .text.writePWM
                0x1000069c      0x180 CMakeFiles/easycontroller_debug.dir/motor_control.c.obj
                0x1000069c                writePWM
 .text.get_halls
                0x1000081c       0xbc CMakeFiles/easycontroller_debug.dir/motor_control.c.obj
                0x1000081c                get_halls
 .text.on_adc_fifo
                0x100008d8      0x3dc CMakeFiles/easycontroller_debug.dir/motor_control.c.obj
                0x100008d8                on_adc_fifo
 .text.identify_halls
                0x10000cb4      0x4b0 CMakeFiles/easycontroller_debug.dir/motor_control.c.obj
                0x10000cb4                identify_halls
 .text.wait_for_serial_command
                0x10001164       0x18 CMakeFiles/easycontroller_debug.dir/motor_control.c.obj
                0x10001164                wait_for_serial_command
 .text.check_serial_input_for_Phase_Current
                0x1000117c       0x60 CMakeFiles/easycontroller_debug.dir/motor_control.c.obj
                0x1000117c                check_serial_input_for_Phase_Current
 .text.init_hardware
                0x100011dc      0x2d8 CMakeFiles/easycontroller_debug.dir/motor_hw.c.obj
                0x100011dc                init_hardware
 .text.gpio_set_function
                0x100014b4       0x34 CMakeFiles/easycontroller_debug.dir/C_/Users/Owner/pico-sdk/src/rp2_common/hardware_gpio/gpio.c.obj
                0x100014b4                gpio_set_function
 .text.gpio_set_pulls
                0x100014e8       0x28 CMakeFiles/easycontroller_debug.dir/C_/Users/Owner/pico-sdk/src/rp2_common/hardware_gpio/gpio.c.obj
                0x100014e8                gpio_set_pulls
 .text.gpio_set_input_enabled
                0x10001510       0x28 CMakeFiles/easycontroller_debug.dir/C_/Users/Owner/pico-sdk/src/rp2_common/hardware_gpio/gpio.c.obj
                0x10001510                gpio_set_input_enabled
 .text.gpio_init
                0x10001538       0x40 CMakeFiles/easycontroller_debug.dir/C_/Users/Owner/pico-sdk/src/rp2_common/hardware_gpio/gpio.c.obj
                0x10001538                gpio_init
 .text.rp2040_chip_version
                0x10001578        0xc CMakeFiles/easycontroller_debug.dir/C_/Users/Owner/pico-sdk/src/rp2040/pico_platform/platform.c.obj
                0x10001578                rp2040_chip_version
 .text.panic    0x10001584       0x30 CMakeFiles/easycontroller_debug.dir/C_/Users/Owner/pico-sdk/src/rp2_common/pico_platform_panic/panic.c.obj
                0x10001584                panic
 .text.hw_claim_or_assert
                0x100015b4       0x44 CMakeFiles/easycontroller_debug.dir/C_/Users/Owner/pico-sdk/src/common/hardware_claim/claim.c.obj
                0x100015b4                hw_claim_or_assert
 .text.hw_claim_unused_from_range
                0x100015f8       0x88 CMakeFiles/easycontroller_debug.dir/C_/Users/Owner/pico-sdk/src/common/hardware_claim/claim.c.obj
                0x100015f8                hw_claim_unused_from_range
 .text.next_striped_spin_lock_num
                0x10001680       0x18 CMakeFiles/easycontroller_debug.dir/C_/Users/Owner/pico-sdk/src/rp2_common/hardware_sync/sync.c.obj
                0x10001680                next_striped_spin_lock_num
 .text.spin_lock_claim_unused
                0x10001698       0x24 CMakeFiles/easycontroller_debug.dir/C_/Users/Owner/pico-sdk/src/rp2_common/hardware_sync/sync.c.obj
                0x10001698                spin_lock_claim_unused
 .text.spin_locks_reset
                0x100016bc       0x1c CMakeFiles/easycontroller_debug.dir/C_/Users/Owner/pico-sdk/src/rp2_common/hardware_sync_spin_lock/sync_spin_lock.c.obj
                0x100016bc                spin_locks_reset
 .text.runtime_init_per_core_irq_priorities
                0x100016d8       0x24 CMakeFiles/easycontroller_debug.dir/C_/Users/Owner/pico-sdk/src/rp2_common/hardware_irq/irq.c.obj
                0x100016d8                runtime_init_per_core_irq_priorities
 .text.irq_set_enabled
                0x100016fc       0x24 CMakeFiles/easycontroller_debug.dir/C_/Users/Owner/pico-sdk/src/rp2_common/hardware_irq/irq.c.obj
                0x100016fc                irq_set_enabled
 .text.irq_is_enabled
                0x10001720       0x18 CMakeFiles/easycontroller_debug.dir/C_/Users/Owner/pico-sdk/src/rp2_common/hardware_irq/irq.c.obj
                0x10001720                irq_is_enabled
 .text.irq_set_pending
                0x10001738       0x10 CMakeFiles/easycontroller_debug.dir/C_/Users/Owner/pico-sdk/src/rp2_common/hardware_irq/irq.c.obj
                0x10001738                irq_set_pending
 .text.irq_has_shared_handler
                0x10001748       0x24 CMakeFiles/easycontroller_debug.dir/C_/Users/Owner/pico-sdk/src/rp2_common/hardware_irq/irq.c.obj
                0x10001748                irq_has_shared_handler
 .text.irq_set_exclusive_handler
                0x1000176c       0x54 CMakeFiles/easycontroller_debug.dir/C_/Users/Owner/pico-sdk/src/rp2_common/hardware_irq/irq.c.obj
                0x1000176c                irq_set_exclusive_handler
 .text.irq_add_shared_handler
                0x100017c0      0x1f4 CMakeFiles/easycontroller_debug.dir/C_/Users/Owner/pico-sdk/src/rp2_common/hardware_irq/irq.c.obj
                0x100017c0                irq_add_shared_handler
 .text.irq_set_priority
                0x100019b4       0x28 CMakeFiles/easycontroller_debug.dir/C_/Users/Owner/pico-sdk/src/rp2_common/hardware_irq/irq.c.obj
                0x100019b4                irq_set_priority
 .text.irq_add_tail_to_free_list
                0x100019dc       0xb4 CMakeFiles/easycontroller_debug.dir/C_/Users/Owner/pico-sdk/src/rp2_common/hardware_irq/irq.c.obj
                0x100019dc                irq_add_tail_to_free_list
 .text.user_irq_claim_unused
                0x10001a90       0x2c CMakeFiles/easycontroller_debug.dir/C_/Users/Owner/pico-sdk/src/rp2_common/hardware_irq/irq.c.obj
                0x10001a90                user_irq_claim_unused
 .text.lock_init
                0x10001abc       0x10 CMakeFiles/easycontroller_debug.dir/C_/Users/Owner/pico-sdk/src/common/pico_sync/lock_core.c.obj
                0x10001abc                lock_init
 .text.runtime_init_mutex
                0x10001acc       0x50 CMakeFiles/easycontroller_debug.dir/C_/Users/Owner/pico-sdk/src/common/pico_sync/mutex.c.obj
                0x10001acc                runtime_init_mutex
 .text.mutex_init
                0x10001b1c       0x1c CMakeFiles/easycontroller_debug.dir/C_/Users/Owner/pico-sdk/src/common/pico_sync/mutex.c.obj
                0x10001b1c                mutex_init
 .text.critical_section_init
                0x10001b38       0x1c CMakeFiles/easycontroller_debug.dir/C_/Users/Owner/pico-sdk/src/common/pico_sync/critical_section.c.obj
                0x10001b38                critical_section_init
 .text.critical_section_init_with_lock_num
                0x10001b54       0x14 CMakeFiles/easycontroller_debug.dir/C_/Users/Owner/pico-sdk/src/common/pico_sync/critical_section.c.obj
                0x10001b54                critical_section_init_with_lock_num
 .text.sleep_until_callback
                0x10001b68       0x30 CMakeFiles/easycontroller_debug.dir/C_/Users/Owner/pico-sdk/src/common/pico_time/time.c.obj
 .text.alarm_pool_irq_handler
                0x10001b98      0x2f8 CMakeFiles/easycontroller_debug.dir/C_/Users/Owner/pico-sdk/src/common/pico_time/time.c.obj
 .text.runtime_init_default_alarm_pool
                0x10001e90       0xdc CMakeFiles/easycontroller_debug.dir/C_/Users/Owner/pico-sdk/src/common/pico_time/time.c.obj
                0x10001e90                runtime_init_default_alarm_pool
 .text.alarm_pool_get_default
                0x10001f6c        0x8 CMakeFiles/easycontroller_debug.dir/C_/Users/Owner/pico-sdk/src/common/pico_time/time.c.obj
                0x10001f6c                alarm_pool_get_default
 .text.alarm_pool_add_alarm_at
                0x10001f74       0xd0 CMakeFiles/easycontroller_debug.dir/C_/Users/Owner/pico-sdk/src/common/pico_time/time.c.obj
                0x10001f74                alarm_pool_add_alarm_at
 .text.alarm_pool_add_alarm_at_force_in_context
                0x10002044       0xb0 CMakeFiles/easycontroller_debug.dir/C_/Users/Owner/pico-sdk/src/common/pico_time/time.c.obj
                0x10002044                alarm_pool_add_alarm_at_force_in_context
 .text.alarm_pool_cancel_alarm
                0x100020f4       0x74 CMakeFiles/easycontroller_debug.dir/C_/Users/Owner/pico-sdk/src/common/pico_time/time.c.obj
                0x100020f4                alarm_pool_cancel_alarm
 .text.alarm_pool_core_num
                0x10002168        0x4 CMakeFiles/easycontroller_debug.dir/C_/Users/Owner/pico-sdk/src/common/pico_time/time.c.obj
                0x10002168                alarm_pool_core_num
 .text.sleep_us
                0x1000216c       0xec CMakeFiles/easycontroller_debug.dir/C_/Users/Owner/pico-sdk/src/common/pico_time/time.c.obj
                0x1000216c                sleep_us
 .text.sleep_ms
                0x10002258       0xfc CMakeFiles/easycontroller_debug.dir/C_/Users/Owner/pico-sdk/src/common/pico_time/time.c.obj
                0x10002258                sleep_ms
 .text.best_effort_wfe_or_timeout
                0x10002354      0x10c CMakeFiles/easycontroller_debug.dir/C_/Users/Owner/pico-sdk/src/common/pico_time/time.c.obj
                0x10002354                best_effort_wfe_or_timeout
 .text.timer_hardware_alarm_claim
                0x10002460       0x14 CMakeFiles/easycontroller_debug.dir/C_/Users/Owner/pico-sdk/src/rp2_common/hardware_timer/timer.c.obj
                0x10002460                timer_hardware_alarm_claim
 .text.timer_time_us_64
                0x10002474       0x10 CMakeFiles/easycontroller_debug.dir/C_/Users/Owner/pico-sdk/src/rp2_common/hardware_timer/timer.c.obj
                0x10002474                timer_time_us_64
 .text.time_us_64
                0x10002484       0x14 CMakeFiles/easycontroller_debug.dir/C_/Users/Owner/pico-sdk/src/rp2_common/hardware_timer/timer.c.obj
                0x10002484                time_us_64
 .text.busy_wait_us
                0x10002498       0x68 CMakeFiles/easycontroller_debug.dir/C_/Users/Owner/pico-sdk/src/rp2_common/hardware_timer/timer.c.obj
                0x10002498                busy_wait_us
 .text.busy_wait_until
                0x10002500       0x20 CMakeFiles/easycontroller_debug.dir/C_/Users/Owner/pico-sdk/src/rp2_common/hardware_timer/timer.c.obj
                0x10002500                busy_wait_until
 .text.uart_init
                0x10002520      0x120 CMakeFiles/easycontroller_debug.dir/C_/Users/Owner/pico-sdk/src/rp2_common/hardware_uart/uart.c.obj
                0x10002520                uart_init
 .text.clock_configure_int_divider
                0x10002640       0xf4 CMakeFiles/easycontroller_debug.dir/C_/Users/Owner/pico-sdk/src/rp2_common/hardware_clocks/clocks.c.obj
                0x10002640                clock_configure_int_divider
 .text.clock_configure_undivided
                0x10002734       0xe8 CMakeFiles/easycontroller_debug.dir/C_/Users/Owner/pico-sdk/src/rp2_common/hardware_clocks/clocks.c.obj
                0x10002734                clock_configure_undivided
 .text.clock_get_hz
                0x1000281c        0xc CMakeFiles/easycontroller_debug.dir/C_/Users/Owner/pico-sdk/src/rp2_common/hardware_clocks/clocks.c.obj
                0x1000281c                clock_get_hz
 .text.pll_init
                0x10002828       0xa4 CMakeFiles/easycontroller_debug.dir/C_/Users/Owner/pico-sdk/src/rp2_common/hardware_pll/pll.c.obj
                0x10002828                pll_init
 .text.watchdog_reboot
                0x100028cc       0x9c CMakeFiles/easycontroller_debug.dir/C_/Users/Owner/pico-sdk/src/rp2_common/hardware_watchdog/watchdog.c.obj
                0x100028cc                watchdog_reboot
 .text.tick_start
                0x10002968       0x10 CMakeFiles/easycontroller_debug.dir/C_/Users/Owner/pico-sdk/src/rp2_common/hardware_ticks/ticks.c.obj
                0x10002968                tick_start
 .text.rom_func_lookup
                0x10002978       0x10 CMakeFiles/easycontroller_debug.dir/C_/Users/Owner/pico-sdk/src/rp2_common/pico_bootrom/bootrom.c.obj
                0x10002978                rom_func_lookup
 .text.rom_data_lookup
                0x10002988       0x10 CMakeFiles/easycontroller_debug.dir/C_/Users/Owner/pico-sdk/src/rp2_common/pico_bootrom/bootrom.c.obj
                0x10002988                rom_data_lookup
 .text.rom_funcs_lookup
                0x10002998       0x44 CMakeFiles/easycontroller_debug.dir/C_/Users/Owner/pico-sdk/src/rp2_common/pico_bootrom/bootrom.c.obj
                0x10002998                rom_funcs_lookup
 .text.rom_reset_usb_boot_extra
                0x100029dc       0x24 CMakeFiles/easycontroller_debug.dir/C_/Users/Owner/pico-sdk/src/rp2_common/pico_bootrom/bootrom.c.obj
                0x100029dc                rom_reset_usb_boot_extra
 .text.xosc_init
                0x10002a00       0x28 CMakeFiles/easycontroller_debug.dir/C_/Users/Owner/pico-sdk/src/rp2_common/hardware_xosc/xosc.c.obj
                0x10002a00                xosc_init
 .text.first_per_core_initializer
                0x10002a28        0x4 CMakeFiles/easycontroller_debug.dir/C_/Users/Owner/pico-sdk/src/rp2_common/pico_runtime/runtime.c.obj
 .text.hard_assertion_failure
                0x10002a2c        0xc CMakeFiles/easycontroller_debug.dir/C_/Users/Owner/pico-sdk/src/rp2_common/pico_runtime/runtime.c.obj
                0x10002a2c                hard_assertion_failure
 .text.runtime_run_initializers
                0x10002a38       0x28 CMakeFiles/easycontroller_debug.dir/C_/Users/Owner/pico-sdk/src/rp2_common/pico_runtime/runtime.c.obj
                0x10002a38                runtime_run_initializers
 .text.runtime_init_early_resets
                0x10002a60       0x2c CMakeFiles/easycontroller_debug.dir/C_/Users/Owner/pico-sdk/src/rp2_common/pico_runtime_init/runtime_init.c.obj
                0x10002a60                runtime_init_early_resets
 .text.runtime_init_usb_power_down
                0x10002a8c       0x1c CMakeFiles/easycontroller_debug.dir/C_/Users/Owner/pico-sdk/src/rp2_common/pico_runtime_init/runtime_init.c.obj
                0x10002a8c                runtime_init_usb_power_down
 .text.runtime_init_post_clock_resets
                0x10002aa8       0x20 CMakeFiles/easycontroller_debug.dir/C_/Users/Owner/pico-sdk/src/rp2_common/pico_runtime_init/runtime_init.c.obj
                0x10002aa8                runtime_init_post_clock_resets
 .text.runtime_init_rp2040_gpio_ie_disable
                0x10002ac8       0x14 CMakeFiles/easycontroller_debug.dir/C_/Users/Owner/pico-sdk/src/rp2_common/pico_runtime_init/runtime_init.c.obj
                0x10002ac8                runtime_init_rp2040_gpio_ie_disable
 .text.runtime_init_spin_locks_reset
                0x10002adc        0x8 CMakeFiles/easycontroller_debug.dir/C_/Users/Owner/pico-sdk/src/rp2_common/pico_runtime_init/runtime_init.c.obj
                0x10002adc                runtime_init_spin_locks_reset
 .text.runtime_init_install_ram_vector_table
                0x10002ae4       0xb4 CMakeFiles/easycontroller_debug.dir/C_/Users/Owner/pico-sdk/src/rp2_common/pico_runtime_init/runtime_init.c.obj
                0x10002ae4                runtime_init_install_ram_vector_table
 .text.runtime_init_clocks
                0x10002b98       0xd8 CMakeFiles/easycontroller_debug.dir/C_/Users/Owner/pico-sdk/src/rp2_common/pico_runtime_init/runtime_init_clocks.c.obj
                0x10002b98                runtime_init_clocks
 .text          0x10002c70       0x10 CMakeFiles/easycontroller_debug.dir/C_/Users/Owner/pico-sdk/src/rp2_common/pico_bit_ops/bit_ops_aeabi.S.obj
 .text.__wrap___aeabi_idiv
                0x10002c80       0x50 CMakeFiles/easycontroller_debug.dir/C_/Users/Owner/pico-sdk/src/rp2_common/pico_divider/divider_hardware.S.obj
                0x10002c80                __wrap___aeabi_idivmod
                0x10002c80                divmod_s32s32
                0x10002c80                div_s32s32
                0x10002c80                __wrap___aeabi_idiv
                0x10002c88                divmod_s32s32_unsafe
                0x10002cb4                divmod_s32s32_savestate
 .text.__wrap___aeabi_uidiv
                0x10002cd0       0x4c CMakeFiles/easycontroller_debug.dir/C_/Users/Owner/pico-sdk/src/rp2_common/pico_divider/divider_hardware.S.obj
                0x10002cd0                __wrap___aeabi_uidiv
                0x10002cd0                __wrap___aeabi_uidivmod
                0x10002cd0                div_u32u32
                0x10002cd0                divmod_u32u32
                0x10002cd8                divmod_u32u32_unsafe
                0x10002d00                divmod_u32u32_savestate
 .text.__wrap___aeabi_ldiv
                0x10002d1c      0x424 CMakeFiles/easycontroller_debug.dir/C_/Users/Owner/pico-sdk/src/rp2_common/pico_divider/divider_hardware.S.obj
                0x10002d1c                div_s64s64
                0x10002d1c                divmod_s64s64
                0x10002d1c                __wrap___aeabi_ldivmod
                0x10002d4c                divmod_u64u64
                0x10002d4c                div_u64u64
                0x10002d4c                __wrap___aeabi_uldivmod
                0x10002d5c                divmod_u64u64_savestate
                0x10002d7c                divmod_s64s64_unsafe
                0x10002e04                divmod_u64u64_unsafe
 .text.__wrap___aeabi_darithmetic
                0x10003140       0x80 CMakeFiles/easycontroller_debug.dir/C_/Users/Owner/pico-sdk/src/rp2_common/pico_double/double_aeabi_rp2040.S.obj
                0x10003140                __wrap___aeabi_drsub
                0x10003146                __wrap___aeabi_dsub
                0x10003158                __wrap___aeabi_dadd
                0x1000316a                __wrap___aeabi_ddiv
                0x100031a6                __wrap___aeabi_dmul
 .text.__wrap___aeabi_cdcmple
                0x100031c0       0x6c CMakeFiles/easycontroller_debug.dir/C_/Users/Owner/pico-sdk/src/rp2_common/pico_double/double_aeabi_rp2040.S.obj
                0x100031c0                __wrap___aeabi_cdrcmple
                0x100031d0                __wrap___aeabi_cdcmpeq
                0x100031d0                __wrap___aeabi_cdcmple
 .text.__wrap___aeabi_dcmplt
                0x1000322c        0xc CMakeFiles/easycontroller_debug.dir/C_/Users/Owner/pico-sdk/src/rp2_common/pico_double/double_aeabi_rp2040.S.obj
                0x1000322c                __wrap___aeabi_dcmplt
 .text.__wrap___aeabi_dcmple
                0x10003238       0x10 CMakeFiles/easycontroller_debug.dir/C_/Users/Owner/pico-sdk/src/rp2_common/pico_double/double_aeabi_rp2040.S.obj
                0x10003238                __wrap___aeabi_dcmple
 .text.__wrap___aeabi_dcmpge
                0x10003248       0x10 CMakeFiles/easycontroller_debug.dir/C_/Users/Owner/pico-sdk/src/rp2_common/pico_double/double_aeabi_rp2040.S.obj
                0x10003248                __wrap___aeabi_dcmpge
 .text.__wrap___aeabi_dcmpgt
                0x10003258        0xa CMakeFiles/easycontroller_debug.dir/C_/Users/Owner/pico-sdk/src/rp2_common/pico_double/double_aeabi_rp2040.S.obj
                0x10003258                __wrap___aeabi_dcmpgt
 .text.__wrap___aeabi_dcmpun
                0x10003262       0x18 CMakeFiles/easycontroller_debug.dir/C_/Users/Owner/pico-sdk/src/rp2_common/pico_double/double_aeabi_rp2040.S.obj
                0x10003262                __wrap___aeabi_dcmpun
 *fill*         0x1000327a        0x2 
 .text.__wrap___aeabi_i2d
                0x1000327c       0x38 CMakeFiles/easycontroller_debug.dir/C_/Users/Owner/pico-sdk/src/rp2_common/pico_double/double_aeabi_rp2040.S.obj
                0x1000327c                uint2double
                0x1000327c                __wrap___aeabi_ui2d
                0x10003284                int2double
                0x10003284                __wrap___aeabi_i2d
 .text.__wrap___aeabi_d2iz
                0x100032b4       0x48 CMakeFiles/easycontroller_debug.dir/C_/Users/Owner/pico-sdk/src/rp2_common/pico_double/double_aeabi_rp2040.S.obj
                0x100032b4                double2int_z
                0x100032b4                __wrap___aeabi_d2iz
 .text.__wrap___aeabi_d2uiz
                0x100032fc       0x18 CMakeFiles/easycontroller_debug.dir/C_/Users/Owner/pico-sdk/src/rp2_common/pico_double/double_aeabi_rp2040.S.obj
                0x100032fc                double2uint
                0x100032fc                __wrap___aeabi_d2uiz
                0x100032fc                double2uint_z
 .text.__aeabi_double_init
                0x10003314       0xa4 CMakeFiles/easycontroller_debug.dir/C_/Users/Owner/pico-sdk/src/rp2_common/pico_double/double_init_rom_rp2040.c.obj
                0x10003314                __aeabi_double_init
 .text.double_table_shim_on_use_helper
                0x100033b8       0x2c CMakeFiles/easycontroller_debug.dir/C_/Users/Owner/pico-sdk/src/rp2_common/pico_double/double_v1_rom_shim_rp2040.S.obj
                0x100033b8                double_table_shim_on_use_helper
 .text.__wrap___aeabi_dsub
                0x100033e4       0x10 CMakeFiles/easycontroller_debug.dir/C_/Users/Owner/pico-sdk/src/rp2_common/pico_double/double_v1_rom_shim_rp2040.S.obj
                0x100033e4                drsub_shim
                0x100033ea                dsub_shim
 .text.dadd_shim
                0x100033f4      0x15c CMakeFiles/easycontroller_debug.dir/C_/Users/Owner/pico-sdk/src/rp2_common/pico_double/double_v1_rom_shim_rp2040.S.obj
                0x100033f4                dadd_shim
 .text.dmul_shim
                0x10003550      0x15c CMakeFiles/easycontroller_debug.dir/C_/Users/Owner/pico-sdk/src/rp2_common/pico_double/double_v1_rom_shim_rp2040.S.obj
                0x10003550                dmul_shim
 .text.ddiv_shim
                0x100036ac      0x1b0 CMakeFiles/easycontroller_debug.dir/C_/Users/Owner/pico-sdk/src/rp2_common/pico_double/double_v1_rom_shim_rp2040.S.obj
                0x100036ac                ddiv_shim
 .text.double2uint_shim
                0x1000385c        0xe CMakeFiles/easycontroller_debug.dir/C_/Users/Owner/pico-sdk/src/rp2_common/pico_double/double_v1_rom_shim_rp2040.S.obj
                0x1000385c                double2uint_shim
                0x1000385e                double2ufix_shim
 *fill*         0x1000386a        0x2 
 .text.double2uint64_shim
                0x1000386c       0x70 CMakeFiles/easycontroller_debug.dir/C_/Users/Owner/pico-sdk/src/rp2_common/pico_double/double_v1_rom_shim_rp2040.S.obj
                0x1000386c                double2uint64_shim
                0x1000386e                double2ufix64_shim
                0x1000388e                d2fix_a
 .text.dunpacks
                0x100038dc       0x3c CMakeFiles/easycontroller_debug.dir/C_/Users/Owner/pico-sdk/src/rp2_common/pico_double/double_v1_rom_shim_rp2040.S.obj
                0x100038dc                dunpacks
 .text.__aeabi_lmul
                0x10003918       0x32 CMakeFiles/easycontroller_debug.dir/C_/Users/Owner/pico-sdk/src/rp2_common/pico_int64_ops/pico_int64_ops_aeabi.S.obj
                0x10003918                __wrap___aeabi_lmul
 *fill*         0x1000394a        0x2 
 .text.__wrap___aeabi_farithmetic
                0x1000394c       0x48 CMakeFiles/easycontroller_debug.dir/C_/Users/Owner/pico-sdk/src/rp2_common/pico_float/float_aeabi_rp2040.S.obj
                0x1000394c                __wrap___aeabi_frsub
                0x10003952                __wrap___aeabi_fsub
                0x10003958                __wrap___aeabi_fadd
                0x1000395e                __wrap___aeabi_fdiv
                0x10003986                __wrap___aeabi_fmul
 .text.__wrap___aeabi_cfcmple
                0x10003994       0x50 CMakeFiles/easycontroller_debug.dir/C_/Users/Owner/pico-sdk/src/rp2_common/pico_float/float_aeabi_rp2040.S.obj
                0x10003994                __wrap___aeabi_cfrcmple
                0x100039a0                __wrap___aeabi_cfcmple
                0x100039a0                __wrap___aeabi_cfcmpeq
 .text.__wrap___aeabi_fcmplt
                0x100039e4        0xc CMakeFiles/easycontroller_debug.dir/C_/Users/Owner/pico-sdk/src/rp2_common/pico_float/float_aeabi_rp2040.S.obj
                0x100039e4                __wrap___aeabi_fcmplt
 .text.__wrap___aeabi_fcmpgt
                0x100039f0        0xa CMakeFiles/easycontroller_debug.dir/C_/Users/Owner/pico-sdk/src/rp2_common/pico_float/float_aeabi_rp2040.S.obj
                0x100039f0                __wrap___aeabi_fcmpgt
 .text.__wrap___aeabi_ui2f
                0x100039fa        0xa CMakeFiles/easycontroller_debug.dir/C_/Users/Owner/pico-sdk/src/rp2_common/pico_float/float_aeabi_rp2040.S.obj
                0x100039fa                __wrap___aeabi_ui2f
                0x100039fa                uint2float
 .text.__wrap___aeabi_i2f
                0x10003a04       0x44 CMakeFiles/easycontroller_debug.dir/C_/Users/Owner/pico-sdk/src/rp2_common/pico_float/float_aeabi_rp2040.S.obj
                0x10003a04                __wrap___aeabi_i2f
                0x10003a04                int2float
 .text.__wrap___aeabi_f2iz
                0x10003a48       0x4e CMakeFiles/easycontroller_debug.dir/C_/Users/Owner/pico-sdk/src/rp2_common/pico_float/float_aeabi_rp2040.S.obj
                0x10003a48                float2int_z
                0x10003a48                __wrap___aeabi_f2iz
 *fill*         0x10003a96        0x2 
 .text.float2int
                0x10003a98       0x14 CMakeFiles/easycontroller_debug.dir/C_/Users/Owner/pico-sdk/src/rp2_common/pico_float/float_aeabi_rp2040.S.obj
                0x10003a98                float2int
 .text.__wrap___aeabi_f2uiz
                0x10003aac        0xc CMakeFiles/easycontroller_debug.dir/C_/Users/Owner/pico-sdk/src/rp2_common/pico_float/float_aeabi_rp2040.S.obj
                0x10003aac                float2uint_z
                0x10003aac                __wrap___aeabi_f2uiz
                0x10003aac                float2uint
 .text.__wrap___aeabi_l2f
                0x10003ab8       0x20 CMakeFiles/easycontroller_debug.dir/C_/Users/Owner/pico-sdk/src/rp2_common/pico_float/float_aeabi_rp2040.S.obj
                0x10003abc                __wrap___aeabi_l2f
                0x10003abc                int642float
 .text.__wrap___aeabi_f2d
                0x10003ad8       0x14 CMakeFiles/easycontroller_debug.dir/C_/Users/Owner/pico-sdk/src/rp2_common/pico_float/float_aeabi_rp2040.S.obj
                0x10003ad8                __wrap___aeabi_f2d
 .text.__aeabi_float_init
                0x10003aec       0x64 CMakeFiles/easycontroller_debug.dir/C_/Users/Owner/pico-sdk/src/rp2_common/pico_float/float_init_rom_rp2040.c.obj
                0x10003aec                __aeabi_float_init
 .text.float_table_shim_on_use_helper
                0x10003b50       0x2c CMakeFiles/easycontroller_debug.dir/C_/Users/Owner/pico-sdk/src/rp2_common/pico_float/float_v1_rom_shim_rp2040.S.obj
                0x10003b50                float_table_shim_on_use_helper
 .text.642float_shims
                0x10003b7c       0x44 CMakeFiles/easycontroller_debug.dir/C_/Users/Owner/pico-sdk/src/rp2_common/pico_float/float_v1_rom_shim_rp2040.S.obj
                0x10003b7c                uint642float_shim
                0x10003b7e                ufix642float_shim
                0x10003b8e                int642float_shim
                0x10003b90                fix642float_shim
 .text.float232_shims
                0x10003bc0       0x18 CMakeFiles/easycontroller_debug.dir/C_/Users/Owner/pico-sdk/src/rp2_common/pico_float/float_v1_rom_shim_rp2040.S.obj
                0x10003bc0                float2int_shim
                0x10003bc2                float2fix_shim
 .text.float2double_shim
                0x10003bd8       0x30 CMakeFiles/easycontroller_debug.dir/C_/Users/Owner/pico-sdk/src/rp2_common/pico_float/float_v1_rom_shim_rp2040.S.obj
                0x10003bd8                float2double_shim
 .text          0x10003c08       0x10 CMakeFiles/easycontroller_debug.dir/C_/Users/Owner/pico-sdk/src/rp2_common/pico_mem_ops/mem_ops_aeabi.S.obj
                0x10003c08                __aeabi_mem_init
 .text.memset   0x10003c18        0xc CMakeFiles/easycontroller_debug.dir/C_/Users/Owner/pico-sdk/src/rp2_common/pico_mem_ops/mem_ops_aeabi.S.obj
                0x10003c18                __wrap_memset
 .text.memcpy   0x10003c24        0xc CMakeFiles/easycontroller_debug.dir/C_/Users/Owner/pico-sdk/src/rp2_common/pico_mem_ops/mem_ops_aeabi.S.obj
                0x10003c24                __wrap_memcpy
                0x10003c24                __wrap___aeabi_memcpy
 .text._out_buffer
                0x10003c30        0x8 CMakeFiles/easycontroller_debug.dir/C_/Users/Owner/pico-sdk/src/rp2_common/pico_printf/printf.c.obj
 .text._out_null
                0x10003c38        0x4 CMakeFiles/easycontroller_debug.dir/C_/Users/Owner/pico-sdk/src/rp2_common/pico_printf/printf.c.obj
 .text._out_rev
                0x10003c3c       0xac CMakeFiles/easycontroller_debug.dir/C_/Users/Owner/pico-sdk/src/rp2_common/pico_printf/printf.c.obj
 .text._ntoa_format
                0x10003ce8      0x1cc CMakeFiles/easycontroller_debug.dir/C_/Users/Owner/pico-sdk/src/rp2_common/pico_printf/printf.c.obj
 .text._out_char
                0x10003eb4       0x10 CMakeFiles/easycontroller_debug.dir/C_/Users/Owner/pico-sdk/src/rp2_common/pico_printf/printf.c.obj
 .text._out_fct
                0x10003ec4       0x10 CMakeFiles/easycontroller_debug.dir/C_/Users/Owner/pico-sdk/src/rp2_common/pico_printf/printf.c.obj
 .text._ftoa    0x10003ed4      0x4a8 CMakeFiles/easycontroller_debug.dir/C_/Users/Owner/pico-sdk/src/rp2_common/pico_printf/printf.c.obj
 .text._etoa    0x1000437c      0x57c CMakeFiles/easycontroller_debug.dir/C_/Users/Owner/pico-sdk/src/rp2_common/pico_printf/printf.c.obj
 .text._vsnprintf
                0x100048f8      0xbe0 CMakeFiles/easycontroller_debug.dir/C_/Users/Owner/pico-sdk/src/rp2_common/pico_printf/printf.c.obj
 .text.__wrap_snprintf
                0x100054d8       0x28 CMakeFiles/easycontroller_debug.dir/C_/Users/Owner/pico-sdk/src/rp2_common/pico_printf/printf.c.obj
                0x100054d8                __wrap_snprintf
 .text.vfctprintf
                0x10005500       0x24 CMakeFiles/easycontroller_debug.dir/C_/Users/Owner/pico-sdk/src/rp2_common/pico_printf/printf.c.obj
                0x10005500                vfctprintf
 .text.weak_raw_vprintf
                0x10005524       0x30 CMakeFiles/easycontroller_debug.dir/C_/Users/Owner/pico-sdk/src/rp2_common/pico_printf/printf.c.obj
                0x10005524                weak_raw_vprintf
 .text._exit    0x10005554        0x4 CMakeFiles/easycontroller_debug.dir/C_/Users/Owner/pico-sdk/src/rp2_common/pico_clib_interface/newlib_interface.c.obj
                0x10005554                _exit
 .text.exit     0x10005558        0x8 CMakeFiles/easycontroller_debug.dir/C_/Users/Owner/pico-sdk/src/rp2_common/pico_clib_interface/newlib_interface.c.obj
                0x10005558                exit
 .text.runtime_init
                0x10005560       0x2c CMakeFiles/easycontroller_debug.dir/C_/Users/Owner/pico-sdk/src/rp2_common/pico_clib_interface/newlib_interface.c.obj
                0x10005560                runtime_init
 .text.stdio_out_chars_no_crlf
                0x1000558c       0x10 CMakeFiles/easycontroller_debug.dir/C_/Users/Owner/pico-sdk/src/rp2_common/pico_stdio/stdio.c.obj
 .text.stdio_out_chars_crlf
                0x1000559c       0xb0 CMakeFiles/easycontroller_debug.dir/C_/Users/Owner/pico-sdk/src/rp2_common/pico_stdio/stdio.c.obj
 .text.stdio_buffered_printer
                0x1000564c       0x64 CMakeFiles/easycontroller_debug.dir/C_/Users/Owner/pico-sdk/src/rp2_common/pico_stdio/stdio.c.obj
 .text.stdio_put_string
                0x100056b0       0xfc CMakeFiles/easycontroller_debug.dir/C_/Users/Owner/pico-sdk/src/rp2_common/pico_stdio/stdio.c.obj
                0x100056b0                stdio_put_string
 .text.stdio_set_driver_enabled
                0x100057ac       0x30 CMakeFiles/easycontroller_debug.dir/C_/Users/Owner/pico-sdk/src/rp2_common/pico_stdio/stdio.c.obj
                0x100057ac                stdio_set_driver_enabled
 .text.stdio_init_all
                0x100057dc        0x8 CMakeFiles/easycontroller_debug.dir/C_/Users/Owner/pico-sdk/src/rp2_common/pico_stdio/stdio.c.obj
                0x100057dc                stdio_init_all
 .text.stdio_getchar_timeout_us
                0x100057e4       0x98 CMakeFiles/easycontroller_debug.dir/C_/Users/Owner/pico-sdk/src/rp2_common/pico_stdio/stdio.c.obj
                0x100057e4                stdio_getchar_timeout_us
 .text.__wrap_getchar
                0x1000587c       0x80 CMakeFiles/easycontroller_debug.dir/C_/Users/Owner/pico-sdk/src/rp2_common/pico_stdio/stdio.c.obj
                0x1000587c                stdio_getchar
                0x1000587c                __wrap_getchar
 .text.__wrap_putchar
                0x100058fc       0x94 CMakeFiles/easycontroller_debug.dir/C_/Users/Owner/pico-sdk/src/rp2_common/pico_stdio/stdio.c.obj
                0x100058fc                __wrap_putchar
                0x100058fc                stdio_putchar
 .text.__wrap_puts
                0x10005990       0x3c CMakeFiles/easycontroller_debug.dir/C_/Users/Owner/pico-sdk/src/rp2_common/pico_stdio/stdio.c.obj
                0x10005990                stdio_puts
                0x10005990                __wrap_puts
 .text.__wrap_vprintf
                0x100059cc       0xcc CMakeFiles/easycontroller_debug.dir/C_/Users/Owner/pico-sdk/src/rp2_common/pico_stdio/stdio.c.obj
                0x100059cc                stdio_vprintf
                0x100059cc                __wrap_vprintf
 .text.__wrap_printf
                0x10005a98       0x18 CMakeFiles/easycontroller_debug.dir/C_/Users/Owner/pico-sdk/src/rp2_common/pico_stdio/stdio.c.obj
                0x10005a98                __wrap_printf
                0x10005a98                stdio_printf
 .text.resetd_init
                0x10005ab0        0x4 CMakeFiles/easycontroller_debug.dir/C_/Users/Owner/pico-sdk/src/rp2_common/pico_stdio_usb/reset_interface.c.obj
 .text.resetd_reset
                0x10005ab4        0xc CMakeFiles/easycontroller_debug.dir/C_/Users/Owner/pico-sdk/src/rp2_common/pico_stdio_usb/reset_interface.c.obj
 .text.resetd_open
                0x10005ac0       0x28 CMakeFiles/easycontroller_debug.dir/C_/Users/Owner/pico-sdk/src/rp2_common/pico_stdio_usb/reset_interface.c.obj
 .text.resetd_xfer_cb
                0x10005ae8        0x4 CMakeFiles/easycontroller_debug.dir/C_/Users/Owner/pico-sdk/src/rp2_common/pico_stdio_usb/reset_interface.c.obj
 .text.resetd_control_xfer_cb
                0x10005aec       0x54 CMakeFiles/easycontroller_debug.dir/C_/Users/Owner/pico-sdk/src/rp2_common/pico_stdio_usb/reset_interface.c.obj
 .text.tud_descriptor_bos_cb
                0x10005b40        0x8 CMakeFiles/easycontroller_debug.dir/C_/Users/Owner/pico-sdk/src/rp2_common/pico_stdio_usb/reset_interface.c.obj
                0x10005b40                tud_descriptor_bos_cb
 .text.tud_vendor_control_xfer_cb
                0x10005b48       0x34 CMakeFiles/easycontroller_debug.dir/C_/Users/Owner/pico-sdk/src/rp2_common/pico_stdio_usb/reset_interface.c.obj
                0x10005b48                tud_vendor_control_xfer_cb
 .text.usbd_app_driver_get_cb
                0x10005b7c        0xc CMakeFiles/easycontroller_debug.dir/C_/Users/Owner/pico-sdk/src/rp2_common/pico_stdio_usb/reset_interface.c.obj
                0x10005b7c                usbd_app_driver_get_cb
 .text.tud_cdc_line_coding_cb
                0x10005b88       0x2c CMakeFiles/easycontroller_debug.dir/C_/Users/Owner/pico-sdk/src/rp2_common/pico_stdio_usb/reset_interface.c.obj
                0x10005b88                tud_cdc_line_coding_cb
 .text.stdio_usb_set_chars_available_callback
                0x10005bb4       0x14 CMakeFiles/easycontroller_debug.dir/C_/Users/Owner/pico-sdk/src/rp2_common/pico_stdio_usb/stdio_usb.c.obj
                0x10005bb4                stdio_usb_set_chars_available_callback
 .text.usb_irq  0x10005bc8       0x10 CMakeFiles/easycontroller_debug.dir/C_/Users/Owner/pico-sdk/src/rp2_common/pico_stdio_usb/stdio_usb.c.obj
 .text.timer_task
                0x10005bd8       0x64 CMakeFiles/easycontroller_debug.dir/C_/Users/Owner/pico-sdk/src/rp2_common/pico_stdio_usb/stdio_usb.c.obj
 .text.stdio_usb_in_chars
                0x10005c3c       0x8c CMakeFiles/easycontroller_debug.dir/C_/Users/Owner/pico-sdk/src/rp2_common/pico_stdio_usb/stdio_usb.c.obj
                0x10005c3c                stdio_usb_in_chars
 .text.stdio_usb_out_flush
                0x10005cc8       0x4c CMakeFiles/easycontroller_debug.dir/C_/Users/Owner/pico-sdk/src/rp2_common/pico_stdio_usb/stdio_usb.c.obj
 .text.stdio_usb_out_chars
                0x10005d14      0x100 CMakeFiles/easycontroller_debug.dir/C_/Users/Owner/pico-sdk/src/rp2_common/pico_stdio_usb/stdio_usb.c.obj
 .text.low_priority_worker_irq
                0x10005e14       0xc8 CMakeFiles/easycontroller_debug.dir/C_/Users/Owner/pico-sdk/src/rp2_common/pico_stdio_usb/stdio_usb.c.obj
 .text.stdio_usb_init
                0x10005edc       0xe8 CMakeFiles/easycontroller_debug.dir/C_/Users/Owner/pico-sdk/src/rp2_common/pico_stdio_usb/stdio_usb.c.obj
                0x10005edc                stdio_usb_init
 .text.tud_descriptor_device_cb
                0x10005fc4        0x8 CMakeFiles/easycontroller_debug.dir/C_/Users/Owner/pico-sdk/src/rp2_common/pico_stdio_usb/stdio_usb_descriptors.c.obj
                0x10005fc4                tud_descriptor_device_cb
 .text.tud_descriptor_configuration_cb
                0x10005fcc        0x8 CMakeFiles/easycontroller_debug.dir/C_/Users/Owner/pico-sdk/src/rp2_common/pico_stdio_usb/stdio_usb_descriptors.c.obj
                0x10005fcc                tud_descriptor_configuration_cb
 .text.tud_descriptor_string_cb
                0x10005fd4       0x78 CMakeFiles/easycontroller_debug.dir/C_/Users/Owner/pico-sdk/src/rp2_common/pico_stdio_usb/stdio_usb_descriptors.c.obj
                0x10005fd4                tud_descriptor_string_cb
 .text.startup._retrieve_unique_id_on_boot
                0x1000604c       0x10 CMakeFiles/easycontroller_debug.dir/C_/Users/Owner/pico-sdk/src/rp2_common/pico_unique_id/unique_id.c.obj
 .text.pico_get_unique_board_id_string
                0x1000605c      0x1a8 CMakeFiles/easycontroller_debug.dir/C_/Users/Owner/pico-sdk/src/rp2_common/pico_unique_id/unique_id.c.obj
                0x1000605c                pico_get_unique_board_id_string
 .text.flash_get_unique_id
                0x10006204       0x3c CMakeFiles/easycontroller_debug.dir/C_/Users/Owner/pico-sdk/src/rp2_common/hardware_flash/flash.c.obj
                0x10006204                flash_get_unique_id
 .text.dcd_init
                0x10006240       0x90 CMakeFiles/easycontroller_debug.dir/C_/Users/Owner/pico-sdk/lib/tinyusb/src/portable/raspberrypi/rp2040/dcd_rp2040.c.obj
                0x10006240                dcd_init
 .text.dcd_int_enable
                0x100062d0        0xc CMakeFiles/easycontroller_debug.dir/C_/Users/Owner/pico-sdk/lib/tinyusb/src/portable/raspberrypi/rp2040/dcd_rp2040.c.obj
                0x100062d0                dcd_int_enable
 .text.dcd_set_address
                0x100062dc       0x14 CMakeFiles/easycontroller_debug.dir/C_/Users/Owner/pico-sdk/lib/tinyusb/src/portable/raspberrypi/rp2040/dcd_rp2040.c.obj
                0x100062dc                dcd_set_address
 .text.dcd_sof_enable
                0x100062f0       0x1c CMakeFiles/easycontroller_debug.dir/C_/Users/Owner/pico-sdk/lib/tinyusb/src/portable/raspberrypi/rp2040/dcd_rp2040.c.obj
                0x100062f0                dcd_sof_enable
 .text.dcd_edpt0_status_complete
                0x1000630c       0x1c CMakeFiles/easycontroller_debug.dir/C_/Users/Owner/pico-sdk/lib/tinyusb/src/portable/raspberrypi/rp2040/dcd_rp2040.c.obj
                0x1000630c                dcd_edpt0_status_complete
 .text.dcd_edpt_open
                0x10006328      0x114 CMakeFiles/easycontroller_debug.dir/C_/Users/Owner/pico-sdk/lib/tinyusb/src/portable/raspberrypi/rp2040/dcd_rp2040.c.obj
                0x10006328                dcd_edpt_open
 .text.dcd_edpt_close_all
                0x1000643c        0x8 CMakeFiles/easycontroller_debug.dir/C_/Users/Owner/pico-sdk/lib/tinyusb/src/portable/raspberrypi/rp2040/dcd_rp2040.c.obj
                0x1000643c                dcd_edpt_close_all
 .text.dcd_edpt_xfer
                0x10006444       0x24 CMakeFiles/easycontroller_debug.dir/C_/Users/Owner/pico-sdk/lib/tinyusb/src/portable/raspberrypi/rp2040/dcd_rp2040.c.obj
                0x10006444                dcd_edpt_xfer
 .text.dcd_edpt_stall
                0x10006468       0x3c CMakeFiles/easycontroller_debug.dir/C_/Users/Owner/pico-sdk/lib/tinyusb/src/portable/raspberrypi/rp2040/dcd_rp2040.c.obj
                0x10006468                dcd_edpt_stall
 .text.dcd_edpt_clear_stall
                0x100064a4       0x30 CMakeFiles/easycontroller_debug.dir/C_/Users/Owner/pico-sdk/lib/tinyusb/src/portable/raspberrypi/rp2040/dcd_rp2040.c.obj
                0x100064a4                dcd_edpt_clear_stall
 .text.rp2040_usb_init
                0x100064d4       0x40 CMakeFiles/easycontroller_debug.dir/C_/Users/Owner/pico-sdk/lib/tinyusb/src/portable/raspberrypi/rp2040/rp2040_usb.c.obj
                0x100064d4                rp2040_usb_init
 .text.hw_endpoint_xfer_start
                0x10006514       0x40 CMakeFiles/easycontroller_debug.dir/C_/Users/Owner/pico-sdk/lib/tinyusb/src/portable/raspberrypi/rp2040/rp2040_usb.c.obj
                0x10006514                hw_endpoint_xfer_start
 .text.tud_event_hook_cb
                0x10006554        0x4 CMakeFiles/easycontroller_debug.dir/C_/Users/Owner/pico-sdk/lib/tinyusb/src/device/usbd.c.obj
                0x10006554                tud_event_hook_cb
 .text.tud_sof_cb
                0x10006558        0x4 CMakeFiles/easycontroller_debug.dir/C_/Users/Owner/pico-sdk/lib/tinyusb/src/device/usbd.c.obj
                0x10006558                tud_sof_cb
 .text.tud_descriptor_device_qualifier_cb
                0x1000655c        0x4 CMakeFiles/easycontroller_debug.dir/C_/Users/Owner/pico-sdk/lib/tinyusb/src/device/usbd.c.obj
                0x1000655c                tud_descriptor_device_qualifier_cb
 .text.tud_descriptor_other_speed_configuration_cb
                0x10006560        0x4 CMakeFiles/easycontroller_debug.dir/C_/Users/Owner/pico-sdk/lib/tinyusb/src/device/usbd.c.obj
                0x10006560                tud_descriptor_other_speed_configuration_cb
 .text.tud_mount_cb
                0x10006564        0x4 CMakeFiles/easycontroller_debug.dir/C_/Users/Owner/pico-sdk/lib/tinyusb/src/device/usbd.c.obj
                0x10006564                tud_mount_cb
 .text.tud_umount_cb
                0x10006568        0x4 CMakeFiles/easycontroller_debug.dir/C_/Users/Owner/pico-sdk/lib/tinyusb/src/device/usbd.c.obj
                0x10006568                tud_umount_cb
 .text.tud_suspend_cb
                0x1000656c        0x4 CMakeFiles/easycontroller_debug.dir/C_/Users/Owner/pico-sdk/lib/tinyusb/src/device/usbd.c.obj
                0x1000656c                tud_suspend_cb
 .text.tud_resume_cb
                0x10006570        0x4 CMakeFiles/easycontroller_debug.dir/C_/Users/Owner/pico-sdk/lib/tinyusb/src/device/usbd.c.obj
                0x10006570                tud_resume_cb
 .text.tud_mounted
                0x10006574       0x10 CMakeFiles/easycontroller_debug.dir/C_/Users/Owner/pico-sdk/lib/tinyusb/src/device/usbd.c.obj
                0x10006574                tud_mounted
 .text.tud_suspended
                0x10006584       0x10 CMakeFiles/easycontroller_debug.dir/C_/Users/Owner/pico-sdk/lib/tinyusb/src/device/usbd.c.obj
                0x10006584                tud_suspended
 .text.tud_rhport_init
                0x10006594       0xf4 CMakeFiles/easycontroller_debug.dir/C_/Users/Owner/pico-sdk/lib/tinyusb/src/device/usbd.c.obj
                0x10006594                tud_rhport_init
 .text.tud_task_ext
                0x10006688      0x800 CMakeFiles/easycontroller_debug.dir/C_/Users/Owner/pico-sdk/lib/tinyusb/src/device/usbd.c.obj
                0x10006688                tud_task_ext
 .text.usbd_open_edpt_pair
                0x10006e88       0x9c CMakeFiles/easycontroller_debug.dir/C_/Users/Owner/pico-sdk/lib/tinyusb/src/device/usbd.c.obj
                0x10006e88                usbd_open_edpt_pair
 .text.usbd_edpt_open
                0x10006f24       0x34 CMakeFiles/easycontroller_debug.dir/C_/Users/Owner/pico-sdk/lib/tinyusb/src/device/usbd.c.obj
                0x10006f24                usbd_edpt_open
 .text.usbd_edpt_claim
                0x10006f58       0x28 CMakeFiles/easycontroller_debug.dir/C_/Users/Owner/pico-sdk/lib/tinyusb/src/device/usbd.c.obj
                0x10006f58                usbd_edpt_claim
 .text.usbd_edpt_release
                0x10006f80       0x28 CMakeFiles/easycontroller_debug.dir/C_/Users/Owner/pico-sdk/lib/tinyusb/src/device/usbd.c.obj
                0x10006f80                usbd_edpt_release
 .text.usbd_edpt_xfer
                0x10006fa8       0x4c CMakeFiles/easycontroller_debug.dir/C_/Users/Owner/pico-sdk/lib/tinyusb/src/device/usbd.c.obj
                0x10006fa8                usbd_edpt_xfer
 .text.tud_control_status
                0x10006ff4       0x2c CMakeFiles/easycontroller_debug.dir/C_/Users/Owner/pico-sdk/lib/tinyusb/src/device/usbd_control.c.obj
                0x10006ff4                tud_control_status
 .text.tud_control_xfer
                0x10007020       0xa8 CMakeFiles/easycontroller_debug.dir/C_/Users/Owner/pico-sdk/lib/tinyusb/src/device/usbd_control.c.obj
                0x10007020                tud_control_xfer
 .text.usbd_control_reset
                0x100070c8       0x14 CMakeFiles/easycontroller_debug.dir/C_/Users/Owner/pico-sdk/lib/tinyusb/src/device/usbd_control.c.obj
                0x100070c8                usbd_control_reset
 .text.usbd_control_set_complete_callback
                0x100070dc        0xc CMakeFiles/easycontroller_debug.dir/C_/Users/Owner/pico-sdk/lib/tinyusb/src/device/usbd_control.c.obj
                0x100070dc                usbd_control_set_complete_callback
 .text.usbd_control_set_request
                0x100070e8       0x1c CMakeFiles/easycontroller_debug.dir/C_/Users/Owner/pico-sdk/lib/tinyusb/src/device/usbd_control.c.obj
                0x100070e8                usbd_control_set_request
 .text.usbd_control_xfer_cb
                0x10007104       0xec CMakeFiles/easycontroller_debug.dir/C_/Users/Owner/pico-sdk/lib/tinyusb/src/device/usbd_control.c.obj
                0x10007104                usbd_control_xfer_cb
 .text._prep_out_transaction.isra.0
                0x100071f0       0x6c CMakeFiles/easycontroller_debug.dir/C_/Users/Owner/pico-sdk/lib/tinyusb/src/class/cdc/cdc_device.c.obj
 .text.tud_cdc_n_connected
                0x1000725c       0x2c CMakeFiles/easycontroller_debug.dir/C_/Users/Owner/pico-sdk/lib/tinyusb/src/class/cdc/cdc_device.c.obj
                0x1000725c                tud_cdc_n_connected
 .text.tud_cdc_n_available
                0x10007288       0x14 CMakeFiles/easycontroller_debug.dir/C_/Users/Owner/pico-sdk/lib/tinyusb/src/class/cdc/cdc_device.c.obj
                0x10007288                tud_cdc_n_available
 .text.tud_cdc_n_read
                0x1000729c       0x88 CMakeFiles/easycontroller_debug.dir/C_/Users/Owner/pico-sdk/lib/tinyusb/src/class/cdc/cdc_device.c.obj
                0x1000729c                tud_cdc_n_read
 .text.tud_cdc_n_write_flush
                0x10007324       0x74 CMakeFiles/easycontroller_debug.dir/C_/Users/Owner/pico-sdk/lib/tinyusb/src/class/cdc/cdc_device.c.obj
                0x10007324                tud_cdc_n_write_flush
 .text.tud_cdc_n_write
                0x10007398       0x40 CMakeFiles/easycontroller_debug.dir/C_/Users/Owner/pico-sdk/lib/tinyusb/src/class/cdc/cdc_device.c.obj
                0x10007398                tud_cdc_n_write
 .text.tud_cdc_n_write_available
                0x100073d8       0x14 CMakeFiles/easycontroller_debug.dir/C_/Users/Owner/pico-sdk/lib/tinyusb/src/class/cdc/cdc_device.c.obj
                0x100073d8                tud_cdc_n_write_available
 .text.cdcd_init
                0x100073ec       0x70 CMakeFiles/easycontroller_debug.dir/C_/Users/Owner/pico-sdk/lib/tinyusb/src/class/cdc/cdc_device.c.obj
                0x100073ec                cdcd_init
 .text.cdcd_deinit
                0x1000745c       0x30 CMakeFiles/easycontroller_debug.dir/C_/Users/Owner/pico-sdk/lib/tinyusb/src/class/cdc/cdc_device.c.obj
                0x1000745c                cdcd_deinit
 .text.cdcd_reset
                0x1000748c       0x4c CMakeFiles/easycontroller_debug.dir/C_/Users/Owner/pico-sdk/lib/tinyusb/src/class/cdc/cdc_device.c.obj
                0x1000748c                cdcd_reset
 .text.cdcd_open
                0x100074d8       0xa4 CMakeFiles/easycontroller_debug.dir/C_/Users/Owner/pico-sdk/lib/tinyusb/src/class/cdc/cdc_device.c.obj
                0x100074d8                cdcd_open
 .text.cdcd_control_xfer_cb
                0x1000757c       0xe8 CMakeFiles/easycontroller_debug.dir/C_/Users/Owner/pico-sdk/lib/tinyusb/src/class/cdc/cdc_device.c.obj
                0x1000757c                cdcd_control_xfer_cb
 .text.cdcd_xfer_cb
                0x10007664      0x100 CMakeFiles/easycontroller_debug.dir/C_/Users/Owner/pico-sdk/lib/tinyusb/src/class/cdc/cdc_device.c.obj
                0x10007664                cdcd_xfer_cb
 .text.vendord_init
                0x10007764       0x5c CMakeFiles/easycontroller_debug.dir/C_/Users/Owner/pico-sdk/lib/tinyusb/src/class/vendor/vendor_device.c.obj
                0x10007764                vendord_init
 .text.vendord_deinit
                0x100077c0       0x1c CMakeFiles/easycontroller_debug.dir/C_/Users/Owner/pico-sdk/lib/tinyusb/src/class/vendor/vendor_device.c.obj
                0x100077c0                vendord_deinit
 .text.vendord_reset
                0x100077dc       0x28 CMakeFiles/easycontroller_debug.dir/C_/Users/Owner/pico-sdk/lib/tinyusb/src/class/vendor/vendor_device.c.obj
                0x100077dc                vendord_reset
 .text.vendord_open
                0x10007804      0x120 CMakeFiles/easycontroller_debug.dir/C_/Users/Owner/pico-sdk/lib/tinyusb/src/class/vendor/vendor_device.c.obj
                0x10007804                vendord_open
 .text.vendord_xfer_cb
                0x10007924       0x9c CMakeFiles/easycontroller_debug.dir/C_/Users/Owner/pico-sdk/lib/tinyusb/src/class/vendor/vendor_device.c.obj
                0x10007924                vendord_xfer_cb
 .text.tusb_rhport_init
                0x100079c0       0x4c CMakeFiles/easycontroller_debug.dir/C_/Users/Owner/pico-sdk/lib/tinyusb/src/tusb.c.obj
                0x100079c0                tusb_rhport_init
 .text.tu_edpt_claim
                0x10007a0c       0x50 CMakeFiles/easycontroller_debug.dir/C_/Users/Owner/pico-sdk/lib/tinyusb/src/tusb.c.obj
                0x10007a0c                tu_edpt_claim
 .text.tu_edpt_release
                0x10007a5c       0x38 CMakeFiles/easycontroller_debug.dir/C_/Users/Owner/pico-sdk/lib/tinyusb/src/tusb.c.obj
                0x10007a5c                tu_edpt_release
 .text.tu_edpt_validate
                0x10007a94       0x7c CMakeFiles/easycontroller_debug.dir/C_/Users/Owner/pico-sdk/lib/tinyusb/src/tusb.c.obj
                0x10007a94                tu_edpt_validate
 .text.tu_edpt_bind_driver
                0x10007b10       0x34 CMakeFiles/easycontroller_debug.dir/C_/Users/Owner/pico-sdk/lib/tinyusb/src/tusb.c.obj
                0x10007b10                tu_edpt_bind_driver
 .text.tu_edpt_stream_init
                0x10007b44       0x6c CMakeFiles/easycontroller_debug.dir/C_/Users/Owner/pico-sdk/lib/tinyusb/src/tusb.c.obj
                0x10007b44                tu_edpt_stream_init
 .text.tu_edpt_stream_deinit
                0x10007bb0        0x4 CMakeFiles/easycontroller_debug.dir/C_/Users/Owner/pico-sdk/lib/tinyusb/src/tusb.c.obj
                0x10007bb0                tu_edpt_stream_deinit
 .text.tu_edpt_stream_write_zlp_if_needed
                0x10007bb4       0x68 CMakeFiles/easycontroller_debug.dir/C_/Users/Owner/pico-sdk/lib/tinyusb/src/tusb.c.obj
                0x10007bb4                tu_edpt_stream_write_zlp_if_needed
 .text.tu_edpt_stream_write_xfer
                0x10007c1c       0x68 CMakeFiles/easycontroller_debug.dir/C_/Users/Owner/pico-sdk/lib/tinyusb/src/tusb.c.obj
                0x10007c1c                tu_edpt_stream_write_xfer
 .text.tu_edpt_stream_read_xfer
                0x10007c84       0xd8 CMakeFiles/easycontroller_debug.dir/C_/Users/Owner/pico-sdk/lib/tinyusb/src/tusb.c.obj
                0x10007c84                tu_edpt_stream_read_xfer
 .text.tu_fifo_config
                0x10007d5c       0x6c CMakeFiles/easycontroller_debug.dir/C_/Users/Owner/pico-sdk/lib/tinyusb/src/common/tusb_fifo.c.obj
                0x10007d5c                tu_fifo_config
 .text.tu_fifo_count
                0x10007dc8       0x2c CMakeFiles/easycontroller_debug.dir/C_/Users/Owner/pico-sdk/lib/tinyusb/src/common/tusb_fifo.c.obj
                0x10007dc8                tu_fifo_count
 .text.tu_fifo_empty
                0x10007df4       0x10 CMakeFiles/easycontroller_debug.dir/C_/Users/Owner/pico-sdk/lib/tinyusb/src/common/tusb_fifo.c.obj
                0x10007df4                tu_fifo_empty
 .text.tu_fifo_remaining
                0x10007e04       0x2c CMakeFiles/easycontroller_debug.dir/C_/Users/Owner/pico-sdk/lib/tinyusb/src/common/tusb_fifo.c.obj
                0x10007e04                tu_fifo_remaining
 .text.tu_fifo_read
                0x10007e30       0x9c CMakeFiles/easycontroller_debug.dir/C_/Users/Owner/pico-sdk/lib/tinyusb/src/common/tusb_fifo.c.obj
                0x10007e30                tu_fifo_read
 .text.tu_fifo_read_n
                0x10007ecc       0xe8 CMakeFiles/easycontroller_debug.dir/C_/Users/Owner/pico-sdk/lib/tinyusb/src/common/tusb_fifo.c.obj
                0x10007ecc                tu_fifo_read_n
 .text.tu_fifo_write
                0x10007fb4       0xa4 CMakeFiles/easycontroller_debug.dir/C_/Users/Owner/pico-sdk/lib/tinyusb/src/common/tusb_fifo.c.obj
                0x10007fb4                tu_fifo_write
 .text.tu_fifo_write_n
                0x10008058      0x168 CMakeFiles/easycontroller_debug.dir/C_/Users/Owner/pico-sdk/lib/tinyusb/src/common/tusb_fifo.c.obj
                0x10008058                tu_fifo_write_n
 .text.tu_fifo_clear
                0x100081c0       0x40 CMakeFiles/easycontroller_debug.dir/C_/Users/Owner/pico-sdk/lib/tinyusb/src/common/tusb_fifo.c.obj
                0x100081c0                tu_fifo_clear
 .text.tu_fifo_set_overwritable
                0x10008200       0x48 CMakeFiles/easycontroller_debug.dir/C_/Users/Owner/pico-sdk/lib/tinyusb/src/common/tusb_fifo.c.obj
                0x10008200                tu_fifo_set_overwritable
 .text.adc_init
                0x10008248       0x38 CMakeFiles/easycontroller_debug.dir/C_/Users/Owner/pico-sdk/src/rp2_common/hardware_adc/adc.c.obj
                0x10008248                adc_init
 .text.atoi     0x10008280        0xc C:/PROGRA~2/ARMGNU~1/142BCE~1.3RE/bin/../lib/gcc/arm-none-eabi/14.3.1/../../../../arm-none-eabi/lib/thumb/v6-m/nofp\libg.a(libc_a-atoi.o)
                0x10008280                atoi
 .text._strtol_l.isra.0
                0x1000828c      0x158 C:/PROGRA~2/ARMGNU~1/142BCE~1.3RE/bin/../lib/gcc/arm-none-eabi/14.3.1/../../../../arm-none-eabi/lib/thumb/v6-m/nofp\libg.a(libc_a-strtol.o)
 .text.strtol   0x100083e4       0x18 C:/PROGRA~2/ARMGNU~1/142BCE~1.3RE/bin/../lib/gcc/arm-none-eabi/14.3.1/../../../../arm-none-eabi/lib/thumb/v6-m/nofp\libg.a(libc_a-strtol.o)
                0x100083e4                strtol
 .text.__errno  0x100083fc        0xc C:/PROGRA~2/ARMGNU~1/142BCE~1.3RE/bin/../lib/gcc/arm-none-eabi/14.3.1/../../../../arm-none-eabi/lib/thumb/v6-m/nofp\libg.a(libc_a-errno.o)
                0x100083fc                __errno
 .text.strlen   0x10008408       0x5c C:/PROGRA~2/ARMGNU~1/142BCE~1.3RE/bin/../lib/gcc/arm-none-eabi/14.3.1/../../../../arm-none-eabi/lib/thumb/v6-m/nofp\libg.a(libc_a-strlen-stub.o)
                0x10008408                strlen
 *(.fini)
 .fini          0x10008464        0x4 C:/PROGRA~2/ARMGNU~1/142BCE~1.3RE/bin/../lib/gcc/arm-none-eabi/14.3.1/thumb/v6-m/nofp/crti.o
                0x10008464                _fini
 .fini.__stub   0x10008468       0xc0 linker stubs
 *crtbegin.o(.ctors)
 *crtbegin?.o(.ctors)
 *(EXCLUDE_FILE(*crtend.o *crtend?.o) .ctors)
 *(SORT_BY_NAME(.ctors.*))
 *(.ctors)
 *crtbegin.o(.dtors)
 *crtbegin?.o(.dtors)
 *(EXCLUDE_FILE(*crtend.o *crtend?.o) .dtors)
 *(SORT_BY_NAME(.dtors.*))
 *(.dtors)
                0x10008528                        . = ALIGN (0x4)
                0x10008528                        PROVIDE (__preinit_array_start = .)
 *(SORT_BY_NAME(.preinit_array.*))
 .preinit_array.00100
                0x10008528        0x4 CMakeFiles/easycontroller_debug.dir/C_/Users/Owner/pico-sdk/src/rp2_common/pico_runtime_init/runtime_init.c.obj
                0x10008528                __pre_init_runtime_init_early_resets
 .preinit_array.00101
                0x1000852c        0x4 CMakeFiles/easycontroller_debug.dir/C_/Users/Owner/pico-sdk/src/rp2_common/pico_runtime_init/runtime_init.c.obj
                0x1000852c                __pre_init_runtime_init_usb_power_down
 .preinit_array.00275
                0x10008530        0x4 CMakeFiles/easycontroller_debug.dir/C_/Users/Owner/pico-sdk/src/rp2_common/pico_bit_ops/bit_ops_aeabi.S.obj
 .preinit_array.00300
                0x10008534        0x4 CMakeFiles/easycontroller_debug.dir/C_/Users/Owner/pico-sdk/src/rp2_common/pico_mem_ops/mem_ops_aeabi.S.obj
 .preinit_array.00350
                0x10008538        0x4 CMakeFiles/easycontroller_debug.dir/C_/Users/Owner/pico-sdk/src/rp2_common/pico_double/double_aeabi_rp2040.S.obj
 .preinit_array.00350
                0x1000853c        0x4 CMakeFiles/easycontroller_debug.dir/C_/Users/Owner/pico-sdk/src/rp2_common/pico_float/float_aeabi_rp2040.S.obj
 .preinit_array.00500
                0x10008540        0x4 CMakeFiles/easycontroller_debug.dir/C_/Users/Owner/pico-sdk/src/rp2_common/pico_runtime_init/runtime_init.c.obj
                0x10008540                __pre_init_runtime_init_clocks
 .preinit_array.00600
                0x10008544        0x4 CMakeFiles/easycontroller_debug.dir/C_/Users/Owner/pico-sdk/src/rp2_common/pico_runtime_init/runtime_init.c.obj
                0x10008544                __pre_init_runtime_init_post_clock_resets
 .preinit_array.00700
                0x10008548        0x4 CMakeFiles/easycontroller_debug.dir/C_/Users/Owner/pico-sdk/src/rp2_common/pico_runtime_init/runtime_init.c.obj
                0x10008548                __pre_init_runtime_init_rp2040_gpio_ie_disable
 .preinit_array.01000
                0x1000854c        0x4 CMakeFiles/easycontroller_debug.dir/C_/Users/Owner/pico-sdk/src/rp2_common/pico_runtime_init/runtime_init.c.obj
                0x1000854c                __pre_init_runtime_init_spin_locks_reset
 .preinit_array.01100
                0x10008550        0x4 CMakeFiles/easycontroller_debug.dir/C_/Users/Owner/pico-sdk/src/common/pico_sync/mutex.c.obj
                0x10008550                __pre_init_runtime_init_mutex
 .preinit_array.10080
                0x10008554        0x4 CMakeFiles/easycontroller_debug.dir/C_/Users/Owner/pico-sdk/src/rp2_common/pico_runtime_init/runtime_init.c.obj
                0x10008554                __pre_init_runtime_init_install_ram_vector_table
 .preinit_array.11000
                0x10008558        0x4 CMakeFiles/easycontroller_debug.dir/C_/Users/Owner/pico-sdk/src/common/pico_time/time.c.obj
                0x10008558                __pre_init_runtime_init_default_alarm_pool
 .preinit_array.YYYYY
                0x1000855c        0x4 CMakeFiles/easycontroller_debug.dir/C_/Users/Owner/pico-sdk/src/rp2_common/pico_runtime/runtime.c.obj
                0x1000855c                __pre_init_first_per_core_initializer
 .preinit_array.ZZZZZ.01200
                0x10008560        0x4 CMakeFiles/easycontroller_debug.dir/C_/Users/Owner/pico-sdk/src/rp2_common/hardware_irq/irq.c.obj
                0x10008560                __pre_init_runtime_init_per_core_irq_priorities
 *(.preinit_array)
                0x10008564                        PROVIDE (__preinit_array_end = .)
                0x10008564                        . = ALIGN (0x4)
                0x10008564                        PROVIDE (__init_array_start = .)
 *(SORT_BY_NAME(.init_array.*))
 .init_array.01000
                0x10008564        0x4 CMakeFiles/easycontroller_debug.dir/C_/Users/Owner/pico-sdk/src/rp2_common/pico_unique_id/unique_id.c.obj
 *(.init_array)
 .init_array    0x10008568        0x4 C:/PROGRA~2/ARMGNU~1/142BCE~1.3RE/bin/../lib/gcc/arm-none-eabi/14.3.1/thumb/v6-m/nofp/crtbegin.o
                0x1000856c                        PROVIDE (__init_array_end = .)
                0x1000856c                        . = ALIGN (0x4)
                [!provide]                        PROVIDE (__fini_array_start = .)
 *(SORT_BY_NAME(.fini_array.*))
 *(.fini_array)
                [!provide]                        PROVIDE (__fini_array_end = .)
 *(.eh_frame*)
 .eh_frame      0x1000856c        0x0 C:/PROGRA~2/ARMGNU~1/142BCE~1.3RE/bin/../lib/gcc/arm-none-eabi/14.3.1/thumb/v6-m/nofp/crtbegin.o
                0x1000856c                        . = ALIGN (0x4)

.glue_7         0x1000856c        0x0
 .glue_7        0x1000856c        0x0 linker stubs

.glue_7t        0x1000856c        0x0
 .glue_7t       0x1000856c        0x0 linker stubs

.vfp11_veneer   0x1000856c        0x0
 .vfp11_veneer  0x1000856c        0x0 linker stubs

.v4_bx          0x1000856c        0x0
 .v4_bx         0x1000856c        0x0 linker stubs

.iplt           0x1000856c        0x0
 .iplt          0x1000856c        0x0 C:/PROGRA~2/ARMGNU~1/142BCE~1.3RE/bin/../lib/gcc/arm-none-eabi/14.3.1/thumb/v6-m/nofp/crtbegin.o

.rodata         0x10008570      0x9e8
 *(EXCLUDE_FILE(*libm.a: *libc.a:*lib_a-mem*.o *libgcc.a:) .rodata*)
 .rodata.main.str1.4
                0x10008570      0x3ac CMakeFiles/easycontroller_debug.dir/easycontroller_refactored.c.obj
                                0x17d (size before relaxing)
 .rodata.writePWM
                0x1000891c       0x18 CMakeFiles/easycontroller_debug.dir/motor_control.c.obj
 .rodata.identify_halls.str1.4
                0x10008934       0x8c CMakeFiles/easycontroller_debug.dir/motor_control.c.obj
 .rodata.wait_for_serial_command.str1.4
                0x10008934       0x24 CMakeFiles/easycontroller_debug.dir/motor_control.c.obj
 .rodata.ADC_BIAS_OVERSAMPLE
                0x10008934        0x4 CMakeFiles/easycontroller_debug.dir/motor_pins.c.obj
                0x10008934                ADC_BIAS_OVERSAMPLE
 .rodata.VOLTAGE_SCALING
                0x10008938        0x4 CMakeFiles/easycontroller_debug.dir/motor_pins.c.obj
                0x10008938                VOLTAGE_SCALING
 .rodata.CURRENT_SCALING
                0x1000893c        0x4 CMakeFiles/easycontroller_debug.dir/motor_pins.c.obj
                0x1000893c                CURRENT_SCALING
 .rodata.DUTY_CYCLE_MAX
                0x10008940        0x4 CMakeFiles/easycontroller_debug.dir/motor_pins.c.obj
                0x10008940                DUTY_CYCLE_MAX
 .rodata.HALL_OVERSAMPLE
                0x10008944        0x4 CMakeFiles/easycontroller_debug.dir/motor_pins.c.obj
                0x10008944                HALL_OVERSAMPLE
 .rodata.FLAG_PIN
                0x10008948        0x4 CMakeFiles/easycontroller_debug.dir/motor_pins.c.obj
                0x10008948                FLAG_PIN
 .rodata.F_PWM  0x1000894c        0x4 CMakeFiles/easycontroller_debug.dir/motor_pins.c.obj
                0x1000894c                F_PWM
 .rodata.C_PWM_SLICE
                0x10008950        0x4 CMakeFiles/easycontroller_debug.dir/motor_pins.c.obj
                0x10008950                C_PWM_SLICE
 .rodata.B_PWM_SLICE
                0x10008954        0x4 CMakeFiles/easycontroller_debug.dir/motor_pins.c.obj
                0x10008954                B_PWM_SLICE
 .rodata.A_PWM_SLICE
                0x10008958        0x4 CMakeFiles/easycontroller_debug.dir/motor_pins.c.obj
                0x10008958                A_PWM_SLICE
 .rodata.THROTTLE_PIN
                0x1000895c        0x4 CMakeFiles/easycontroller_debug.dir/motor_pins.c.obj
                0x1000895c                THROTTLE_PIN
 .rodata.VSENSE_PIN
                0x10008960        0x4 CMakeFiles/easycontroller_debug.dir/motor_pins.c.obj
                0x10008960                VSENSE_PIN
 .rodata.ISENSE_PIN
                0x10008964        0x4 CMakeFiles/easycontroller_debug.dir/motor_pins.c.obj
                0x10008964                ISENSE_PIN
 .rodata.HALL_3_PIN
                0x10008968        0x4 CMakeFiles/easycontroller_debug.dir/motor_pins.c.obj
                0x10008968                HALL_3_PIN
 .rodata.HALL_2_PIN
                0x1000896c        0x4 CMakeFiles/easycontroller_debug.dir/motor_pins.c.obj
                0x1000896c                HALL_2_PIN
 .rodata.HALL_1_PIN
                0x10008970        0x4 CMakeFiles/easycontroller_debug.dir/motor_pins.c.obj
                0x10008970                HALL_1_PIN
 .rodata.CL_PIN
                0x10008974        0x4 CMakeFiles/easycontroller_debug.dir/motor_pins.c.obj
                0x10008974                CL_PIN
 .rodata.CH_PIN
                0x10008978        0x4 CMakeFiles/easycontroller_debug.dir/motor_pins.c.obj
                0x10008978                CH_PIN
 .rodata.BL_PIN
                0x1000897c        0x4 CMakeFiles/easycontroller_debug.dir/motor_pins.c.obj
                0x1000897c                BL_PIN
 .rodata.BH_PIN
                0x10008980        0x4 CMakeFiles/easycontroller_debug.dir/motor_pins.c.obj
                0x10008980                BH_PIN
 .rodata.AL_PIN
                0x10008984        0x4 CMakeFiles/easycontroller_debug.dir/motor_pins.c.obj
                0x10008984                AL_PIN
 .rodata.AH_PIN
                0x10008988        0x4 CMakeFiles/easycontroller_debug.dir/motor_pins.c.obj
                0x10008988                AH_PIN
 .rodata.LED_PIN
                0x1000898c        0x4 CMakeFiles/easycontroller_debug.dir/motor_pins.c.obj
                0x1000898c                LED_PIN
 .rodata.HALL_IDENTIFY_DUTY_CYCLE
                0x10008990        0x4 CMakeFiles/easycontroller_debug.dir/motor_user_config.c.obj
                0x10008990                HALL_IDENTIFY_DUTY_CYCLE
 .rodata.CURRENT_CONTROL_LOOP_GAIN
                0x10008994        0x4 CMakeFiles/easycontroller_debug.dir/motor_user_config.c.obj
                0x10008994                CURRENT_CONTROL_LOOP_GAIN
 .rodata.CURRENT_CONTROL
                0x10008998        0x1 CMakeFiles/easycontroller_debug.dir/motor_user_config.c.obj
                0x10008998                CURRENT_CONTROL
 *fill*         0x10008999        0x3 
 .rodata.THROTTLE_HIGH
                0x1000899c        0x4 CMakeFiles/easycontroller_debug.dir/motor_user_config.c.obj
                0x1000899c                THROTTLE_HIGH
 .rodata.THROTTLE_LOW
                0x100089a0        0x4 CMakeFiles/easycontroller_debug.dir/motor_user_config.c.obj
                0x100089a0                THROTTLE_LOW
 .rodata.IDENTIFY_HALLS_REVERSE
                0x100089a4        0x1 CMakeFiles/easycontroller_debug.dir/motor_user_config.c.obj
                0x100089a4                IDENTIFY_HALLS_REVERSE
 .rodata.IDENTIFY_HALLS_ON_BOOT
                0x100089a5        0x1 CMakeFiles/easycontroller_debug.dir/motor_user_config.c.obj
                0x100089a5                IDENTIFY_HALLS_ON_BOOT
 .rodata.panic.str1.4
                0x100089a6       0x12 CMakeFiles/easycontroller_debug.dir/C_/Users/Owner/pico-sdk/src/rp2_common/pico_platform_panic/panic.c.obj
 .rodata.spin_lock_claim_unused.str1.4
                0x100089a6       0x1b CMakeFiles/easycontroller_debug.dir/C_/Users/Owner/pico-sdk/src/rp2_common/hardware_sync/sync.c.obj
 .rodata.user_irq_claim_unused.str1.4
                0x100089a6       0x1b CMakeFiles/easycontroller_debug.dir/C_/Users/Owner/pico-sdk/src/rp2_common/hardware_irq/irq.c.obj
 *fill*         0x100089a6        0x2 
 .rodata.at_the_end_of_time
                0x100089a8        0x8 CMakeFiles/easycontroller_debug.dir/C_/Users/Owner/pico-sdk/src/common/pico_time/time.c.obj
                0x100089a8                at_the_end_of_time
 .rodata.timer_hardware_alarm_claim.str1.4
                0x100089b0       0x22 CMakeFiles/easycontroller_debug.dir/C_/Users/Owner/pico-sdk/src/rp2_common/hardware_timer/timer.c.obj
 .rodata.hard_assertion_failure.str1.4
                0x100089b0        0xc CMakeFiles/easycontroller_debug.dir/C_/Users/Owner/pico-sdk/src/rp2_common/pico_runtime/runtime.c.obj
 .rodata.str1.4
                0x100089b0       0x4c CMakeFiles/easycontroller_debug.dir/C_/Users/Owner/pico-sdk/src/rp2_common/pico_standard_binary_info/standard_binary_info.c.obj
 .rodata.__bi_84
                0x100089b0        0xc CMakeFiles/easycontroller_debug.dir/C_/Users/Owner/pico-sdk/src/rp2_common/pico_standard_binary_info/standard_binary_info.c.obj
 .rodata.__bi_78
                0x100089bc        0xc CMakeFiles/easycontroller_debug.dir/C_/Users/Owner/pico-sdk/src/rp2_common/pico_standard_binary_info/standard_binary_info.c.obj
 .rodata.__bi_54
                0x100089c8        0xc CMakeFiles/easycontroller_debug.dir/C_/Users/Owner/pico-sdk/src/rp2_common/pico_standard_binary_info/standard_binary_info.c.obj
 .rodata.__bi_48
                0x100089d4        0xc CMakeFiles/easycontroller_debug.dir/C_/Users/Owner/pico-sdk/src/rp2_common/pico_standard_binary_info/standard_binary_info.c.obj
 .rodata.__bi_42
                0x100089e0        0xc CMakeFiles/easycontroller_debug.dir/C_/Users/Owner/pico-sdk/src/rp2_common/pico_standard_binary_info/standard_binary_info.c.obj
 .rodata.__bi_34
                0x100089ec        0xc CMakeFiles/easycontroller_debug.dir/C_/Users/Owner/pico-sdk/src/rp2_common/pico_standard_binary_info/standard_binary_info.c.obj
 .rodata.__bi_26
                0x100089f8        0xc CMakeFiles/easycontroller_debug.dir/C_/Users/Owner/pico-sdk/src/rp2_common/pico_standard_binary_info/standard_binary_info.c.obj
 .rodata._ftoa.str1.4
                0x10008a04       0x15 CMakeFiles/easycontroller_debug.dir/C_/Users/Owner/pico-sdk/src/rp2_common/pico_printf/printf.c.obj
 .rodata._vsnprintf
                0x10008a04      0x19c CMakeFiles/easycontroller_debug.dir/C_/Users/Owner/pico-sdk/src/rp2_common/pico_printf/printf.c.obj
 .rodata.pow10.0
                0x10008ba0       0x50 CMakeFiles/easycontroller_debug.dir/C_/Users/Owner/pico-sdk/src/rp2_common/pico_printf/printf.c.obj
 .rodata.crlf_str.0
                0x10008bf0        0x2 CMakeFiles/easycontroller_debug.dir/C_/Users/Owner/pico-sdk/src/rp2_common/pico_stdio/stdio.c.obj
 *fill*         0x10008bf2        0x2 
 .rodata._resetd_driver
                0x10008bf4       0x20 CMakeFiles/easycontroller_debug.dir/C_/Users/Owner/pico-sdk/src/rp2_common/pico_stdio_usb/reset_interface.c.obj
 .rodata.desc_ms_os_20
                0x10008c14       0xa6 CMakeFiles/easycontroller_debug.dir/C_/Users/Owner/pico-sdk/src/rp2_common/pico_stdio_usb/reset_interface.c.obj
 *fill*         0x10008cba        0x2 
 .rodata.desc_bos
                0x10008cbc       0x21 CMakeFiles/easycontroller_debug.dir/C_/Users/Owner/pico-sdk/src/rp2_common/pico_stdio_usb/reset_interface.c.obj
                0x10008cbc                desc_bos
 .rodata.str1.4
                0x10008cdd       0x13 CMakeFiles/easycontroller_debug.dir/C_/Users/Owner/pico-sdk/src/rp2_common/pico_stdio_usb/stdio_usb.c.obj
 *fill*         0x10008cdd        0x3 
 .rodata.__bi_202.0
                0x10008ce0        0xc CMakeFiles/easycontroller_debug.dir/C_/Users/Owner/pico-sdk/src/rp2_common/pico_stdio_usb/stdio_usb.c.obj
 .rodata.str1.4
                0x10008cec       0x2a CMakeFiles/easycontroller_debug.dir/C_/Users/Owner/pico-sdk/src/rp2_common/pico_stdio_usb/stdio_usb_descriptors.c.obj
 .rodata.usbd_desc_str
                0x10008cec       0x18 CMakeFiles/easycontroller_debug.dir/C_/Users/Owner/pico-sdk/src/rp2_common/pico_stdio_usb/stdio_usb_descriptors.c.obj
 .rodata.usbd_desc_cfg
                0x10008d04       0x54 CMakeFiles/easycontroller_debug.dir/C_/Users/Owner/pico-sdk/src/rp2_common/pico_stdio_usb/stdio_usb_descriptors.c.obj
 .rodata.usbd_desc_device
                0x10008d58       0x12 CMakeFiles/easycontroller_debug.dir/C_/Users/Owner/pico-sdk/src/rp2_common/pico_stdio_usb/stdio_usb_descriptors.c.obj
 .rodata.str1.4
                0x10008d6a       0x14 CMakeFiles/easycontroller_debug.dir/C_/Users/Owner/pico-sdk/lib/tinyusb/src/portable/raspberrypi/rp2040/dcd_rp2040.c.obj
 .rodata.str1.4
                0x10008d6a       0x48 CMakeFiles/easycontroller_debug.dir/C_/Users/Owner/pico-sdk/lib/tinyusb/src/portable/raspberrypi/rp2040/rp2040_usb.c.obj
 *fill*         0x10008d6a        0x2 
 .rodata.tud_task_ext
                0x10008d6c       0x8c CMakeFiles/easycontroller_debug.dir/C_/Users/Owner/pico-sdk/lib/tinyusb/src/device/usbd.c.obj
 .rodata        0x10008df8       0x1c CMakeFiles/easycontroller_debug.dir/C_/Users/Owner/pico-sdk/lib/tinyusb/src/device/usbd.c.obj
 .rodata._usbd_driver
                0x10008e14       0x40 CMakeFiles/easycontroller_debug.dir/C_/Users/Owner/pico-sdk/lib/tinyusb/src/device/usbd.c.obj
 .rodata._ctype_
                0x10008e54      0x101 C:/PROGRA~2/ARMGNU~1/142BCE~1.3RE/bin/../lib/gcc/arm-none-eabi/14.3.1/../../../../arm-none-eabi/lib/thumb/v6-m/nofp\libg.a(libc_a-ctype_.o)
                0x10008e54                _ctype_
                0x10008f58                        . = ALIGN (0x4)
 *fill*         0x10008f55        0x3 
 *(SORT_BY_ALIGNMENT(SORT_BY_NAME(.flashdata*)))
                0x10008f58                        . = ALIGN (0x4)

.ARM.extab
 *(.ARM.extab* .gnu.linkonce.armextab.*)
                0x10008f58                        __exidx_start = .

.ARM.exidx
 *(.ARM.exidx* .gnu.linkonce.armexidx.*)
                0x10008f58                        __exidx_end = .
                0x10008f58                        . = ALIGN (0x4)
                0x10008f58                        __binary_info_start = .

.binary_info    0x10008f58       0x20
 *(.binary_info.keep.*)
 .binary_info.keep.__bi_ptr84
                0x10008f58        0x4 CMakeFiles/easycontroller_debug.dir/C_/Users/Owner/pico-sdk/src/rp2_common/pico_standard_binary_info/standard_binary_info.c.obj
 .binary_info.keep.__bi_ptr78
                0x10008f5c        0x4 CMakeFiles/easycontroller_debug.dir/C_/Users/Owner/pico-sdk/src/rp2_common/pico_standard_binary_info/standard_binary_info.c.obj
 .binary_info.keep.__bi_ptr54
                0x10008f60        0x4 CMakeFiles/easycontroller_debug.dir/C_/Users/Owner/pico-sdk/src/rp2_common/pico_standard_binary_info/standard_binary_info.c.obj
 .binary_info.keep.__bi_ptr48
                0x10008f64        0x4 CMakeFiles/easycontroller_debug.dir/C_/Users/Owner/pico-sdk/src/rp2_common/pico_standard_binary_info/standard_binary_info.c.obj
 .binary_info.keep.__bi_ptr42
                0x10008f68        0x4 CMakeFiles/easycontroller_debug.dir/C_/Users/Owner/pico-sdk/src/rp2_common/pico_standard_binary_info/standard_binary_info.c.obj
 .binary_info.keep.__bi_ptr34
                0x10008f6c        0x4 CMakeFiles/easycontroller_debug.dir/C_/Users/Owner/pico-sdk/src/rp2_common/pico_standard_binary_info/standard_binary_info.c.obj
 .binary_info.keep.__bi_ptr26
                0x10008f70        0x4 CMakeFiles/easycontroller_debug.dir/C_/Users/Owner/pico-sdk/src/rp2_common/pico_standard_binary_info/standard_binary_info.c.obj
 *(.binary_info.*)
 .binary_info.__bi_ptr202
                0x10008f74        0x4 CMakeFiles/easycontroller_debug.dir/C_/Users/Owner/pico-sdk/src/rp2_common/pico_stdio_usb/stdio_usb.c.obj
                0x10008f78                        __binary_info_end = .
                0x10008f78                        . = ALIGN (0x4)

.ram_vector_table
                0x20000000       0xc0
 *(.ram_vector_table)
 .ram_vector_table
                0x20000000       0xc0 CMakeFiles/easycontroller_debug.dir/C_/Users/Owner/pico-sdk/src/rp2_common/pico_runtime_init/runtime_init.c.obj
                0x20000000                ram_vector_table

.uninitialized_data
                0x200000c0        0x0
                0x200000c0                        . = ALIGN (0x4)
 *(.uninitialized_data*)

.data           0x200000c0     0x1208 load address 0x10008f78
                0x200000c0                        __data_start__ = .
 *(vtable)
 *(.time_critical*)
 .time_critical.mutex_try_enter
                0x200000c0       0x40 CMakeFiles/easycontroller_debug.dir/C_/Users/Owner/pico-sdk/src/common/pico_sync/mutex.c.obj
                0x200000c0                mutex_try_enter
 .time_critical.mutex_try_enter_block_until
                0x20000100       0x98 CMakeFiles/easycontroller_debug.dir/C_/Users/Owner/pico-sdk/src/common/pico_sync/mutex.c.obj
                0x20000100                mutex_try_enter_block_until
 .time_critical.mutex_enter_timeout_ms
                0x20000198       0x8c CMakeFiles/easycontroller_debug.dir/C_/Users/Owner/pico-sdk/src/common/pico_sync/mutex.c.obj
                0x20000198                mutex_enter_timeout_ms
 .time_critical.mutex_exit
                0x20000224       0x28 CMakeFiles/easycontroller_debug.dir/C_/Users/Owner/pico-sdk/src/common/pico_sync/mutex.c.obj
                0x20000224                mutex_exit
 .time_critical.flash_init_boot2_copyout
                0x2000024c       0x30 CMakeFiles/easycontroller_debug.dir/C_/Users/Owner/pico-sdk/src/rp2_common/hardware_flash/flash.c.obj
 .time_critical.flash_enable_xip_via_boot2
                0x2000027c        0xc CMakeFiles/easycontroller_debug.dir/C_/Users/Owner/pico-sdk/src/rp2_common/hardware_flash/flash.c.obj
 .time_critical.flash_save_hardware_state
                0x20000288       0x20 CMakeFiles/easycontroller_debug.dir/C_/Users/Owner/pico-sdk/src/rp2_common/hardware_flash/flash.c.obj
 .time_critical.flash_restore_hardware_state
                0x200002a8       0x20 CMakeFiles/easycontroller_debug.dir/C_/Users/Owner/pico-sdk/src/rp2_common/hardware_flash/flash.c.obj
 .time_critical.flash_cs_force
                0x200002c8       0x38 CMakeFiles/easycontroller_debug.dir/C_/Users/Owner/pico-sdk/src/rp2_common/hardware_flash/flash.c.obj
 .time_critical.flash_do_cmd
                0x20000300      0x13c CMakeFiles/easycontroller_debug.dir/C_/Users/Owner/pico-sdk/src/rp2_common/hardware_flash/flash.c.obj
                0x20000300                flash_do_cmd
 .time_critical.reset_non_control_endpoints
                0x2000043c       0x68 CMakeFiles/easycontroller_debug.dir/C_/Users/Owner/pico-sdk/lib/tinyusb/src/portable/raspberrypi/rp2040/dcd_rp2040.c.obj
 .time_critical.hw_handle_buff_status
                0x200004a4       0xa0 CMakeFiles/easycontroller_debug.dir/C_/Users/Owner/pico-sdk/lib/tinyusb/src/portable/raspberrypi/rp2040/dcd_rp2040.c.obj
 .time_critical.dcd_rp2040_irq
                0x20000544      0x548 CMakeFiles/easycontroller_debug.dir/C_/Users/Owner/pico-sdk/lib/tinyusb/src/portable/raspberrypi/rp2040/dcd_rp2040.c.obj
 .time_critical.prepare_ep_buffer
                0x20000a8c       0xc8 CMakeFiles/easycontroller_debug.dir/C_/Users/Owner/pico-sdk/lib/tinyusb/src/portable/raspberrypi/rp2040/rp2040_usb.c.obj
 .time_critical.sync_ep_buffer
                0x20000b54       0x9c CMakeFiles/easycontroller_debug.dir/C_/Users/Owner/pico-sdk/lib/tinyusb/src/portable/raspberrypi/rp2040/rp2040_usb.c.obj
 .time_critical._hw_endpoint_xfer_sync
                0x20000bf0       0x28 CMakeFiles/easycontroller_debug.dir/C_/Users/Owner/pico-sdk/lib/tinyusb/src/portable/raspberrypi/rp2040/rp2040_usb.c.obj
 .time_critical.e15_is_bulkin_ep
                0x20000c18       0x28 CMakeFiles/easycontroller_debug.dir/C_/Users/Owner/pico-sdk/lib/tinyusb/src/portable/raspberrypi/rp2040/rp2040_usb.c.obj
 .time_critical.e15_is_critical_frame_period
                0x20000c40       0x34 CMakeFiles/easycontroller_debug.dir/C_/Users/Owner/pico-sdk/lib/tinyusb/src/portable/raspberrypi/rp2040/rp2040_usb.c.obj
 .time_critical.hw_endpoint_reset_transfer
                0x20000c74        0xc CMakeFiles/easycontroller_debug.dir/C_/Users/Owner/pico-sdk/lib/tinyusb/src/portable/raspberrypi/rp2040/rp2040_usb.c.obj
                0x20000c74                hw_endpoint_reset_transfer
 .time_critical._hw_endpoint_buffer_control_update32
                0x20000c80       0x50 CMakeFiles/easycontroller_debug.dir/C_/Users/Owner/pico-sdk/lib/tinyusb/src/portable/raspberrypi/rp2040/rp2040_usb.c.obj
                0x20000c80                _hw_endpoint_buffer_control_update32
 .time_critical.hw_endpoint_start_next_buffer
                0x20000cd0       0x68 CMakeFiles/easycontroller_debug.dir/C_/Users/Owner/pico-sdk/lib/tinyusb/src/portable/raspberrypi/rp2040/rp2040_usb.c.obj
                0x20000cd0                hw_endpoint_start_next_buffer
 .time_critical.hw_endpoint_xfer_continue
                0x20000d38       0x40 CMakeFiles/easycontroller_debug.dir/C_/Users/Owner/pico-sdk/lib/tinyusb/src/portable/raspberrypi/rp2040/rp2040_usb.c.obj
                0x20000d38                hw_endpoint_xfer_continue
 .time_critical.tinyusb
                0x20000d78      0x1e4 CMakeFiles/easycontroller_debug.dir/C_/Users/Owner/pico-sdk/lib/tinyusb/src/device/usbd.c.obj
                0x20000d78                dcd_event_handler
 *(.text*)
 .text          0x20000f5c        0x4 C:/PROGRA~2/ARMGNU~1/142BCE~1.3RE/bin/../lib/gcc/arm-none-eabi/14.3.1/thumb/v6-m/nofp\libgcc.a(_dvmd_tls.o)
                0x20000f5c                __aeabi_idiv0
                0x20000f5c                __aeabi_ldiv0
 .text.__stub   0x20000f60       0x80 linker stubs
                0x20000fe0                        . = ALIGN (0x4)
 *(.rodata*)
                0x20000fe0                        . = ALIGN (0x4)
 *(.data*)
 .data.hallToMotor
                0x20000fe0        0x8 CMakeFiles/easycontroller_debug.dir/motor_user_config.c.obj
                0x20000fe0                hallToMotor
 .data.rpmtomph
                0x20000fe8        0x4 CMakeFiles/easycontroller_debug.dir/motor_user_config.c.obj
                0x20000fe8                rpmtomph
 .data.BATTERY_MAX_CURRENT_MA
                0x20000fec        0x4 CMakeFiles/easycontroller_debug.dir/motor_user_config.c.obj
                0x20000fec                BATTERY_MAX_CURRENT_MA
 .data.PHASE_MAX_CURRENT_MA
                0x20000ff0        0x4 CMakeFiles/easycontroller_debug.dir/motor_user_config.c.obj
                0x20000ff0                PHASE_MAX_CURRENT_MA
 .data.LAUNCH_DUTY_CYCLE
                0x20000ff4        0x4 CMakeFiles/easycontroller_debug.dir/motor_user_config.c.obj
                0x20000ff4                LAUNCH_DUTY_CYCLE
 .data.striped_spin_lock_num
                0x20000ff8        0x1 CMakeFiles/easycontroller_debug.dir/C_/Users/Owner/pico-sdk/src/rp2_common/hardware_sync/sync.c.obj
 *fill*         0x20000ff9        0x3 
 .data          0x20000ffc       0x48 CMakeFiles/easycontroller_debug.dir/C_/Users/Owner/pico-sdk/src/rp2_common/hardware_irq/irq_handler_chain.S.obj
                0x20000ffc                irq_handler_chain_slots
                0x2000102c                irq_handler_chain_first_slot
                0x20001036                irq_handler_chain_remove_tail
 .data.default_alarm_pool
                0x20001044       0x18 CMakeFiles/easycontroller_debug.dir/C_/Users/Owner/pico-sdk/src/common/pico_time/time.c.obj
 *fill*         0x2000105c        0x4 
 .data.aeabi_bits_funcs
                0x20001060       0x10 CMakeFiles/easycontroller_debug.dir/C_/Users/Owner/pico-sdk/src/rp2_common/pico_bit_ops/bit_ops_aeabi.S.obj
                0x20001060                aeabi_bits_funcs
                0x20001070                aeabi_bits_funcs_end
 .data.aeabi_mem_funcs
                0x20001070       0x10 CMakeFiles/easycontroller_debug.dir/C_/Users/Owner/pico-sdk/src/rp2_common/pico_mem_ops/mem_ops_aeabi.S.obj
                0x20001070                aeabi_mem_funcs
                0x20001080                aeabi_mem_funcs_end
 .data.stdio_usb
                0x20001080       0x18 CMakeFiles/easycontroller_debug.dir/C_/Users/Owner/pico-sdk/src/rp2_common/pico_stdio_usb/stdio_usb.c.obj
                0x20001080                stdio_usb
 .data._usbd_qdef
                0x20001098       0x1c CMakeFiles/easycontroller_debug.dir/C_/Users/Owner/pico-sdk/lib/tinyusb/src/device/usbd.c.obj
                0x20001098                _usbd_qdef
 .data._usbd_rhport
                0x200010b4        0x1 CMakeFiles/easycontroller_debug.dir/C_/Users/Owner/pico-sdk/lib/tinyusb/src/device/usbd.c.obj
 *fill*         0x200010b5        0x3 
 .data._impure_ptr
                0x200010b8        0x4 C:/PROGRA~2/ARMGNU~1/142BCE~1.3RE/bin/../lib/gcc/arm-none-eabi/14.3.1/../../../../arm-none-eabi/lib/thumb/v6-m/nofp\libg.a(libc_a-impure.o)
                0x200010b8                _impure_ptr
 *fill*         0x200010bc        0x4 
 .data._impure_data
                0x200010c0      0x200 C:/PROGRA~2/ARMGNU~1/142BCE~1.3RE/bin/../lib/gcc/arm-none-eabi/14.3.1/../../../../arm-none-eabi/lib/thumb/v6-m/nofp\libg.a(libc_a-impure.o)
                0x200010c0                _impure_data
                0x200012c0                        . = ALIGN (0x4)
 *(.after_data.*)
                0x200012c0                        . = ALIGN (0x4)
                0x200012c0                        PROVIDE (__mutex_array_start = .)
 *(SORT_BY_NAME(.mutex_array.*))
 *(.mutex_array)
 .mutex_array   0x200012c0        0x8 CMakeFiles/easycontroller_debug.dir/C_/Users/Owner/pico-sdk/src/rp2_common/pico_stdio/stdio.c.obj
                0x200012c8                        PROVIDE (__mutex_array_end = .)
                0x200012c8                        . = ALIGN (0x4)
 *(.jcr)
                0x200012c8                        . = ALIGN (0x4)

.tm_clone_table
                0x200012c8        0x0 load address 0x1000a180
 .tm_clone_table
                0x200012c8        0x0 C:/PROGRA~2/ARMGNU~1/142BCE~1.3RE/bin/../lib/gcc/arm-none-eabi/14.3.1/thumb/v6-m/nofp/crtbegin.o
 .tm_clone_table
                0x200012c8        0x0 C:/PROGRA~2/ARMGNU~1/142BCE~1.3RE/bin/../lib/gcc/arm-none-eabi/14.3.1/thumb/v6-m/nofp/crtend.o

.igot.plt       0x200012c8        0x0 load address 0x1000a180
 .igot.plt      0x200012c8        0x0 C:/PROGRA~2/ARMGNU~1/142BCE~1.3RE/bin/../lib/gcc/arm-none-eabi/14.3.1/thumb/v6-m/nofp/crtbegin.o

.tdata          0x200012c8        0x0 load address 0x1000a180
                0x200012c8                        . = ALIGN (0x4)
 *(.tdata .tdata.* .gnu.linkonce.td.*)
                0x200012c8                        __tdata_end = .
                0x200012c8                        PROVIDE (__data_end__ = .)
                0x10008f78                        __etext = LOADADDR (.data)

.tbss           0x200012c8        0x0 load address 0x1000a180
                0x200012c8                        . = ALIGN (0x4)
                0x200012c8                        __bss_start__ = .
                0x200012c8                        __tls_base = .
 *(.tbss .tbss.* .gnu.linkonce.tb.*)
 *(.tcommon)
                0x200012c8                        __tls_end = .

.bss            0x200012c8     0x10b0 load address 0x1000a180
                0x200012c8                        . = ALIGN (0x4)
                0x200012c8                        __tbss_end = .
 *(SORT_BY_ALIGNMENT(SORT_BY_NAME(.bss*)))
 .bss.default_alarm_pool_entries
                0x200012c8      0x180 CMakeFiles/easycontroller_debug.dir/C_/Users/Owner/pico-sdk/src/common/pico_time/time.c.obj
 .bss.last_avail_time.1
                0x20001448        0x8 CMakeFiles/easycontroller_debug.dir/C_/Users/Owner/pico-sdk/src/rp2_common/pico_stdio_usb/stdio_usb.c.obj
 .bss.rpm_time_end
                0x20001450        0x8 CMakeFiles/easycontroller_debug.dir/motor_state.c.obj
                0x20001450                rpm_time_end
 .bss.rpm_time_start
                0x20001458        0x8 CMakeFiles/easycontroller_debug.dir/motor_state.c.obj
                0x20001458                rpm_time_start
 .bss.sd_table  0x20001460      0x100 CMakeFiles/easycontroller_debug.dir/C_/Users/Owner/pico-sdk/src/rp2_common/pico_double/double_init_rom_rp2040.c.obj
                0x20001460                sd_table